<html>
<body>
<pre>
<h1>µVision Build Log</h1>
<h2>Tool Versions:</h2>
IDE-Version: ¦ÌVision V5.25.2.0
Copyright (C) 2018 ARM Ltd and ARM Germany GmbH. All rights reserved.
License Information: YANG YANG, YANG, LIC=FQQ9U-S7PEB-LT43E-5PVSG-9IMFQ-E750V
 
Tool Versions:
Toolchain:       MDK-ARM Professional  Version: 5.25.2.0
Toolchain Path:  D:\Keil_v5\ARM\ARMCC\Bin
C Compiler:      Armcc.exe V5.06 update 6 (build 750)
Assembler:       Armasm.exe V5.06 update 6 (build 750)
Linker/Locator:  ArmLink.exe V5.06 update 6 (build 750)
Library Manager: ArmAr.exe V5.06 update 6 (build 750)
Hex Converter:   FromElf.exe V5.06 update 6 (build 750)
CPU DLL:         SARMCM3.DLL V5.25.2.0
Dialog DLL:      DCM.DLL V1.17.1.0
Target DLL:      STLink\ST-LINKIII-KEIL_SWO.dll V3.0.1.0
Dialog DLL:      TCM.DLL V1.35.1.0
 
<h2>Project:</h2>
I:\GIT\MP_STM32\Demo\Demo\MDK-ARM\Demo.uvprojx
Project File Date:  10/18/2018

<h2>Output:</h2>
*** Using Compiler 'V5.06 update 6 (build 750)', folder: 'D:\Keil_v5\ARM\ARMCC\Bin'
Rebuild target 'Demo'
Clean started - Project: 'Demo'
   deleting intermediate output files for target 'Demo'
assembling startup_stm32f407xx.s...
compiling sram.c...
compiling sys.c...
compiling delay.c...
compiling malloc.c...
compiling lcd.c...
compiling main.c...
compiling gpio.c...
compiling bsp_driver_sd.c...
compiling sd_diskio.c...
compiling fatfs.c...
compiling freertos.c...
compiling fsmc.c...
compiling sdio.c...
compiling usart.c...
compiling stm32f4xx_it.c...
compiling stm32f4xx_hal_msp.c...
compiling stm32f4xx_hal_timebase_TIM.c...
compiling system_stm32f4xx.c...
compiling stm32f4xx_ll_fsmc.c...
compiling stm32f4xx_hal_sram.c...
compiling stm32f4xx_ll_sdmmc.c...
compiling stm32f4xx_hal_sd.c...
compiling stm32f4xx_hal_tim.c...
compiling stm32f4xx_hal_tim_ex.c...
compiling stm32f4xx_hal_uart.c...
compiling stm32f4xx_hal_rcc.c...
compiling stm32f4xx_hal_rcc_ex.c...
compiling stm32f4xx_hal_flash.c...
compiling stm32f4xx_hal_flash_ex.c...
compiling stm32f4xx_hal_flash_ramfunc.c...
compiling stm32f4xx_hal_gpio.c...
compiling stm32f4xx_hal_dma_ex.c...
compiling stm32f4xx_hal_dma.c...
compiling stm32f4xx_hal_pwr.c...
compiling stm32f4xx_hal_pwr_ex.c...
compiling stm32f4xx_hal_cortex.c...
compiling stm32f4xx_hal.c...
compiling heap_4.c...
compiling port.c...
compiling croutine.c...
compiling event_groups.c...
compiling list.c...
compiling queue.c...
compiling tasks.c...
compiling timers.c...
compiling cmsis_os.c...
compiling syscall.c...
compiling diskio.c...
compiling ff.c...
compiling ff_gen_drv.c...
linking...
Program Size: Code=29024 RO-data=18748 RW-data=160 ZI-data=1130080  
"Demo\Demo.axf" - 0 Error(s), 0 Warning(s).

*** Performing Cross-Module-Optimization:
compiling sram.c...
compiling sys.c...
compiling delay.c...
compiling malloc.c...
compiling lcd.c...
compiling main.c...
compiling gpio.c...
compiling bsp_driver_sd.c...
compiling sd_diskio.c...
compiling fatfs.c...
compiling freertos.c...
compiling fsmc.c...
compiling sdio.c...
compiling usart.c...
compiling stm32f4xx_it.c...
compiling stm32f4xx_hal_msp.c...
compiling stm32f4xx_hal_timebase_TIM.c...
compiling system_stm32f4xx.c...
compiling stm32f4xx_ll_fsmc.c...
compiling stm32f4xx_hal_sram.c...
compiling stm32f4xx_ll_sdmmc.c...
compiling stm32f4xx_hal_sd.c...
compiling stm32f4xx_hal_tim.c...
compiling stm32f4xx_hal_tim_ex.c...
compiling stm32f4xx_hal_uart.c...
compiling stm32f4xx_hal_rcc.c...
compiling stm32f4xx_hal_rcc_ex.c...
compiling stm32f4xx_hal_flash.c...
compiling stm32f4xx_hal_flash_ex.c...
compiling stm32f4xx_hal_flash_ramfunc.c...
compiling stm32f4xx_hal_gpio.c...
compiling stm32f4xx_hal_dma_ex.c...
compiling stm32f4xx_hal_dma.c...
compiling stm32f4xx_hal_pwr.c...
compiling stm32f4xx_hal_pwr_ex.c...
compiling stm32f4xx_hal_cortex.c...
compiling stm32f4xx_hal.c...
compiling heap_4.c...
compiling port.c...
compiling croutine.c...
compiling event_groups.c...
compiling list.c...
compiling queue.c...
compiling tasks.c...
compiling timers.c...
compiling cmsis_os.c...
compiling syscall.c...
compiling diskio.c...
compiling ff.c...
compiling ff_gen_drv.c...
linking...
Program Size: Code=29024 RO-data=18748 RW-data=160 ZI-data=1130080  
FromELF: creating hex file...
"Demo\Demo.axf" - 0 Error(s), 0 Warning(s).
*** Completed Cross-Module-Optimization after 2 iteration(s).

<h2>Software Packages used:</h2>

Package Vendor: ARM
                http://www.keil.com/pack/ARM.CMSIS.5.3.0.pack
                ARM.CMSIS.5.3.0
                CMSIS (Cortex Microcontroller Software Interface Standard)
   * Component: CORE Version: 5.1.1

Package Vendor: Keil
                http://www.keil.com/pack/Keil.STM32F4xx_DFP.2.13.0.pack
                Keil.STM32F4xx_DFP.2.13.0
                STMicroelectronics STM32F4 Series Device Support, Drivers and Examples

<h2>Collection of Component include folders:</h2>
  .\RTE\_Demo
  D:\Keil_v5\ARM\PACK\ARM\CMSIS\5.3.0\CMSIS\Include
  D:\Keil_v5\ARM\PACK\Keil\STM32F4xx_DFP\2.13.0\Drivers\CMSIS\Device\ST\STM32F4xx\Include

<h2>Collection of Component Files used:</h2>

   * Component: ARM::CMSIS:CORE:5.1.1
Build Time Elapsed:  00:05:15
</pre>
</body>
</html>
