Component: ARM Compiler 5.06 update 6 (build 750) Tool: armlink [4d35ed]

==============================================================================

Section Cross References

    startup_stm32f407xx.o(RESET) refers to startup_stm32f407xx.o(STACK) for __initial_sp
    startup_stm32f407xx.o(RESET) refers to startup_stm32f407xx.o(.text) for Reset_Handler
    startup_stm32f407xx.o(RESET) refers to stm32f4xx_it.o(i.NMI_Handler) for NMI_Handler
    startup_stm32f407xx.o(RESET) refers to stm32f4xx_it.o(i.HardFault_Handler) for HardFault_Handler
    startup_stm32f407xx.o(RESET) refers to stm32f4xx_it.o(i.MemManage_Handler) for MemManage_Handler
    startup_stm32f407xx.o(RESET) refers to stm32f4xx_it.o(i.BusFault_Handler) for BusFault_Handler
    startup_stm32f407xx.o(RESET) refers to stm32f4xx_it.o(i.UsageFault_Handler) for UsageFault_Handler
    startup_stm32f407xx.o(RESET) refers to port.o(.emb_text) for SVC_Handler
    startup_stm32f407xx.o(RESET) refers to stm32f4xx_it.o(i.DebugMon_Handler) for DebugMon_Handler
    startup_stm32f407xx.o(RESET) refers to stm32f4xx_it.o(i.SysTick_Handler) for SysTick_Handler
    startup_stm32f407xx.o(RESET) refers to stm32f4xx_it.o(i.USART1_IRQHandler) for USART1_IRQHandler
    startup_stm32f407xx.o(RESET) refers to stm32f4xx_it.o(i.TIM7_IRQHandler) for TIM7_IRQHandler
    startup_stm32f407xx.o(.text) refers to system_stm32f4xx.o(i.SystemInit) for SystemInit
    startup_stm32f407xx.o(.text) refers to entry.o(.ARM.Collect$$$$00000000) for __main
    sram.o(i.FSMC_SRAM_Init) refers to stm32f4xx_hal_sram.o(i.HAL_SRAM_Init) for HAL_SRAM_Init
    sram.o(i.FSMC_SRAM_Init) refers to main.o(i._Error_Handler) for _Error_Handler
    sys.o(i.Stm32_Clock_Init) refers to stm32f4xx_hal_rcc.o(i.HAL_RCC_OscConfig) for HAL_RCC_OscConfig
    sys.o(i.Stm32_Clock_Init) refers to stm32f4xx_hal_rcc.o(i.HAL_RCC_ClockConfig) for HAL_RCC_ClockConfig
    sys.o(i.Stm32_Clock_Init) refers to stm32f4xx_hal.o(i.HAL_GetREVID) for HAL_GetREVID
    delay.o(i.delay_ms) refers to delay.o(i.delay_us) for delay_us
    delay.o(i.delay_us) refers to delay.o(.data) for .data
    delay.o(i.delay_xms) refers to tasks.o(i.xTaskGetSchedulerState) for xTaskGetSchedulerState
    delay.o(i.delay_xms) refers to tasks.o(i.vTaskDelay) for vTaskDelay
    delay.o(i.delay_xms) refers to delay.o(i.delay_us) for delay_us
    delay.o(i.delay_xms) refers to delay.o(.data) for .data
    malloc.o(i.my_mem_free) refers to malloc.o(.data) for .data
    malloc.o(i.my_mem_free) refers to malloc.o(.constdata) for .constdata
    malloc.o(i.my_mem_init) refers to malloc.o(i.mymemset) for mymemset
    malloc.o(i.my_mem_init) refers to malloc.o(.constdata) for .constdata
    malloc.o(i.my_mem_init) refers to malloc.o(.data) for .data
    malloc.o(i.my_mem_malloc) refers to malloc.o(.data) for .data
    malloc.o(i.my_mem_malloc) refers to malloc.o(.constdata) for .constdata
    malloc.o(i.my_mem_perused) refers to malloc.o(.constdata) for .constdata
    malloc.o(i.my_mem_perused) refers to malloc.o(.data) for .data
    malloc.o(i.myfree) refers to malloc.o(i.my_mem_free) for my_mem_free
    malloc.o(i.myfree) refers to malloc.o(.data) for .data
    malloc.o(i.mymalloc) refers to malloc.o(i.my_mem_malloc) for my_mem_malloc
    malloc.o(i.mymalloc) refers to malloc.o(.data) for .data
    malloc.o(i.myrealloc) refers to malloc.o(i.my_mem_malloc) for my_mem_malloc
    malloc.o(i.myrealloc) refers to malloc.o(i.mymemcpy) for mymemcpy
    malloc.o(i.myrealloc) refers to malloc.o(i.myfree) for myfree
    malloc.o(i.myrealloc) refers to malloc.o(.data) for .data
    malloc.o(.data) refers to malloc.o(i.my_mem_init) for my_mem_init
    malloc.o(.data) refers to malloc.o(i.my_mem_perused) for my_mem_perused
    malloc.o(.data) refers to malloc.o(.bss) for mem1base
    malloc.o(.data) refers to malloc.o(.ARM.__AT_0x68000000) for mem2base
    malloc.o(.data) refers to malloc.o(.ARM.__AT_0x10000000) for mem3base
    malloc.o(.data) refers to malloc.o(.bss) for mem1mapbase
    malloc.o(.data) refers to malloc.o(.ARM.__AT_0x680F0000) for mem2mapbase
    malloc.o(.data) refers to malloc.o(.ARM.__AT_0x1000F000) for mem3mapbase
    lcd.o(i.LCD_Clear) refers to lcd.o(i.LCD_SetCursor) for LCD_SetCursor
    lcd.o(i.LCD_Clear) refers to lcd.o(i.LCD_WriteRAM_Prepare) for LCD_WriteRAM_Prepare
    lcd.o(i.LCD_Clear) refers to lcd.o(.bss) for .bss
    lcd.o(i.LCD_Color_Fill) refers to lcd.o(i.LCD_SetCursor) for LCD_SetCursor
    lcd.o(i.LCD_Color_Fill) refers to lcd.o(i.LCD_WriteRAM_Prepare) for LCD_WriteRAM_Prepare
    lcd.o(i.LCD_DisplayOff) refers to lcd.o(i.LCD_WR_REG) for LCD_WR_REG
    lcd.o(i.LCD_DisplayOff) refers to lcd.o(.bss) for .bss
    lcd.o(i.LCD_DisplayOn) refers to lcd.o(i.LCD_WR_REG) for LCD_WR_REG
    lcd.o(i.LCD_DisplayOn) refers to lcd.o(.bss) for .bss
    lcd.o(i.LCD_Display_Dir) refers to lcd.o(i.LCD_Scan_Dir) for LCD_Scan_Dir
    lcd.o(i.LCD_Display_Dir) refers to lcd.o(.bss) for .bss
[...]
    i.osKernelSysTick                        0x08005e72   Section        0  cmsis_os.o(i.osKernelSysTick)
    i.osMessageCreate                        0x08005e8a   Section        0  cmsis_os.o(i.osMessageCreate)
    i.osMessageGet                           0x08005e94   Section        0  cmsis_os.o(i.osMessageGet)
    i.osMessagePut                           0x08005f2c   Section        0  cmsis_os.o(i.osMessagePut)
    i.osSystickHandler                       0x08005f88   Section        0  cmsis_os.o(i.osSystickHandler)
    i.osThreadCreate                         0x08005f9c   Section        0  cmsis_os.o(i.osThreadCreate)
    i.prvAddCurrentTaskToDelayedList         0x08005fcc   Section        0  tasks.o(i.prvAddCurrentTaskToDelayedList)
    prvAddCurrentTaskToDelayedList           0x08005fcd   Thumb Code   102  tasks.o(i.prvAddCurrentTaskToDelayedList)
    i.prvAddNewTaskToReadyList               0x0800603c   Section        0  tasks.o(i.prvAddNewTaskToReadyList)
    prvAddNewTaskToReadyList                 0x0800603d   Thumb Code   190  tasks.o(i.prvAddNewTaskToReadyList)
    i.prvCheckTasksWaitingTermination        0x0800610c   Section        0  tasks.o(i.prvCheckTasksWaitingTermination)
    prvCheckTasksWaitingTermination          0x0800610d   Thumb Code    70  tasks.o(i.prvCheckTasksWaitingTermination)
    i.prvCopyDataFromQueue                   0x0800615c   Section        0  queue.o(i.prvCopyDataFromQueue)
    prvCopyDataFromQueue                     0x0800615d   Thumb Code    38  queue.o(i.prvCopyDataFromQueue)
    i.prvCopyDataToQueue                     0x08006182   Section        0  queue.o(i.prvCopyDataToQueue)
    prvCopyDataToQueue                       0x08006183   Thumb Code   108  queue.o(i.prvCopyDataToQueue)
    i.prvDeleteTCB                           0x080061ee   Section        0  tasks.o(i.prvDeleteTCB)
    prvDeleteTCB                             0x080061ef   Thumb Code    20  tasks.o(i.prvDeleteTCB)
    i.prvHeapInit                            0x08006204   Section        0  heap_4.o(i.prvHeapInit)
    prvHeapInit                              0x08006205   Thumb Code    66  heap_4.o(i.prvHeapInit)
    i.prvIdleTask                            0x08006250   Section        0  tasks.o(i.prvIdleTask)
    prvIdleTask                              0x08006251   Thumb Code    30  tasks.o(i.prvIdleTask)
    i.prvInitialiseNewTask                   0x08006278   Section        0  tasks.o(i.prvInitialiseNewTask)
    prvInitialiseNewTask                     0x08006279   Thumb Code   142  tasks.o(i.prvInitialiseNewTask)
    i.prvInsertBlockIntoFreeList             0x08006308   Section        0  heap_4.o(i.prvInsertBlockIntoFreeList)
    prvInsertBlockIntoFreeList               0x08006309   Thumb Code    72  heap_4.o(i.prvInsertBlockIntoFreeList)
    i.prvIsQueueEmpty                        0x08006354   Section        0  queue.o(i.prvIsQueueEmpty)
    prvIsQueueEmpty                          0x08006355   Thumb Code    28  queue.o(i.prvIsQueueEmpty)
    i.prvResetNextTaskUnblockTime            0x08006370   Section        0  tasks.o(i.prvResetNextTaskUnblockTime)
    prvResetNextTaskUnblockTime              0x08006371   Thumb Code    26  tasks.o(i.prvResetNextTaskUnblockTime)
    i.prvTaskExitError                       0x08006390   Section        0  port.o(i.prvTaskExitError)
    prvTaskExitError                         0x08006391   Thumb Code    36  port.o(i.prvTaskExitError)
    i.prvUnlockQueue                         0x080063b8   Section        0  queue.o(i.prvUnlockQueue)
    prvUnlockQueue                           0x080063b9   Thumb Code   106  queue.o(i.prvUnlockQueue)
    i.pvPortMalloc                           0x08006424   Section        0  heap_4.o(i.pvPortMalloc)
    i.pvTaskIncrementMutexHeldCount          0x080064fc   Section        0  tasks.o(i.pvTaskIncrementMutexHeldCount)
    i.pxPortInitialiseStack                  0x08006514   Section        0  port.o(i.pxPortInitialiseStack)
    i.start_task                             0x08006540   Section        0  main.o(i.start_task)
    i.uxListRemove                           0x0800658c   Section        0  list.o(i.uxListRemove)
    i.vListInitialise                        0x080065b0   Section        0  list.o(i.vListInitialise)
    i.vListInitialiseItem                    0x080065c6   Section        0  list.o(i.vListInitialiseItem)
    i.vListInsert                            0x080065cc   Section        0  list.o(i.vListInsert)
    i.vListInsertEnd                         0x080065fc   Section        0  list.o(i.vListInsertEnd)
    i.vPortEnterCritical                     0x08006614   Section        0  port.o(i.vPortEnterCritical)
    i.vPortExitCritical                      0x08006654   Section        0  port.o(i.vPortExitCritical)
    i.vPortFree                              0x0800667c   Section        0  heap_4.o(i.vPortFree)
    i.vPortSetupTimerInterrupt               0x080066d8   Section        0  port.o(i.vPortSetupTimerInterrupt)
    i.vPortValidateInterruptPriority         0x080066f8   Section        0  port.o(i.vPortValidateInterruptPriority)
    i.vTaskDelay                             0x0800674c   Section        0  tasks.o(i.vTaskDelay)
    i.vTaskMissedYield                       0x08006798   Section        0  tasks.o(i.vTaskMissedYield)
    i.vTaskPlaceOnEventList                  0x080067a4   Section        0  tasks.o(i.vTaskPlaceOnEventList)
    i.vTaskPriorityInherit                   0x080067d4   Section        0  tasks.o(i.vTaskPriorityInherit)
    i.vTaskSetTimeOutState                   0x08006858   Section        0  tasks.o(i.vTaskSetTimeOutState)
    i.vTaskStartScheduler                    0x0800687c   Section        0  tasks.o(i.vTaskStartScheduler)
    i.vTaskSuspendAll                        0x080068e4   Section        0  tasks.o(i.vTaskSuspendAll)
    i.vTaskSwitchContext                     0x080068f4   Section        0  tasks.o(i.vTaskSwitchContext)
    i.xPortStartScheduler                    0x08006950   Section        0  port.o(i.xPortStartScheduler)
    i.xPortSysTickHandler                    0x08006a30   Section        0  port.o(i.xPortSysTickHandler)
    i.xQueueGenericCreate                    0x08006a5c   Section        0  queue.o(i.xQueueGenericCreate)
    i.xQueueGenericReceive                   0x08006aa4   Section        0  queue.o(i.xQueueGenericReceive)
    i.xQueueGenericReset                     0x08006c10   Section        0  queue.o(i.xQueueGenericReset)
    i.xQueueGenericSend                      0x08006c98   Section        0  queue.o(i.xQueueGenericSend)
    i.xQueueGenericSendFromISR               0x08006df8   Section        0  queue.o(i.xQueueGenericSendFromISR)
    i.xQueueReceiveFromISR                   0x08006eb4   Section        0  queue.o(i.xQueueReceiveFromISR)
    i.xTaskCheckForTimeOut                   0x08006f50   Section        0  tasks.o(i.xTaskCheckForTimeOut)
    i.xTaskCreate                            0x08006fbc   Section        0  tasks.o(i.xTaskCreate)
    i.xTaskGetSchedulerState                 0x08007014   Section        0  tasks.o(i.xTaskGetSchedulerState)
    i.xTaskGetTickCount                      0x08007030   Section        0  tasks.o(i.xTaskGetTickCount)
    i.xTaskGetTickCountFromISR               0x0800703c   Section        0  tasks.o(i.xTaskGetTickCountFromISR)
    i.xTaskIncrementTick                     0x0800704c   Section        0  tasks.o(i.xTaskIncrementTick)
    i.xTaskPriorityDisinherit                0x08007114   Section        0  tasks.o(i.xTaskPriorityDisinherit)
    i.xTaskRemoveFromEventList               0x080071ac   Section        0  tasks.o(i.xTaskRemoveFromEventList)
    i.xTaskResumeAll                         0x08007224   Section        0  tasks.o(i.xTaskResumeAll)
    .constdata                               0x080072e8   Section    18240  lcd.o(.constdata)
    .constdata                               0x0800ba28   Section       20  sd_diskio.o(.constdata)
    .constdata                               0x0800ba3c   Section        8  sd_diskio.o(.constdata)
    .constdata                               0x0800ba44   Section       20  freertos.o(.constdata)
    .constdata                               0x0800ba58   Section       16  system_stm32f4xx.o(.constdata)
    .constdata                               0x0800ba68   Section        8  system_stm32f4xx.o(.constdata)
    .conststring                             0x0800ba70   Section       12  freertos.o(.conststring)
    .ARM.__AT_0x10000000                     0x10000000   Section    61440  malloc.o(.ARM.__AT_0x10000000)
    .ARM.__AT_0x1000F000                     0x1000f000   Section     3840  malloc.o(.ARM.__AT_0x1000F000)
    .data                                    0x20000000   Section        4  delay.o(.data)
    fac_us                                   0x20000000   Data           1  delay.o(.data)
    fac_ms                                   0x20000002   Data           2  delay.o(.data)
    .data                                    0x20000004   Section        8  lcd.o(.data)
    .data                                    0x2000000c   Section        4  main.o(.data)
    .data                                    0x20000010   Section        8  sd_diskio.o(.data)
    Stat                                     0x20000010   Data           1  sd_diskio.o(.data)
    SDQueueID                                0x20000014   Data           4  sd_diskio.o(.data)
    .data                                    0x20000018   Section        5  fatfs.o(.data)
    .data                                    0x20000020   Section        4  freertos.o(.data)
    .data                                    0x20000024   Section        8  fsmc.o(.data)
    FSMC_Initialized                         0x20000024   Data           4  fsmc.o(.data)
    FSMC_DeInitialized                       0x20000028   Data           4  fsmc.o(.data)
    .data                                    0x2000002c   Section        4  system_stm32f4xx.o(.data)
    .data                                    0x20000030   Section       12  stm32f4xx_hal.o(.data)
    .data                                    0x2000003c   Section       24  heap_4.o(.data)
    pxEnd                                    0x2000003c   Data           4  heap_4.o(.data)
    xFreeBytesRemaining                      0x20000040   Data           4  heap_4.o(.data)
    xMinimumEverFreeBytesRemaining           0x20000044   Data           4  heap_4.o(.data)
    xBlockAllocatedBit                       0x20000048   Data           4  heap_4.o(.data)
    xStart                                   0x2000004c   Data           8  heap_4.o(.data)
    .data                                    0x20000054   Section       12  port.o(.data)
    ucMaxSysCallPriority                     0x20000054   Data           1  port.o(.data)
    uxCriticalNesting                        0x20000058   Data           4  port.o(.data)
    ulMaxPRIGROUPValue                       0x2000005c   Data           4  port.o(.data)
    .data                                    0x20000060   Section       60  tasks.o(.data)
    uxDeletedTasksWaitingCleanUp             0x20000064   Data           4  tasks.o(.data)
    uxCurrentNumberOfTasks                   0x20000068   Data           4  tasks.o(.data)
    xTickCount                               0x2000006c   Data           4  tasks.o(.data)
    uxTopReadyPriority                       0x20000070   Data           4  tasks.o(.data)
    xSchedulerRunning                        0x20000074   Data           4  tasks.o(.data)
    uxPendedTicks                            0x20000078   Data           4  tasks.o(.data)
    xYieldPending                            0x2000007c   Data           4  tasks.o(.data)
    xNumOfOverflows                          0x20000080   Data           4  tasks.o(.data)
    uxTaskNumber                             0x20000084   Data           4  tasks.o(.data)
    xNextTaskUnblockTime                     0x20000088   Data           4  tasks.o(.data)
    xIdleTaskHandle                          0x2000008c   Data           4  tasks.o(.data)
    uxSchedulerSuspended                     0x20000090   Data           4  tasks.o(.data)
    pxDelayedTaskList                        0x20000094   Data           4  tasks.o(.data)
    pxOverflowDelayedTaskList                0x20000098   Data           4  tasks.o(.data)
    .data                                    0x2000009c   Section        4  stdout.o(.data)
    .bss                                     0x200000a0   Section       94  lcd.o(.bss)
    .bss                                     0x20000100   Section       80  fsmc.o(.bss)
    .bss                                     0x20000150   Section      132  sdio.o(.bss)
    .bss                                     0x200001d4   Section       64  usart.o(.bss)
    .bss                                     0x20000214   Section       60  stm32f4xx_hal_timebase_tim.o(.bss)
    .bss                                     0x20000250   Section    15360  heap_4.o(.bss)
    ucHeap                                   0x20000250   Data       15360  heap_4.o(.bss)
    .bss                                     0x20003e50   Section      420  tasks.o(.bss)
    pxReadyTasksLists                        0x20003e50   Data         320  tasks.o(.bss)
    xDelayedTaskList1                        0x20003f90   Data          20  tasks.o(.bss)
    xDelayedTaskList2                        0x20003fa4   Data          20  tasks.o(.bss)
    xPendingReadyList                        0x20003fb8   Data          20  tasks.o(.bss)
    xTasksWaitingTermination                 0x20003fcc   Data          20  tasks.o(.bss)
    xSuspendedTaskList                       0x20003fe0   Data          20  tasks.o(.bss)
    .bss                                     0x20003ff4   Section       12  ff_gen_drv.o(.bss)
    STACK                                    0x20004000   Section     4096  startup_stm32f407xx.o(STACK)
    .ARM.__AT_0x68000000                     0x68000000   Section    983040  malloc.o(.ARM.__AT_0x68000000)
    .ARM.__AT_0x680F0000                     0x680f0000   Section    61440  malloc.o(.ARM.__AT_0x680F0000)

    Global Symbols

    Symbol Name                              Value     Ov Type        Size  Object(Section)

    BuildAttributes$$THM_ISAv4$E$P$D$K$B$S$7EM$VFPi3$EXTD16$VFPS$VFMA$PE$A:L22UL41UL21$X:L11$S22US41US21$IEEE1$IW$USESV6$~STKCKD$USESV7$~SHL$OSPACE$ROPI$EBA8$MICROLIB$REQ8$PRES8$EABIv2 0x00000000   Number         0  anon$$obj.o ABSOLUTE
    __ARM_use_no_argv                        0x00000000   Number         0  main.o ABSOLUTE
    _printf_a                                0x00000000   Number         0  stubs.o ABSOLUTE
    _printf_c                                0x00000000   Number         0  stubs.o ABSOLUTE
    _printf_charcount                        0x00000000   Number         0  stubs.o ABSOLUTE
    _printf_d                                0x00000000   Number         0  stubs.o ABSOLUTE
    _printf_e                                0x00000000   Number         0  stubs.o ABSOLUTE
    _printf_f                                0x00000000   Number         0  stubs.o ABSOLUTE
    _printf_flags                            0x00000000   Number         0  stubs.o ABSOLUTE
    _printf_fp_dec                           0x00000000   Number         0  stubs.o ABSOLUTE
    _printf_fp_hex                           0x00000000   Number         0  stubs.o ABSOLUTE
    _printf_g                                0x00000000   Number         0  stubs.o ABSOLUTE
    _printf_i                                0x00000000   Number         0  stubs.o ABSOLUTE
    _printf_int_dec                          0x00000000   Number         0  stubs.o ABSOLUTE
    _printf_l                                0x00000000   Number         0  stubs.o ABSOLUTE
    _printf_lc                               0x00000000   Number         0  stubs.o ABSOLUTE
    _printf_ll                               0x00000000   Number         0  stubs.o ABSOLUTE
    _printf_lld                              0x00000000   Number         0  stubs.o ABSOLUTE
    _printf_lli                              0x00000000   Number         0  stubs.o ABSOLUTE
    _printf_llo                              0x00000000   Number         0  stubs.o ABSOLUTE
    _printf_llu                              0x00000000   Number         0  stubs.o ABSOLUTE
    _printf_llx                              0x00000000   Number         0  stubs.o ABSOLUTE
    _printf_longlong_dec                     0x00000000   Number         0  stubs.o ABSOLUTE
    _printf_longlong_hex                     0x00000000   Number         0  stubs.o ABSOLUTE
    _printf_longlong_oct                     0x00000000   Number         0  stubs.o ABSOLUTE
    _printf_ls                               0x00000000   Number         0  stubs.o ABSOLUTE
    _printf_mbtowc                           0x00000000   Number         0  stubs.o ABSOLUTE
    _printf_n                                0x00000000   Number         0  stubs.o ABSOLUTE
    _printf_o                                0x00000000   Number         0  stubs.o ABSOLUTE
    _printf_p                                0x00000000   Number         0  stubs.o ABSOLUTE
    _printf_percent                          0x00000000   Number         0  stubs.o ABSOLUTE
    _printf_pre_padding                      0x00000000   Number         0  stubs.o ABSOLUTE
    _printf_return_value                     0x00000000   Number         0  stubs.o ABSOLUTE
    _printf_s                                0x00000000   Number         0  stubs.o ABSOLUTE
    _printf_sizespec                         0x00000000   Number         0  stubs.o ABSOLUTE
    _printf_str                              0x00000000   Number         0  stubs.o ABSOLUTE
    _printf_truncate_signed                  0x00000000   Number         0  stubs.o ABSOLUTE
    _printf_truncate_unsigned                0x00000000   Number         0  stubs.o ABSOLUTE
    _printf_u                                0x00000000   Number         0  stubs.o ABSOLUTE
    _printf_wc                               0x00000000   Number         0  stubs.o ABSOLUTE
    _printf_wctomb                           0x00000000   Number         0  stubs.o ABSOLUTE
    _printf_widthprec                        0x00000000   Number         0  stubs.o ABSOLUTE
    _printf_x                                0x00000000   Number         0  stubs.o ABSOLUTE
    __cpp_initialize__aeabi_                  - Undefined Weak Reference
    __cxa_finalize                            - Undefined Weak Reference
    __decompress                              - Undefined Weak Reference
    _clock_init                               - Undefined Weak Reference
    _microlib_exit                            - Undefined Weak Reference
    __Vectors_Size                           0x00000188   Number         0  startup_stm32f407xx.o ABSOLUTE
    __Vectors                                0x08000000   Data           4  startup_stm32f407xx.o(RESET)
    __Vectors_End                            0x08000188   Data           0  startup_stm32f407xx.o(RESET)
    __main                                   0x08000189   Thumb Code     0  entry.o(.ARM.Collect$$$$00000000)
    _main_stk                                0x08000189   Thumb Code     0  entry2.o(.ARM.Collect$$$$00000001)
    _main_scatterload                        0x0800018d   Thumb Code     0  entry5.o(.ARM.Collect$$$$00000004)
    __main_after_scatterload                 0x08000191   Thumb Code     0  entry5.o(.ARM.Collect$$$$00000004)
    _main_clock                              0x08000191   Thumb Code     0  entry7b.o(.ARM.Collect$$$$00000008)
    _main_cpp_init                           0x08000191   Thumb Code     0  entry8b.o(.ARM.Collect$$$$0000000A)
    _main_init                               0x08000191   Thumb Code     0  entry9a.o(.ARM.Collect$$$$0000000B)
    __rt_final_cpp                           0x08000199   Thumb Code     0  entry10a.o(.ARM.Collect$$$$0000000D)
    __rt_final_exit                          0x08000199   Thumb Code     0  entry11a.o(.ARM.Collect$$$$0000000F)
    SVC_Handler                              0x0800019d   Thumb Code    28  port.o(.emb_text)
    __asm___6_port_c_39a90d8d__prvStartFirstTask 0x080001bd   Thumb Code    28  port.o(.emb_text)
    __asm___6_port_c_39a90d8d__prvEnableVFP  0x080001dd   Thumb Code    16  port.o(.emb_text)
    PendSV_Handler                           0x080001f1   Thumb Code    92  port.o(.emb_text)
    vPortGetIPSR                             0x08000251   Thumb Code     6  port.o(.emb_text)
    Reset_Handler                            0x08000259   Thumb Code     8  startup_stm32f407xx.o(.text)
    ADC_IRQHandler                           0x08000273   Thumb Code     0  startup_stm32f407xx.o(.text)
    CAN1_RX0_IRQHandler                      0x08000273   Thumb Code     0  startup_stm32f407xx.o(.text)
    CAN1_RX1_IRQHandler                      0x08000273   Thumb Code     0  startup_stm32f407xx.o(.text)
    CAN1_SCE_IRQHandler                      0x08000273   Thumb Code     0  startup_stm32f407xx.o(.text)
    CAN1_TX_IRQHandler                       0x08000273   Thumb Code     0  startup_stm32f407xx.o(.text)
    CAN2_RX0_IRQHandler                      0x08000273   Thumb Code     0  startup_stm32f407xx.o(.text)
    CAN2_RX1_IRQHandler                      0x08000273   Thumb Code     0  startup_stm32f407xx.o(.text)
    CAN2_SCE_IRQHandler                      0x08000273   Thumb Code     0  startup_stm32f407xx.o(.text)
    CAN2_TX_IRQHandler                       0x08000273   Thumb Code     0  startup_stm32f407xx.o(.text)
    DCMI_IRQHandler                          0x08000273   Thumb Code     0  startup_stm32f407xx.o(.text)
    DMA1_Stream0_IRQHandler                  0x08000273   Thumb Code     0  startup_stm32f407xx.o(.text)
    DMA1_Stream1_IRQHandler                  0x08000273   Thumb Code     0  startup_stm32f407xx.o(.text)
    DMA1_Stream2_IRQHandler                  0x08000273   Thumb Code     0  startup_stm32f407xx.o(.text)
    DMA1_Stream3_IRQHandler                  0x08000273   Thumb Code     0  startup_stm32f407xx.o(.text)
    DMA1_Stream4_IRQHandler                  0x08000273   Thumb Code     0  startup_stm32f407xx.o(.text)
    DMA1_Stream5_IRQHandler                  0x08000273   Thumb Code     0  startup_stm32f407xx.o(.text)
    DMA1_Stream6_IRQHandler                  0x08000273   Thumb Code     0  startup_stm32f407xx.o(.text)
    DMA1_Stream7_IRQHandler                  0x08000273   Thumb Code     0  startup_stm32f407xx.o(.text)
    DMA2_Stream0_IRQHandler                  0x08000273   Thumb Code     0  startup_stm32f407xx.o(.text)
    DMA2_Stream1_IRQHandler                  0x08000273   Thumb Code     0  startup_stm32f407xx.o(.text)
    DMA2_Stream2_IRQHandler                  0x08000273   Thumb Code     0  startup_stm32f407xx.o(.text)
    DMA2_Stream3_IRQHandler                  0x08000273   Thumb Code     0  startup_stm32f407xx.o(.text)
    DMA2_Stream4_IRQHandler                  0x08000273   Thumb Code     0  startup_stm32f407xx.o(.text)
    DMA2_Stream5_IRQHandler                  0x08000273   Thumb Code     0  startup_stm32f407xx.o(.text)
    DMA2_Stream6_IRQHandler                  0x08000273   Thumb Code     0  startup_stm32f407xx.o(.text)
    DMA2_Stream7_IRQHandler                  0x08000273   Thumb Code     0  startup_stm32f407xx.o(.text)
    ETH_IRQHandler                           0x08000273   Thumb Code     0  startup_stm32f407xx.o(.text)
    ETH_WKUP_IRQHandler                      0x08000273   Thumb Code     0  startup_stm32f407xx.o(.text)
    EXTI0_IRQHandler                         0x08000273   Thumb Code     0  startup_stm32f407xx.o(.text)
    EXTI15_10_IRQHandler                     0x08000273   Thumb Code     0  startup_stm32f407xx.o(.text)
    EXTI1_IRQHandler                         0x08000273   Thumb Code     0  startup_stm32f407xx.o(.text)
    EXTI2_IRQHandler                         0x08000273   Thumb Code     0  startup_stm32f407xx.o(.text)
    EXTI3_IRQHandler                         0x08000273   Thumb Code     0  startup_stm32f407xx.o(.text)
    EXTI4_IRQHandler                         0x08000273   Thumb Code     0  startup_stm32f407xx.o(.text)
    EXTI9_5_IRQHandler                       0x08000273   Thumb Code     0  startup_stm32f407xx.o(.text)
    FLASH_IRQHandler                         0x08000273   Thumb Code     0  startup_stm32f407xx.o(.text)
    FMC_IRQHandler                           0x08000273   Thumb Code     0  startup_stm32f407xx.o(.text)
    FPU_IRQHandler                           0x08000273   Thumb Code     0  startup_stm32f407xx.o(.text)
    HASH_RNG_IRQHandler                      0x08000273   Thumb Code     0  startup_stm32f407xx.o(.text)
    I2C1_ER_IRQHandler                       0x08000273   Thumb Code     0  startup_stm32f407xx.o(.text)
    I2C1_EV_IRQHandler                       0x08000273   Thumb Code     0  startup_stm32f407xx.o(.text)
    I2C2_ER_IRQHandler                       0x08000273   Thumb Code     0  startup_stm32f407xx.o(.text)
    I2C2_EV_IRQHandler                       0x08000273   Thumb Code     0  startup_stm32f407xx.o(.text)
    I2C3_ER_IRQHandler                       0x08000273   Thumb Code     0  startup_stm32f407xx.o(.text)
    I2C3_EV_IRQHandler                       0x08000273   Thumb Code     0  startup_stm32f407xx.o(.text)
    OTG_FS_IRQHandler                        0x08000273   Thumb Code     0  startup_stm32f407xx.o(.text)
    OTG_FS_WKUP_IRQHandler                   0x08000273   Thumb Code     0  startup_stm32f407xx.o(.text)
    OTG_HS_EP1_IN_IRQHandler                 0x08000273   Thumb Code     0  startup_stm32f407xx.o(.text)
    OTG_HS_EP1_OUT_IRQHandler                0x08000273   Thumb Code     0  startup_stm32f407xx.o(.text)
    OTG_HS_IRQHandler                        0x08000273   Thumb Code     0  startup_stm32f407xx.o(.text)
    OTG_HS_WKUP_IRQHandler                   0x08000273   Thumb Code     0  startup_stm32f407xx.o(.text)
    PVD_IRQHandler                           0x08000273   Thumb Code     0  startup_stm32f407xx.o(.text)
    RCC_IRQHandler                           0x08000273   Thumb Code     0  startup_stm32f407xx.o(.text)
    RTC_Alarm_IRQHandler                     0x08000273   Thumb Code     0  startup_stm32f407xx.o(.text)
    RTC_WKUP_IRQHandler                      0x08000273   Thumb Code     0  startup_stm32f407xx.o(.text)
    SDIO_IRQHandler                          0x08000273   Thumb Code     0  startup_stm32f407xx.o(.text)
    SPI1_IRQHandler                          0x08000273   Thumb Code     0  startup_stm32f407xx.o(.text)
    SPI2_IRQHandler                          0x08000273   Thumb Code     0  startup_stm32f407xx.o(.text)
    SPI3_IRQHandler                          0x08000273   Thumb Code     0  startup_stm32f407xx.o(.text)
    TAMP_STAMP_IRQHandler                    0x08000273   Thumb Code     0  startup_stm32f407xx.o(.text)
    TIM1_BRK_TIM9_IRQHandler                 0x08000273   Thumb Code     0  startup_stm32f407xx.o(.text)
    TIM1_CC_IRQHandler                       0x08000273   Thumb Code     0  startup_stm32f407xx.o(.text)
    TIM1_TRG_COM_TIM11_IRQHandler            0x08000273   Thumb Code     0  startup_stm32f407xx.o(.text)
    TIM1_UP_TIM10_IRQHandler                 0x08000273   Thumb Code     0  startup_stm32f407xx.o(.text)
    TIM2_IRQHandler                          0x08000273   Thumb Code     0  startup_stm32f407xx.o(.text)
    TIM3_IRQHandler                          0x08000273   Thumb Code     0  startup_stm32f407xx.o(.text)
    TIM4_IRQHandler                          0x08000273   Thumb Code     0  startup_stm32f407xx.o(.text)
    TIM5_IRQHandler                          0x08000273   Thumb Code     0  startup_stm32f407xx.o(.text)
    TIM6_DAC_IRQHandler                      0x08000273   Thumb Code     0  startup_stm32f407xx.o(.text)
    TIM8_BRK_TIM12_IRQHandler                0x08000273   Thumb Code     0  startup_stm32f407xx.o(.text)
    TIM8_CC_IRQHandler                       0x08000273   Thumb Code     0  startup_stm32f407xx.o(.text)
    TIM8_TRG_COM_TIM14_IRQHandler            0x08000273   Thumb Code     0  startup_stm32f407xx.o(.text)
    TIM8_UP_TIM13_IRQHandler                 0x08000273   Thumb Code     0  startup_stm32f407xx.o(.text)
    UART4_IRQHandler                         0x08000273   Thumb Code     0  startup_stm32f407xx.o(.text)
    UART5_IRQHandler                         0x08000273   Thumb Code     0  startup_stm32f407xx.o(.text)
    USART2_IRQHandler                        0x08000273   Thumb Code     0  startup_stm32f407xx.o(.text)
    USART3_IRQHandler                        0x08000273   Thumb Code     0  startup_stm32f407xx.o(.text)
    USART6_IRQHandler                        0x08000273   Thumb Code     0  startup_stm32f407xx.o(.text)
    WWDG_IRQHandler                          0x08000273   Thumb Code     0  startup_stm32f407xx.o(.text)
    __aeabi_uldivmod                         0x0800027d   Thumb Code    98  uldiv.o(.text)
    __aeabi_memcpy                           0x080002df   Thumb Code    36  memcpya.o(.text)
    __aeabi_memcpy4                          0x080002df   Thumb Code     0  memcpya.o(.text)
    __aeabi_memcpy8                          0x080002df   Thumb Code     0  memcpya.o(.text)
    __aeabi_dmul                             0x08000303   Thumb Code   228  dmul.o(.text)
    __aeabi_ui2d                             0x080003e7   Thumb Code    26  dfltui.o(.text)
    __aeabi_d2uiz                            0x08000401   Thumb Code    50  dfixui.o(.text)
    __aeabi_llsl                             0x08000433   Thumb Code    30  llshl.o(.text)
    _ll_shift_l                              0x08000433   Thumb Code     0  llshl.o(.text)
    __aeabi_llsr                             0x08000451   Thumb Code    32  llushr.o(.text)
    _ll_ushift_r                             0x08000451   Thumb Code     0  llushr.o(.text)
    __I$use$fp                               0x08000471   Thumb Code     0  iusefp.o(.text)
    _double_round                            0x08000471   Thumb Code    30  depilogue.o(.text)
    _double_epilogue                         0x0800048f   Thumb Code   156  depilogue.o(.text)
    __scatterload                            0x0800052d   Thumb Code    28  init.o(.text)
    __scatterload_rt2                        0x0800052d   Thumb Code     0  init.o(.text)
    BSP_SD_GetCardInfo                       0x08000551   Thumb Code     8  bsp_driver_sd.o(i.BSP_SD_GetCardInfo)
    BSP_SD_GetCardState                      0x0800055d   Thumb Code    20  bsp_driver_sd.o(i.BSP_SD_GetCardState)
    BSP_SD_Init                              0x08000575   Thumb Code    48  bsp_driver_sd.o(i.BSP_SD_Init)
    BSP_SD_ReadBlocks_DMA                    0x080005a9   Thumb Code    24  bsp_driver_sd.o(i.BSP_SD_ReadBlocks_DMA)
    BSP_SD_ReadCpltCallback                  0x080005c5   Thumb Code    14  sd_diskio.o(i.BSP_SD_ReadCpltCallback)
    BSP_SD_WriteBlocks_DMA                   0x080005d9   Thumb Code    24  bsp_driver_sd.o(i.BSP_SD_WriteBlocks_DMA)
    BusFault_Handler                         0x080005f5   Thumb Code     2  stm32f4xx_it.o(i.BusFault_Handler)
    DebugMon_Handler                         0x0800061f   Thumb Code     2  stm32f4xx_it.o(i.DebugMon_Handler)
    FATFS_LinkDriver                         0x08000621   Thumb Code     6  ff_gen_drv.o(i.FATFS_LinkDriver)
    FATFS_LinkDriverEx                       0x08000629   Thumb Code    58  ff_gen_drv.o(i.FATFS_LinkDriverEx)
    FSMC_NORSRAM_Extended_Timing_Init        0x08000669   Thumb Code    60  stm32f4xx_ll_fsmc.o(i.FSMC_NORSRAM_Extended_Timing_Init)
    FSMC_NORSRAM_Init                        0x080006a9   Thumb Code    80  stm32f4xx_ll_fsmc.o(i.FSMC_NORSRAM_Init)
    FSMC_NORSRAM_Timing_Init                 0x080006fd   Thumb Code    64  stm32f4xx_ll_fsmc.o(i.FSMC_NORSRAM_Timing_Init)
    FSMC_SRAM_Init                           0x08000741   Thumb Code    94  sram.o(i.FSMC_SRAM_Init)
    HAL_DMA_Abort_IT                         0x080007b9   Thumb Code    36  stm32f4xx_hal_dma.o(i.HAL_DMA_Abort_IT)
    HAL_DMA_Start_IT                         0x080007dd   Thumb Code   120  stm32f4xx_hal_dma.o(i.HAL_DMA_Start_IT)
    HAL_Delay                                0x08000855   Thumb Code    32  stm32f4xx_hal.o(i.HAL_Delay)
    HAL_GPIO_Init                            0x08000919   Thumb Code   388  stm32f4xx_hal_gpio.o(i.HAL_GPIO_Init)
    HAL_GPIO_TogglePin                       0x08000ac9   Thumb Code     8  stm32f4xx_hal_gpio.o(i.HAL_GPIO_TogglePin)
    HAL_GPIO_WritePin                        0x08000ad1   Thumb Code    10  stm32f4xx_hal_gpio.o(i.HAL_GPIO_WritePin)
    HAL_GetTick                              0x08000add   Thumb Code     6  stm32f4xx_hal.o(i.HAL_GetTick)
    HAL_IncTick                              0x08000ae9   Thumb Code    12  stm32f4xx_hal.o(i.HAL_IncTick)
    HAL_Init                                 0x08000af9   Thumb Code    48  stm32f4xx_hal.o(i.HAL_Init)
    HAL_InitTick                             0x08000b2d   Thumb Code   100  stm32f4xx_hal_timebase_tim.o(i.HAL_InitTick)
    HAL_MspInit                              0x08000ba1   Thumb Code   126  stm32f4xx_hal_msp.o(i.HAL_MspInit)
    HAL_NVIC_EnableIRQ                       0x08000c25   Thumb Code    22  stm32f4xx_hal_cortex.o(i.HAL_NVIC_EnableIRQ)
    HAL_NVIC_SetPriority                     0x08000c3d   Thumb Code    60  stm32f4xx_hal_cortex.o(i.HAL_NVIC_SetPriority)
    HAL_NVIC_SetPriorityGrouping             0x08000c7d   Thumb Code    26  stm32f4xx_hal_cortex.o(i.HAL_NVIC_SetPriorityGrouping)
    HAL_RCC_CSSCallback                      0x08000ca1   Thumb Code     2  stm32f4xx_hal_rcc.o(i.HAL_RCC_CSSCallback)
    HAL_RCC_ClockConfig                      0x08000ca5   Thumb Code   286  stm32f4xx_hal_rcc.o(i.HAL_RCC_ClockConfig)
    HAL_RCC_EnableCSS                        0x08000dd5   Thumb Code     8  stm32f4xx_hal_rcc.o(i.HAL_RCC_EnableCSS)
    HAL_RCC_GetClockConfig                   0x08000de1   Thumb Code    54  stm32f4xx_hal_rcc.o(i.HAL_RCC_GetClockConfig)
    HAL_RCC_GetHCLKFreq                      0x08000e21   Thumb Code     6  stm32f4xx_hal_rcc.o(i.HAL_RCC_GetHCLKFreq)
    HAL_RCC_GetPCLK1Freq                     0x08000e2d   Thumb Code    20  stm32f4xx_hal_rcc.o(i.HAL_RCC_GetPCLK1Freq)
    HAL_RCC_GetPCLK2Freq                     0x08000e4d   Thumb Code    20  stm32f4xx_hal_rcc.o(i.HAL_RCC_GetPCLK2Freq)
    HAL_RCC_GetSysClockFreq                  0x08000e6d   Thumb Code    88  stm32f4xx_hal_rcc.o(i.HAL_RCC_GetSysClockFreq)
    HAL_RCC_NMI_IRQHandler                   0x08000ecd   Thumb Code    24  stm32f4xx_hal_rcc.o(i.HAL_RCC_NMI_IRQHandler)
    HAL_RCC_OscConfig                        0x08000ee9   Thumb Code   770  stm32f4xx_hal_rcc.o(i.HAL_RCC_OscConfig)
    HAL_SD_ConfigWideBusOperation            0x08001205   Thumb Code   120  stm32f4xx_hal_sd.o(i.HAL_SD_ConfigWideBusOperation)
    HAL_SD_ErrorCallback                     0x0800127d   Thumb Code     2  stm32f4xx_hal_sd.o(i.HAL_SD_ErrorCallback)
    HAL_SD_GetCardCSD                        0x0800127f   Thumb Code   474  stm32f4xx_hal_sd.o(i.HAL_SD_GetCardCSD)
    HAL_SD_GetCardInfo                       0x08001459   Thumb Code    36  stm32f4xx_hal_sd.o(i.HAL_SD_GetCardInfo)
    HAL_SD_GetCardState                      0x0800147d   Thumb Code    44  stm32f4xx_hal_sd.o(i.HAL_SD_GetCardState)
    HAL_SD_Init                              0x080014a9   Thumb Code    54  stm32f4xx_hal_sd.o(i.HAL_SD_Init)
    HAL_SD_InitCard                          0x080014e1   Thumb Code    80  stm32f4xx_hal_sd.o(i.HAL_SD_InitCard)
    HAL_SD_MspInit                           0x08001535   Thumb Code    84  sdio.o(i.HAL_SD_MspInit)
    HAL_SD_ReadBlocks_DMA                    0x08001599   Thumb Code   230  stm32f4xx_hal_sd.o(i.HAL_SD_ReadBlocks_DMA)
    HAL_SD_RxCpltCallback                    0x0800168d   Thumb Code     8  bsp_driver_sd.o(i.HAL_SD_RxCpltCallback)
    HAL_SD_WriteBlocks_DMA                   0x08001695   Thumb Code   232  stm32f4xx_hal_sd.o(i.HAL_SD_WriteBlocks_DMA)
    HAL_SRAM_Init                            0x08001789   Thumb Code    86  stm32f4xx_hal_sram.o(i.HAL_SRAM_Init)
    HAL_SRAM_MspInit                         0x080017df   Thumb Code     4  fsmc.o(i.HAL_SRAM_MspInit)
    HAL_SYSTICK_CLKSourceConfig              0x080017e3   Thumb Code    24  stm32f4xx_hal_cortex.o(i.HAL_SYSTICK_CLKSourceConfig)
    HAL_SYSTICK_Config                       0x080017fb   Thumb Code    40  stm32f4xx_hal_cortex.o(i.HAL_SYSTICK_Config)
    HAL_TIMEx_BreakCallback                  0x08001823   Thumb Code     2  stm32f4xx_hal_tim_ex.o(i.HAL_TIMEx_BreakCallback)
    HAL_TIMEx_CommutationCallback            0x08001825   Thumb Code     2  stm32f4xx_hal_tim_ex.o(i.HAL_TIMEx_CommutationCallback)
    HAL_TIM_Base_Init                        0x08001827   Thumb Code    54  stm32f4xx_hal_tim.o(i.HAL_TIM_Base_Init)
    HAL_TIM_Base_MspInit                     0x0800185d   Thumb Code     2  stm32f4xx_hal_tim.o(i.HAL_TIM_Base_MspInit)
    HAL_TIM_Base_Start_IT                    0x0800185f   Thumb Code    24  stm32f4xx_hal_tim.o(i.HAL_TIM_Base_Start_IT)
    HAL_TIM_IC_CaptureCallback               0x08001877   Thumb Code     2  stm32f4xx_hal_tim.o(i.HAL_TIM_IC_CaptureCallback)
    HAL_TIM_IRQHandler                       0x08001879   Thumb Code   358  stm32f4xx_hal_tim.o(i.HAL_TIM_IRQHandler)
    HAL_TIM_OC_DelayElapsedCallback          0x080019df   Thumb Code     2  stm32f4xx_hal_tim.o(i.HAL_TIM_OC_DelayElapsedCallback)
    HAL_TIM_PWM_PulseFinishedCallback        0x080019e1   Thumb Code     2  stm32f4xx_hal_tim.o(i.HAL_TIM_PWM_PulseFinishedCallback)
    HAL_TIM_PeriodElapsedCallback            0x080019e5   Thumb Code    14  main.o(i.HAL_TIM_PeriodElapsedCallback)
    HAL_TIM_TriggerCallback                  0x080019f9   Thumb Code     2  stm32f4xx_hal_tim.o(i.HAL_TIM_TriggerCallback)
    HAL_UART_ErrorCallback                   0x080019fb   Thumb Code     2  stm32f4xx_hal_uart.o(i.HAL_UART_ErrorCallback)
    HAL_UART_IRQHandler                      0x080019fd   Thumb Code   266  stm32f4xx_hal_uart.o(i.HAL_UART_IRQHandler)
    HAL_UART_Init                            0x08001b0d   Thumb Code    98  stm32f4xx_hal_uart.o(i.HAL_UART_Init)
    HAL_UART_MspInit                         0x08001b71   Thumb Code    80  usart.o(i.HAL_UART_MspInit)
    HAL_UART_RxCpltCallback                  0x08001bcd   Thumb Code     2  stm32f4xx_hal_uart.o(i.HAL_UART_RxCpltCallback)
    HAL_UART_Transmit                        0x08001bcf   Thumb Code   186  stm32f4xx_hal_uart.o(i.HAL_UART_Transmit)
    HAL_UART_TxCpltCallback                  0x08001c89   Thumb Code     2  stm32f4xx_hal_uart.o(i.HAL_UART_TxCpltCallback)
    HardFault_Handler                        0x08001c8b   Thumb Code     2  stm32f4xx_it.o(i.HardFault_Handler)
    LCD_Clear                                0x08001c8d   Thumb Code    48  lcd.o(i.LCD_Clear)
    LCD_Display_Dir                          0x08001cc1   Thumb Code   212  lcd.o(i.LCD_Display_Dir)
    LCD_Fast_DrawPoint                       0x08001d99   Thumb Code   220  lcd.o(i.LCD_Fast_DrawPoint)
    LCD_Init                                 0x08001e79   Thumb Code  9090  lcd.o(i.LCD_Init)
    LCD_RD_DATA                              0x08004201   Thumb Code    20  lcd.o(i.LCD_RD_DATA)
    LCD_SSD_BackLightSet                     0x08004215   Thumb Code    72  lcd.o(i.LCD_SSD_BackLightSet)
    LCD_Scan_Dir                             0x08004265   Thumb Code   434  lcd.o(i.LCD_Scan_Dir)
    LCD_SetCursor                            0x0800441d   Thumb Code   254  lcd.o(i.LCD_SetCursor)
    LCD_ShowChar                             0x08004521   Thumb Code   204  lcd.o(i.LCD_ShowChar)
    LCD_ShowString                           0x08004605   Thumb Code    84  lcd.o(i.LCD_ShowString)
    LCD_WR_DATA                              0x08004659   Thumb Code    24  lcd.o(i.LCD_WR_DATA)
    LCD_WR_REG                               0x08004671   Thumb Code    24  lcd.o(i.LCD_WR_REG)
    LCD_WriteRAM_Prepare                     0x08004689   Thumb Code    14  lcd.o(i.LCD_WriteRAM_Prepare)
    LCD_WriteReg                             0x0800469d   Thumb Code    12  lcd.o(i.LCD_WriteReg)
    MX_FATFS_Init                            0x080046a9   Thumb Code    18  fatfs.o(i.MX_FATFS_Init)
    MX_FREERTOS_Init                         0x080046c5   Thumb Code    30  freertos.o(i.MX_FREERTOS_Init)
    MX_FSMC_Init                             0x080046ed   Thumb Code    94  fsmc.o(i.MX_FSMC_Init)
    MX_GPIO_Init                             0x08004765   Thumb Code   176  gpio.o(i.MX_GPIO_Init)
    MX_SDIO_SD_Init                          0x0800481d   Thumb Code    22  sdio.o(i.MX_SDIO_SD_Init)
    MX_USART1_UART_Init                      0x0800483d   Thumb Code    52  usart.o(i.MX_USART1_UART_Init)
    MemManage_Handler                        0x08004889   Thumb Code     2  stm32f4xx_it.o(i.MemManage_Handler)
    NMI_Handler                              0x0800488b   Thumb Code     4  stm32f4xx_it.o(i.NMI_Handler)
    SDIO_ConfigData                          0x080048af   Thumb Code    36  stm32f4xx_ll_sdmmc.o(i.SDIO_ConfigData)
    SDIO_GetPowerState                       0x080048d3   Thumb Code     8  stm32f4xx_ll_sdmmc.o(i.SDIO_GetPowerState)
    SDIO_GetResponse                         0x080048db   Thumb Code    12  stm32f4xx_ll_sdmmc.o(i.SDIO_GetResponse)
    SDIO_Init                                0x080048e7   Thumb Code    36  stm32f4xx_ll_sdmmc.o(i.SDIO_Init)
    SDIO_PowerState_ON                       0x0800490b   Thumb Code     8  stm32f4xx_ll_sdmmc.o(i.SDIO_PowerState_ON)
    SDIO_ReadFIFO                            0x08004913   Thumb Code     6  stm32f4xx_ll_sdmmc.o(i.SDIO_ReadFIFO)
    SDIO_SendCommand                         0x08004919   Thumb Code    32  stm32f4xx_ll_sdmmc.o(i.SDIO_SendCommand)
    SDMMC_CmdAppCommand                      0x08004939   Thumb Code    50  stm32f4xx_ll_sdmmc.o(i.SDMMC_CmdAppCommand)
    SDMMC_CmdAppOperCommand                  0x0800496d   Thumb Code    48  stm32f4xx_ll_sdmmc.o(i.SDMMC_CmdAppOperCommand)
    SDMMC_CmdBlockLength                     0x080049a1   Thumb Code    50  stm32f4xx_ll_sdmmc.o(i.SDMMC_CmdBlockLength)
    SDMMC_CmdBusWidth                        0x080049d3   Thumb Code    50  stm32f4xx_ll_sdmmc.o(i.SDMMC_CmdBusWidth)
    SDMMC_CmdGoIdleState                     0x08004a05   Thumb Code    76  stm32f4xx_ll_sdmmc.o(i.SDMMC_CmdGoIdleState)
    SDMMC_CmdOperCond                        0x08004a55   Thumb Code    98  stm32f4xx_ll_sdmmc.o(i.SDMMC_CmdOperCond)
    SDMMC_CmdReadMultiBlock                  0x08004abd   Thumb Code    50  stm32f4xx_ll_sdmmc.o(i.SDMMC_CmdReadMultiBlock)
    SDMMC_CmdReadSingleBlock                 0x08004aef   Thumb Code    50  stm32f4xx_ll_sdmmc.o(i.SDMMC_CmdReadSingleBlock)
    SDMMC_CmdSelDesel                        0x08004b21   Thumb Code    50  stm32f4xx_ll_sdmmc.o(i.SDMMC_CmdSelDesel)
    SDMMC_CmdSendCID                         0x08004b53   Thumb Code    44  stm32f4xx_ll_sdmmc.o(i.SDMMC_CmdSendCID)
    SDMMC_CmdSendCSD                         0x08004b7f   Thumb Code    44  stm32f4xx_ll_sdmmc.o(i.SDMMC_CmdSendCSD)
    SDMMC_CmdSendSCR                         0x08004bab   Thumb Code    48  stm32f4xx_ll_sdmmc.o(i.SDMMC_CmdSendSCR)
    SDMMC_CmdSendStatus                      0x08004bdb   Thumb Code    50  stm32f4xx_ll_sdmmc.o(i.SDMMC_CmdSendStatus)
    SDMMC_CmdSetRelAdd                       0x08004c0d   Thumb Code    48  stm32f4xx_ll_sdmmc.o(i.SDMMC_CmdSetRelAdd)
    SDMMC_CmdStopTransfer                    0x08004c3d   Thumb Code    46  stm32f4xx_ll_sdmmc.o(i.SDMMC_CmdStopTransfer)
    SDMMC_CmdWriteMultiBlock                 0x08004c71   Thumb Code    50  stm32f4xx_ll_sdmmc.o(i.SDMMC_CmdWriteMultiBlock)
    SDMMC_CmdWriteSingleBlock                0x08004ca3   Thumb Code    50  stm32f4xx_ll_sdmmc.o(i.SDMMC_CmdWriteSingleBlock)
    SD_initialize                            0x080052c1   Thumb Code    60  sd_diskio.o(i.SD_initialize)
    SD_ioctl                                 0x08005305   Thumb Code    76  sd_diskio.o(i.SD_ioctl)
    SD_read                                  0x08005355   Thumb Code    78  sd_diskio.o(i.SD_read)
    SD_status                                0x080053a9   Thumb Code     4  sd_diskio.o(i.SD_status)
    SD_write                                 0x080053ad   Thumb Code    78  sd_diskio.o(i.SD_write)
    StartDefaultTask                         0x08005401   Thumb Code    12  freertos.o(i.StartDefaultTask)
    SysTick_Handler                          0x0800540d   Thumb Code     4  stm32f4xx_it.o(i.SysTick_Handler)
    SystemClock_Config                       0x08005411   Thumb Code   154  main.o(i.SystemClock_Config)
    SystemInit                               0x080054b5   Thumb Code    66  system_stm32f4xx.o(i.SystemInit)
    TIM7_IRQHandler                          0x08005509   Thumb Code     6  stm32f4xx_it.o(i.TIM7_IRQHandler)
    TIM_Base_SetConfig                       0x08005515   Thumb Code   148  stm32f4xx_hal_tim.o(i.TIM_Base_SetConfig)
    USART1_IRQHandler                        0x08005a01   Thumb Code     6  stm32f4xx_it.o(i.USART1_IRQHandler)
    UsageFault_Handler                       0x08005a0d   Thumb Code     2  stm32f4xx_it.o(i.UsageFault_Handler)
    _Error_Handler                           0x08005a0f   Thumb Code     2  main.o(i._Error_Handler)
    __0printf$5                              0x08005a11   Thumb Code    22  printf5.o(i.__0printf$5)
    __1printf$5                              0x08005a11   Thumb Code     0  printf5.o(i.__0printf$5)
    __2printf                                0x08005a11   Thumb Code     0  printf5.o(i.__0printf$5)
    __scatterload_copy                       0x08005a31   Thumb Code    14  handlers.o(i.__scatterload_copy)
    __scatterload_null                       0x08005a3f   Thumb Code     2  handlers.o(i.__scatterload_null)
    __scatterload_zeroinit                   0x08005a41   Thumb Code    14  handlers.o(i.__scatterload_zeroinit)
    delay_ms                                 0x08005d11   Thumb Code    26  delay.o(i.delay_ms)
    delay_us                                 0x08005d2d   Thumb Code    48  delay.o(i.delay_us)
    delay_xms                                0x08005d61   Thumb Code    52  delay.o(i.delay_xms)
    fputc                                    0x08005d99   Thumb Code    20  main.o(i.fputc)
    main                                     0x08005dbd   Thumb Code    88  main.o(i.main)
    osDelay                                  0x08005e49   Thumb Code    14  cmsis_os.o(i.osDelay)
    osKernelRunning                          0x08005e57   Thumb Code    18  cmsis_os.o(i.osKernelRunning)
    osKernelStart                            0x08005e69   Thumb Code    10  cmsis_os.o(i.osKernelStart)
    osKernelSysTick                          0x08005e73   Thumb Code    24  cmsis_os.o(i.osKernelSysTick)
    osMessageCreate                          0x08005e8b   Thumb Code     8  cmsis_os.o(i.osMessageCreate)
    osMessageGet                             0x08005e95   Thumb Code   146  cmsis_os.o(i.osMessageGet)
    osMessagePut                             0x08005f2d   Thumb Code    86  cmsis_os.o(i.osMessagePut)
    osSystickHandler                         0x08005f89   Thumb Code    20  cmsis_os.o(i.osSystickHandler)
    osThreadCreate                           0x08005f9d   Thumb Code    46  cmsis_os.o(i.osThreadCreate)
    pvPortMalloc                             0x08006425   Thumb Code   210  heap_4.o(i.pvPortMalloc)
    pvTaskIncrementMutexHeldCount            0x080064fd   Thumb Code    18  tasks.o(i.pvTaskIncrementMutexHeldCount)
    pxPortInitialiseStack                    0x08006515   Thumb Code    40  port.o(i.pxPortInitialiseStack)
    start_task                               0x08006541   Thumb Code    60  main.o(i.start_task)
    uxListRemove                             0x0800658d   Thumb Code    36  list.o(i.uxListRemove)
    vListInitialise                          0x080065b1   Thumb Code    22  list.o(i.vListInitialise)
    vListInitialiseItem                      0x080065c7   Thumb Code     6  list.o(i.vListInitialiseItem)
    vListInsert                              0x080065cd   Thumb Code    48  list.o(i.vListInsert)
    vListInsertEnd                           0x080065fd   Thumb Code    24  list.o(i.vListInsertEnd)
    vPortEnterCritical                       0x08006615   Thumb Code    54  port.o(i.vPortEnterCritical)
    vPortExitCritical                        0x08006655   Thumb Code    34  port.o(i.vPortExitCritical)
    vPortFree                                0x0800667d   Thumb Code    88  heap_4.o(i.vPortFree)
    vPortSetupTimerInterrupt                 0x080066d9   Thumb Code    26  port.o(i.vPortSetupTimerInterrupt)
    vPortValidateInterruptPriority           0x080066f9   Thumb Code    74  port.o(i.vPortValidateInterruptPriority)
    vTaskDelay                               0x0800674d   Thumb Code    66  tasks.o(i.vTaskDelay)
    vTaskMissedYield                         0x08006799   Thumb Code     8  tasks.o(i.vTaskMissedYield)
    vTaskPlaceOnEventList                    0x080067a5   Thumb Code    44  tasks.o(i.vTaskPlaceOnEventList)
    vTaskPriorityInherit                     0x080067d5   Thumb Code   124  tasks.o(i.vTaskPriorityInherit)
    vTaskSetTimeOutState                     0x08006859   Thumb Code    30  tasks.o(i.vTaskSetTimeOutState)
    vTaskStartScheduler                      0x0800687d   Thumb Code    86  tasks.o(i.vTaskStartScheduler)
    vTaskSuspendAll                          0x080068e5   Thumb Code    10  tasks.o(i.vTaskSuspendAll)
    vTaskSwitchContext                       0x080068f5   Thumb Code    82  tasks.o(i.vTaskSwitchContext)
    xPortStartScheduler                      0x08006951   Thumb Code   202  port.o(i.xPortStartScheduler)
    xPortSysTickHandler                      0x08006a31   Thumb Code    38  port.o(i.xPortSysTickHandler)
    xQueueGenericCreate                      0x08006a5d   Thumb Code    72  queue.o(i.xQueueGenericCreate)
    xQueueGenericReceive                     0x08006aa5   Thumb Code   360  queue.o(i.xQueueGenericReceive)
    xQueueGenericReset                       0x08006c11   Thumb Code   132  queue.o(i.xQueueGenericReset)
    xQueueGenericSend                        0x08006c99   Thumb Code   346  queue.o(i.xQueueGenericSend)
    xQueueGenericSendFromISR                 0x08006df9   Thumb Code   188  queue.o(i.xQueueGenericSendFromISR)
    xQueueReceiveFromISR                     0x08006eb5   Thumb Code   154  queue.o(i.xQueueReceiveFromISR)
    xTaskCheckForTimeOut                     0x08006f51   Thumb Code   102  tasks.o(i.xTaskCheckForTimeOut)
    xTaskCreate                              0x08006fbd   Thumb Code    86  tasks.o(i.xTaskCreate)
    xTaskGetSchedulerState                   0x08007015   Thumb Code    22  tasks.o(i.xTaskGetSchedulerState)
    xTaskGetTickCount                        0x08007031   Thumb Code     6  tasks.o(i.xTaskGetTickCount)
    xTaskGetTickCountFromISR                 0x0800703d   Thumb Code    12  tasks.o(i.xTaskGetTickCountFromISR)
    xTaskIncrementTick                       0x0800704d   Thumb Code   192  tasks.o(i.xTaskIncrementTick)
    xTaskPriorityDisinherit                  0x08007115   Thumb Code   144  tasks.o(i.xTaskPriorityDisinherit)
    xTaskRemoveFromEventList                 0x080071ad   Thumb Code   106  tasks.o(i.xTaskRemoveFromEventList)
    xTaskResumeAll                           0x08007225   Thumb Code   182  tasks.o(i.xTaskResumeAll)
    asc2_1206                                0x080072e8   Data        1140  lcd.o(.constdata)
    asc2_1608                                0x0800775c   Data        1520  lcd.o(.constdata)
    asc2_2412                                0x08007d4c   Data        3420  lcd.o(.constdata)
    asc2_3216                                0x08008aa8   Data       12160  lcd.o(.constdata)
    SD_Driver                                0x0800ba28   Data          20  sd_diskio.o(.constdata)
    AHBPrescTable                            0x0800ba58   Data          16  system_stm32f4xx.o(.constdata)
    APBPrescTable                            0x0800ba68   Data           8  system_stm32f4xx.o(.constdata)
    Region$$Table$$Base                      0x0800ba7c   Number         0  anon$$obj.o(Region$$Table)
    Region$$Table$$Limit                     0x0800ba9c   Number         0  anon$$obj.o(Region$$Table)
    mem3base                                 0x10000000   Data       61440  malloc.o(.ARM.__AT_0x10000000)
    mem3mapbase                              0x1000f000   Data        3840  malloc.o(.ARM.__AT_0x1000F000)
    POINT_COLOR                              0x20000004   Data           4  lcd.o(.data)
    BACK_COLOR                               0x20000008   Data           4  lcd.o(.data)
    StartTask_Handler                        0x2000000c   Data           4  main.o(.data)
    retSD                                    0x20000018   Data           1  fatfs.o(.data)
    SDPath                                   0x20000019   Data           4  fatfs.o(.data)
    defaultTaskHandle                        0x20000020   Data           4  freertos.o(.data)
    SystemCoreClock                          0x2000002c   Data           4  system_stm32f4xx.o(.data)
    uwTickFreq                               0x20000030   Data           1  stm32f4xx_hal.o(.data)
    uwTickPrio                               0x20000034   Data           4  stm32f4xx_hal.o(.data)
    uwTick                                   0x20000038   Data           4  stm32f4xx_hal.o(.data)
    pxCurrentTCB                             0x20000060   Data           4  tasks.o(.data)
    __stdout                                 0x2000009c   Data           4  stdout.o(.data)
    TFTSRAM_Handler                          0x200000a0   Data          80  lcd.o(.bss)
    lcddev                                   0x200000f0   Data          14  lcd.o(.bss)
    hsram1                                   0x20000100   Data          80  fsmc.o(.bss)
    hsd                                      0x20000150   Data         132  sdio.o(.bss)
    huart1                                   0x200001d4   Data          64  usart.o(.bss)
    htim7                                    0x20000214   Data          60  stm32f4xx_hal_timebase_tim.o(.bss)
    disk                                     0x20003ff4   Data          12  ff_gen_drv.o(.bss)
    __initial_sp                             0x20005000   Data           0  startup_stm32f407xx.o(STACK)
    mem2base                                 0x68000000   Data       983040  malloc.o(.ARM.__AT_0x68000000)
    mem2mapbase                              0x680f0000   Data       61440  malloc.o(.ARM.__AT_0x680F0000)



==============================================================================

Memory Map of the image

  Image Entry point : 0x08000189

  Load Region LR_IROM1 (Base: 0x08000000, Size: 0x0000bb3c, Max: 0x00100000, ABSOLUTE)

    Execution Region ER_IROM1 (Exec base: 0x08000000, Load base: 0x08000000, Size: 0x0000ba9c, Max: 0x00100000, ABSOLUTE)

    Exec Addr    Load Addr    Size         Type   Attr      Idx    E Section Name        Object

    0x08000000   0x08000000   0x00000188   Data   RO            3    RESET               startup_stm32f407xx.o
    0x08000188   0x08000188   0x00000000   Code   RO         5989  * .ARM.Collect$$$$00000000  mc_w.l(entry.o)
    0x08000188   0x08000188   0x00000004   Code   RO         6265    .ARM.Collect$$$$00000001  mc_w.l(entry2.o)
    0x0800018c   0x0800018c   0x00000004   Code   RO         6268    .ARM.Collect$$$$00000004  mc_w.l(entry5.o)
    0x08000190   0x08000190   0x00000000   Code   RO         6270    .ARM.Collect$$$$00000008  mc_w.l(entry7b.o)
    0x08000190   0x08000190   0x00000000   Code   RO         6272    .ARM.Collect$$$$0000000A  mc_w.l(entry8b.o)
    0x08000190   0x08000190   0x00000008   Code   RO         6273    .ARM.Collect$$$$0000000B  mc_w.l(entry9a.o)
    0x08000198   0x08000198   0x00000000   Code   RO         6275    .ARM.Collect$$$$0000000D  mc_w.l(entry10a.o)
    0x08000198   0x08000198   0x00000000   Code   RO         6277    .ARM.Collect$$$$0000000F  mc_w.l(entry11a.o)
    0x08000198   0x08000198   0x00000004   Code   RO         6266    .ARM.Collect$$$$00002712  mc_w.l(entry2.o)
    0x0800019c   0x0800019c   0x000000ba   Code   RO         4393    .emb_text           port.o
    0x08000256   0x08000256   0x00000002   PAD
    0x08000258   0x08000258   0x00000024   Code   RO            4    .text               startup_stm32f407xx.o
    0x0800027c   0x0800027c   0x00000062   Code   RO         5992    .text               mc_w.l(uldiv.o)
    0x080002de   0x080002de   0x00000024   Code   RO         5994    .text               mc_w.l(memcpya.o)
    0x08000302   0x08000302   0x000000e4   Code   RO         6259    .text               mf_w.l(dmul.o)
    0x080003e6   0x080003e6   0x0000001a   Code   RO         6261    .text               mf_w.l(dfltui.o)
    0x08000400   0x08000400   0x00000032   Code   RO         6263    .text               mf_w.l(dfixui.o)
    0x08000432   0x08000432   0x0000001e   Code   RO         6282    .text               mc_w.l(llshl.o)
    0x08000450   0x08000450   0x00000020   Code   RO         6284    .text               mc_w.l(llushr.o)
    0x08000470   0x08000470   0x00000000   Code   RO         6286    .text               mc_w.l(iusefp.o)
    0x08000470   0x08000470   0x000000ba   Code   RO         6287    .text               mf_w.l(depilogue.o)
    0x0800052a   0x0800052a   0x00000002   PAD
    0x0800052c   0x0800052c   0x00000024   Code   RO         6297    .text               mc_w.l(init.o)
    0x08000550   0x08000550   0x0000000c   Code   RO          711    i.BSP_SD_GetCardInfo  bsp_driver_sd.o
    0x0800055c   0x0800055c   0x00000018   Code   RO          712    i.BSP_SD_GetCardState  bsp_driver_sd.o
    0x08000574   0x08000574   0x00000034   Code   RO          715    i.BSP_SD_Init       bsp_driver_sd.o
    0x080005a8   0x080005a8   0x0000001c   Code   RO          718    i.BSP_SD_ReadBlocks_DMA  bsp_driver_sd.o
    0x080005c4   0x080005c4   0x00000014   Code   RO          849    i.BSP_SD_ReadCpltCallback  sd_diskio.o
    0x080005d8   0x080005d8   0x0000001c   Code   RO          721    i.BSP_SD_WriteBlocks_DMA  bsp_driver_sd.o
    0x080005f4   0x080005f4   0x00000002   Code   RO         1143    i.BusFault_Handler  stm32f4xx_it.o
    0x080005f6   0x080005f6   0x00000028   Code   RO         3723    i.DMA_SetConfig     stm32f4xx_hal_dma.o
    0x0800061e   0x0800061e   0x00000002   Code   RO         1144    i.DebugMon_Handler  stm32f4xx_it.o
    0x08000620   0x08000620   0x00000006   Code   RO         5942    i.FATFS_LinkDriver  ff_gen_drv.o
    0x08000626   0x08000626   0x00000002   PAD
    0x08000628   0x08000628   0x00000040   Code   RO         5943    i.FATFS_LinkDriverEx  ff_gen_drv.o
    0x08000668   0x08000668   0x00000040   Code   RO         1329    i.FSMC_NORSRAM_Extended_Timing_Init  stm32f4xx_ll_fsmc.o
    0x080006a8   0x080006a8   0x00000054   Code   RO         1330    i.FSMC_NORSRAM_Init  stm32f4xx_ll_fsmc.o
    0x080006fc   0x080006fc   0x00000044   Code   RO         1331    i.FSMC_NORSRAM_Timing_Init  stm32f4xx_ll_fsmc.o
    0x08000740   0x08000740   0x00000078   Code   RO           13    i.FSMC_SRAM_Init    sram.o
    0x080007b8   0x080007b8   0x00000024   Code   RO         3725    i.HAL_DMA_Abort_IT  stm32f4xx_hal_dma.o
    0x080007dc   0x080007dc   0x00000078   Code   RO         3734    i.HAL_DMA_Start_IT  stm32f4xx_hal_dma.o
    0x08000854   0x08000854   0x00000024   Code   RO         4143    i.HAL_Delay         stm32f4xx_hal.o
    0x08000878   0x08000878   0x000000a0   Code   RO         1011    i.HAL_FSMC_MspInit  fsmc.o
    0x08000918   0x08000918   0x000001b0   Code   RO         3617    i.HAL_GPIO_Init     stm32f4xx_hal_gpio.o
    0x08000ac8   0x08000ac8   0x00000008   Code   RO         3620    i.HAL_GPIO_TogglePin  stm32f4xx_hal_gpio.o
    0x08000ad0   0x08000ad0   0x0000000a   Code   RO         3621    i.HAL_GPIO_WritePin  stm32f4xx_hal_gpio.o
    0x08000ada   0x08000ada   0x00000002   PAD
    0x08000adc   0x08000adc   0x0000000c   Code   RO         4149    i.HAL_GetTick       stm32f4xx_hal.o
    0x08000ae8   0x08000ae8   0x00000010   Code   RO         4153    i.HAL_IncTick       stm32f4xx_hal.o
    0x08000af8   0x08000af8   0x00000034   Code   RO         4154    i.HAL_Init          stm32f4xx_hal.o
    0x08000b2c   0x08000b2c   0x00000074   Code   RO         1243    i.HAL_InitTick      stm32f4xx_hal_timebase_tim.o
    0x08000ba0   0x08000ba0   0x00000084   Code   RO         1219    i.HAL_MspInit       stm32f4xx_hal_msp.o
    0x08000c24   0x08000c24   0x00000016   Code   RO         4006    i.HAL_NVIC_EnableIRQ  stm32f4xx_hal_cortex.o
    0x08000c3a   0x08000c3a   0x00000002   PAD
    0x08000c3c   0x08000c3c   0x00000040   Code   RO         4012    i.HAL_NVIC_SetPriority  stm32f4xx_hal_cortex.o
    0x08000c7c   0x08000c7c   0x00000024   Code   RO         4013    i.HAL_NVIC_SetPriorityGrouping  stm32f4xx_hal_cortex.o
    0x08000ca0   0x08000ca0   0x00000002   Code   RO         3262    i.HAL_RCC_CSSCallback  stm32f4xx_hal_rcc.o
    0x08000ca2   0x08000ca2   0x00000002   PAD
    0x08000ca4   0x08000ca4   0x00000130   Code   RO         3263    i.HAL_RCC_ClockConfig  stm32f4xx_hal_rcc.o
    0x08000dd4   0x08000dd4   0x0000000c   Code   RO         3266    i.HAL_RCC_EnableCSS  stm32f4xx_hal_rcc.o
    0x08000de0   0x08000de0   0x00000040   Code   RO         3267    i.HAL_RCC_GetClockConfig  stm32f4xx_hal_rcc.o
    0x08000e20   0x08000e20   0x0000000c   Code   RO         3268    i.HAL_RCC_GetHCLKFreq  stm32f4xx_hal_rcc.o
    0x08000e2c   0x08000e2c   0x00000020   Code   RO         3270    i.HAL_RCC_GetPCLK1Freq  stm32f4xx_hal_rcc.o
    0x08000e4c   0x08000e4c   0x00000020   Code   RO         3271    i.HAL_RCC_GetPCLK2Freq  stm32f4xx_hal_rcc.o
    0x08000e6c   0x08000e6c   0x00000060   Code   RO         3272    i.HAL_RCC_GetSysClockFreq  stm32f4xx_hal_rcc.o
    0x08000ecc   0x08000ecc   0x0000001c   Code   RO         3274    i.HAL_RCC_NMI_IRQHandler  stm32f4xx_hal_rcc.o
    0x08000ee8   0x08000ee8   0x0000031c   Code   RO         3275    i.HAL_RCC_OscConfig  stm32f4xx_hal_rcc.o
    0x08001204   0x08001204   0x00000078   Code   RO         1834    i.HAL_SD_ConfigWideBusOperation  stm32f4xx_hal_sd.o
    0x0800127c   0x0800127c   0x00000002   Code   RO         1837    i.HAL_SD_ErrorCallback  stm32f4xx_hal_sd.o
    0x0800127e   0x0800127e   0x000001da   Code   RO         1839    i.HAL_SD_GetCardCSD  stm32f4xx_hal_sd.o
    0x08001458   0x08001458   0x00000024   Code   RO         1840    i.HAL_SD_GetCardInfo  stm32f4xx_hal_sd.o
    0x0800147c   0x0800147c   0x0000002c   Code   RO         1841    i.HAL_SD_GetCardState  stm32f4xx_hal_sd.o
    0x080014a8   0x080014a8   0x00000036   Code   RO         1846    i.HAL_SD_Init       stm32f4xx_hal_sd.o
    0x080014de   0x080014de   0x00000002   PAD
    0x080014e0   0x080014e0   0x00000054   Code   RO         1847    i.HAL_SD_InitCard   stm32f4xx_hal_sd.o
    0x08001534   0x08001534   0x00000064   Code   RO         1060    i.HAL_SD_MspInit    sdio.o
    0x08001598   0x08001598   0x000000f4   Code   RO         1851    i.HAL_SD_ReadBlocks_DMA  stm32f4xx_hal_sd.o
    0x0800168c   0x0800168c   0x00000008   Code   RO          724    i.HAL_SD_RxCpltCallback  bsp_driver_sd.o
    0x08001694   0x08001694   0x000000f4   Code   RO         1856    i.HAL_SD_WriteBlocks_DMA  stm32f4xx_hal_sd.o
    0x08001788   0x08001788   0x00000056   Code   RO         1451    i.HAL_SRAM_Init     stm32f4xx_hal_sram.o
    0x080017de   0x080017de   0x00000004   Code   RO         1013    i.HAL_SRAM_MspInit  fsmc.o
    0x080017e2   0x080017e2   0x00000018   Code   RO         4015    i.HAL_SYSTICK_CLKSourceConfig  stm32f4xx_hal_cortex.o
    0x080017fa   0x080017fa   0x00000028   Code   RO         4017    i.HAL_SYSTICK_Config  stm32f4xx_hal_cortex.o
    0x08001822   0x08001822   0x00000002   Code   RO         2697    i.HAL_TIMEx_BreakCallback  stm32f4xx_hal_tim_ex.o
    0x08001824   0x08001824   0x00000002   Code   RO         2698    i.HAL_TIMEx_CommutationCallback  stm32f4xx_hal_tim_ex.o
    0x08001826   0x08001826   0x00000036   Code   RO         2068    i.HAL_TIM_Base_Init  stm32f4xx_hal_tim.o
    0x0800185c   0x0800185c   0x00000002   Code   RO         2070    i.HAL_TIM_Base_MspInit  stm32f4xx_hal_tim.o
    0x0800185e   0x0800185e   0x00000018   Code   RO         2073    i.HAL_TIM_Base_Start_IT  stm32f4xx_hal_tim.o
    0x08001876   0x08001876   0x00000002   Code   RO         2097    i.HAL_TIM_IC_CaptureCallback  stm32f4xx_hal_tim.o
    0x08001878   0x08001878   0x00000166   Code   RO         2110    i.HAL_TIM_IRQHandler  stm32f4xx_hal_tim.o
    0x080019de   0x080019de   0x00000002   Code   RO         2113    i.HAL_TIM_OC_DelayElapsedCallback  stm32f4xx_hal_tim.o
    0x080019e0   0x080019e0   0x00000002   Code   RO         2140    i.HAL_TIM_PWM_PulseFinishedCallback  stm32f4xx_hal_tim.o
    0x080019e2   0x080019e2   0x00000002   PAD
    0x080019e4   0x080019e4   0x00000014   Code   RO          558    i.HAL_TIM_PeriodElapsedCallback  main.o
    0x080019f8   0x080019f8   0x00000002   Code   RO         2151    i.HAL_TIM_TriggerCallback  stm32f4xx_hal_tim.o
    0x080019fa   0x080019fa   0x00000002   Code   RO         2957    i.HAL_UART_ErrorCallback  stm32f4xx_hal_uart.o
    0x080019fc   0x080019fc   0x00000110   Code   RO         2960    i.HAL_UART_IRQHandler  stm32f4xx_hal_uart.o
    0x08001b0c   0x08001b0c   0x00000062   Code   RO         2961    i.HAL_UART_Init     stm32f4xx_hal_uart.o
    0x08001b6e   0x08001b6e   0x00000002   PAD
    0x08001b70   0x08001b70   0x0000005c   Code   RO         1102    i.HAL_UART_MspInit  usart.o
    0x08001bcc   0x08001bcc   0x00000002   Code   RO         2967    i.HAL_UART_RxCpltCallback  stm32f4xx_hal_uart.o
    0x08001bce   0x08001bce   0x000000ba   Code   RO         2969    i.HAL_UART_Transmit  stm32f4xx_hal_uart.o
    0x08001c88   0x08001c88   0x00000002   Code   RO         2972    i.HAL_UART_TxCpltCallback  stm32f4xx_hal_uart.o
    0x08001c8a   0x08001c8a   0x00000002   Code   RO         1145    i.HardFault_Handler  stm32f4xx_it.o
    0x08001c8c   0x08001c8c   0x00000034   Code   RO          348    i.LCD_Clear         lcd.o
    0x08001cc0   0x08001cc0   0x000000d8   Code   RO          352    i.LCD_Display_Dir   lcd.o
    0x08001d98   0x08001d98   0x000000e0   Code   RO          357    i.LCD_Fast_DrawPoint  lcd.o
    0x08001e78   0x08001e78   0x00002388   Code   RO          359    i.LCD_Init          lcd.o
    0x08004200   0x08004200   0x00000014   Code   RO          361    i.LCD_RD_DATA       lcd.o
    0x08004214   0x08004214   0x00000050   Code   RO          364    i.LCD_SSD_BackLightSet  lcd.o
    0x08004264   0x08004264   0x000001b8   Code   RO          365    i.LCD_Scan_Dir      lcd.o
    0x0800441c   0x0800441c   0x00000104   Code   RO          366    i.LCD_SetCursor     lcd.o
    0x08004520   0x08004520   0x000000e4   Code   RO          368    i.LCD_ShowChar      lcd.o
    0x08004604   0x08004604   0x00000054   Code   RO          370    i.LCD_ShowString    lcd.o
    0x08004658   0x08004658   0x00000018   Code   RO          372    i.LCD_WR_DATA       lcd.o
    0x08004670   0x08004670   0x00000018   Code   RO          373    i.LCD_WR_REG        lcd.o
    0x08004688   0x08004688   0x00000014   Code   RO          375    i.LCD_WriteRAM_Prepare  lcd.o
    0x0800469c   0x0800469c   0x0000000c   Code   RO          376    i.LCD_WriteReg      lcd.o
    0x080046a8   0x080046a8   0x0000001c   Code   RO          928    i.MX_FATFS_Init     fatfs.o
    0x080046c4   0x080046c4   0x00000028   Code   RO          966    i.MX_FREERTOS_Init  freertos.o
    0x080046ec   0x080046ec   0x00000078   Code   RO         1014    i.MX_FSMC_Init      fsmc.o
    0x08004764   0x08004764   0x000000b8   Code   RO          681    i.MX_GPIO_Init      gpio.o
    0x0800481c   0x0800481c   0x00000020   Code   RO         1061    i.MX_SDIO_SD_Init   sdio.o
    0x0800483c   0x0800483c   0x0000004c   Code   RO         1103    i.MX_USART1_UART_Init  usart.o
    0x08004888   0x08004888   0x00000002   Code   RO         1146    i.MemManage_Handler  stm32f4xx_it.o
    0x0800488a   0x0800488a   0x00000004   Code   RO         1147    i.NMI_Handler       stm32f4xx_it.o
    0x0800488e   0x0800488e   0x00000020   Code   RO         4019    i.NVIC_SetPriority  stm32f4xx_hal_cortex.o
    0x080048ae   0x080048ae   0x00000024   Code   RO         1567    i.SDIO_ConfigData   stm32f4xx_ll_sdmmc.o
    0x080048d2   0x080048d2   0x00000008   Code   RO         1571    i.SDIO_GetPowerState  stm32f4xx_ll_sdmmc.o
    0x080048da   0x080048da   0x0000000c   Code   RO         1572    i.SDIO_GetResponse  stm32f4xx_ll_sdmmc.o
    0x080048e6   0x080048e6   0x00000024   Code   RO         1573    i.SDIO_Init         stm32f4xx_ll_sdmmc.o
    0x0800490a   0x0800490a   0x00000008   Code   RO         1575    i.SDIO_PowerState_ON  stm32f4xx_ll_sdmmc.o
    0x08004912   0x08004912   0x00000006   Code   RO         1576    i.SDIO_ReadFIFO     stm32f4xx_ll_sdmmc.o
    0x08004918   0x08004918   0x00000020   Code   RO         1577    i.SDIO_SendCommand  stm32f4xx_ll_sdmmc.o
    0x08004938   0x08004938   0x00000032   Code   RO         1580    i.SDMMC_CmdAppCommand  stm32f4xx_ll_sdmmc.o
    0x0800496a   0x0800496a   0x00000002   PAD
    0x0800496c   0x0800496c   0x00000034   Code   RO         1581    i.SDMMC_CmdAppOperCommand  stm32f4xx_ll_sdmmc.o
    0x080049a0   0x080049a0   0x00000032   Code   RO         1582    i.SDMMC_CmdBlockLength  stm32f4xx_ll_sdmmc.o
    0x080049d2   0x080049d2   0x00000032   Code   RO         1583    i.SDMMC_CmdBusWidth  stm32f4xx_ll_sdmmc.o
    0x08004a04   0x08004a04   0x00000050   Code   RO         1587    i.SDMMC_CmdGoIdleState  stm32f4xx_ll_sdmmc.o
    0x08004a54   0x08004a54   0x00000068   Code   RO         1589    i.SDMMC_CmdOperCond  stm32f4xx_ll_sdmmc.o
    0x08004abc   0x08004abc   0x00000032   Code   RO         1590    i.SDMMC_CmdReadMultiBlock  stm32f4xx_ll_sdmmc.o
    0x08004aee   0x08004aee   0x00000032   Code   RO         1591    i.SDMMC_CmdReadSingleBlock  stm32f4xx_ll_sdmmc.o
    0x08004b20   0x08004b20   0x00000032   Code   RO         1594    i.SDMMC_CmdSelDesel  stm32f4xx_ll_sdmmc.o
    0x08004b52   0x08004b52   0x0000002c   Code   RO         1595    i.SDMMC_CmdSendCID  stm32f4xx_ll_sdmmc.o
    0x08004b7e   0x08004b7e   0x0000002c   Code   RO         1596    i.SDMMC_CmdSendCSD  stm32f4xx_ll_sdmmc.o
    0x08004baa   0x08004baa   0x00000030   Code   RO         1597    i.SDMMC_CmdSendSCR  stm32f4xx_ll_sdmmc.o
    0x08004bda   0x08004bda   0x00000032   Code   RO         1598    i.SDMMC_CmdSendStatus  stm32f4xx_ll_sdmmc.o
    0x08004c0c   0x08004c0c   0x00000030   Code   RO         1599    i.SDMMC_CmdSetRelAdd  stm32f4xx_ll_sdmmc.o
    0x08004c3c   0x08004c3c   0x00000034   Code   RO         1601    i.SDMMC_CmdStopTransfer  stm32f4xx_ll_sdmmc.o
    0x08004c70   0x08004c70   0x00000032   Code   RO         1603    i.SDMMC_CmdWriteMultiBlock  stm32f4xx_ll_sdmmc.o
    0x08004ca2   0x08004ca2   0x00000032   Code   RO         1604    i.SDMMC_CmdWriteSingleBlock  stm32f4xx_ll_sdmmc.o
    0x08004cd4   0x08004cd4   0x0000011c   Code   RO         1605    i.SDMMC_GetCmdResp1  stm32f4xx_ll_sdmmc.o
    0x08004df0   0x08004df0   0x00000050   Code   RO         1606    i.SDMMC_GetCmdResp2  stm32f4xx_ll_sdmmc.o
    0x08004e40   0x08004e40   0x00000040   Code   RO         1607    i.SDMMC_GetCmdResp3  stm32f4xx_ll_sdmmc.o
    0x08004e80   0x08004e80   0x00000084   Code   RO         1608    i.SDMMC_GetCmdResp6  stm32f4xx_ll_sdmmc.o
    0x08004f04   0x08004f04   0x00000020   Code   RO          851    i.SD_CheckStatus    sd_diskio.o
    0x08004f24   0x08004f24   0x00000056   Code   RO         1858    i.SD_DMAError       stm32f4xx_hal_sd.o
    0x08004f7a   0x08004f7a   0x0000003e   Code   RO         1859    i.SD_DMAReceiveCplt  stm32f4xx_hal_sd.o
    0x08004fb8   0x08004fb8   0x0000000e   Code   RO         1861    i.SD_DMATransmitCplt  stm32f4xx_hal_sd.o
    0x08004fc6   0x08004fc6   0x000000d4   Code   RO         1863    i.SD_FindSCR        stm32f4xx_hal_sd.o
    0x0800509a   0x0800509a   0x000000e6   Code   RO         1864    i.SD_InitCard       stm32f4xx_hal_sd.o
    0x08005180   0x08005180   0x000000a2   Code   RO         1865    i.SD_PowerON        stm32f4xx_hal_sd.o
    0x08005222   0x08005222   0x0000004e   Code   RO         1867    i.SD_WideBus_Disable  stm32f4xx_hal_sd.o
    0x08005270   0x08005270   0x0000004e   Code   RO         1868    i.SD_WideBus_Enable  stm32f4xx_hal_sd.o
    0x080052be   0x080052be   0x00000002   PAD
    0x080052c0   0x080052c0   0x00000044   Code   RO          852    i.SD_initialize     sd_diskio.o
    0x08005304   0x08005304   0x00000050   Code   RO          853    i.SD_ioctl          sd_diskio.o
    0x08005354   0x08005354   0x00000054   Code   RO          854    i.SD_read           sd_diskio.o
    0x080053a8   0x080053a8   0x00000004   Code   RO          855    i.SD_status         sd_diskio.o
    0x080053ac   0x080053ac   0x00000054   Code   RO          856    i.SD_write          sd_diskio.o
    0x08005400   0x08005400   0x0000000c   Code   RO          967    i.StartDefaultTask  freertos.o
    0x0800540c   0x0800540c   0x00000004   Code   RO         1148    i.SysTick_Handler   stm32f4xx_it.o
    0x08005410   0x08005410   0x000000a4   Code   RO          559    i.SystemClock_Config  main.o
    0x080054b4   0x080054b4   0x00000054   Code   RO         1284    i.SystemInit        system_stm32f4xx.o
    0x08005508   0x08005508   0x0000000c   Code   RO         1149    i.TIM7_IRQHandler   stm32f4xx_it.o
    0x08005514   0x08005514   0x000000c0   Code   RO         2152    i.TIM_Base_SetConfig  stm32f4xx_hal_tim.o
    0x080055d4   0x080055d4   0x00000010   Code   RO         2974    i.UART_DMAAbortOnError  stm32f4xx_hal_uart.o
    0x080055e4   0x080055e4   0x0000001c   Code   RO         2984    i.UART_EndRxTransfer  stm32f4xx_hal_uart.o
    0x08005600   0x08005600   0x0000008c   Code   RO         2986    i.UART_Receive_IT   stm32f4xx_hal_uart.o
    0x0800568c   0x0800568c   0x000002ac   Code   RO         2987    i.UART_SetConfig    stm32f4xx_hal_uart.o
    0x08005938   0x08005938   0x00000062   Code   RO         2988    i.UART_Transmit_IT  stm32f4xx_hal_uart.o
    0x0800599a   0x0800599a   0x00000064   Code   RO         2989    i.UART_WaitOnFlagUntilTimeout  stm32f4xx_hal_uart.o
    0x080059fe   0x080059fe   0x00000002   PAD
    0x08005a00   0x08005a00   0x0000000c   Code   RO         1150    i.USART1_IRQHandler  stm32f4xx_it.o
    0x08005a0c   0x08005a0c   0x00000002   Code   RO         1151    i.UsageFault_Handler  stm32f4xx_it.o
    0x08005a0e   0x08005a0e   0x00000002   Code   RO          560    i._Error_Handler    main.o
    0x08005a10   0x08005a10   0x00000020   Code   RO         6131    i.__0printf$5       mc_w.l(printf5.o)
    0x08005a30   0x08005a30   0x0000000e   Code   RO         6303    i.__scatterload_copy  mc_w.l(handlers.o)
    0x08005a3e   0x08005a3e   0x00000002   Code   RO         6304    i.__scatterload_null  mc_w.l(handlers.o)
    0x08005a40   0x08005a40   0x0000000e   Code   RO         6305    i.__scatterload_zeroinit  mc_w.l(handlers.o)
    0x08005a4e   0x08005a4e   0x00000002   PAD
    0x08005a50   0x08005a50   0x000002c0   Code   RO         6138    i._printf_core      mc_w.l(printf5.o)
    0x08005d10   0x08005d10   0x0000001a   Code   RO          193    i.delay_ms          delay.o
    0x08005d2a   0x08005d2a   0x00000002   PAD
    0x08005d2c   0x08005d2c   0x00000034   Code   RO          194    i.delay_us          delay.o
    0x08005d60   0x08005d60   0x00000038   Code   RO          195    i.delay_xms         delay.o
    0x08005d98   0x08005d98   0x00000018   Code   RO          561    i.fputc             main.o
    0x08005db0   0x08005db0   0x0000000c   Code   RO         5105    i.inHandlerMode     cmsis_os.o
    0x08005dbc   0x08005dbc   0x00000080   Code   RO          562    i.main              main.o
    0x08005e3c   0x08005e3c   0x0000000c   Code   RO         5107    i.makeFreeRtosPriority  cmsis_os.o
    0x08005e48   0x08005e48   0x0000000e   Code   RO         5109    i.osDelay           cmsis_os.o
    0x08005e56   0x08005e56   0x00000012   Code   RO         5111    i.osKernelRunning   cmsis_os.o
    0x08005e68   0x08005e68   0x0000000a   Code   RO         5112    i.osKernelStart     cmsis_os.o
    0x08005e72   0x08005e72   0x00000018   Code   RO         5113    i.osKernelSysTick   cmsis_os.o
    0x08005e8a   0x08005e8a   0x00000008   Code   RO         5121    i.osMessageCreate   cmsis_os.o
    0x08005e92   0x08005e92   0x00000002   PAD
    0x08005e94   0x08005e94   0x00000098   Code   RO         5123    i.osMessageGet      cmsis_os.o
    0x08005f2c   0x08005f2c   0x0000005c   Code   RO         5125    i.osMessagePut      cmsis_os.o
    0x08005f88   0x08005f88   0x00000014   Code   RO         5145    i.osSystickHandler  cmsis_os.o
    0x08005f9c   0x08005f9c   0x0000002e   Code   RO         5146    i.osThreadCreate    cmsis_os.o
    0x08005fca   0x08005fca   0x00000002   PAD
    0x08005fcc   0x08005fcc   0x00000070   Code   RO         4796    i.prvAddCurrentTaskToDelayedList  tasks.o
    0x0800603c   0x0800603c   0x000000d0   Code   RO         4797    i.prvAddNewTaskToReadyList  tasks.o
    0x0800610c   0x0800610c   0x00000050   Code   RO         4798    i.prvCheckTasksWaitingTermination  tasks.o
    0x0800615c   0x0800615c   0x00000026   Code   RO         4644    i.prvCopyDataFromQueue  queue.o
    0x08006182   0x08006182   0x0000006c   Code   RO         4645    i.prvCopyDataToQueue  queue.o
    0x080061ee   0x080061ee   0x00000014   Code   RO         4799    i.prvDeleteTCB      tasks.o
    0x08006202   0x08006202   0x00000002   PAD
    0x08006204   0x08006204   0x0000004c   Code   RO         4307    i.prvHeapInit       heap_4.o
    0x08006250   0x08006250   0x00000028   Code   RO         4800    i.prvIdleTask       tasks.o
    0x08006278   0x08006278   0x0000008e   Code   RO         4801    i.prvInitialiseNewTask  tasks.o
    0x08006306   0x08006306   0x00000002   PAD
    0x08006308   0x08006308   0x0000004c   Code   RO         4308    i.prvInsertBlockIntoFreeList  heap_4.o
    0x08006354   0x08006354   0x0000001c   Code   RO         4646    i.prvIsQueueEmpty   queue.o
    0x08006370   0x08006370   0x00000020   Code   RO         4802    i.prvResetNextTaskUnblockTime  tasks.o
    0x08006390   0x08006390   0x00000028   Code   RO         4394    i.prvTaskExitError  port.o
    0x080063b8   0x080063b8   0x0000006a   Code   RO         4647    i.prvUnlockQueue    queue.o
    0x08006422   0x08006422   0x00000002   PAD
    0x08006424   0x08006424   0x000000d8   Code   RO         4309    i.pvPortMalloc      heap_4.o
    0x080064fc   0x080064fc   0x00000018   Code   RO         4804    i.pvTaskIncrementMutexHeldCount  tasks.o
    0x08006514   0x08006514   0x0000002c   Code   RO         4395    i.pxPortInitialiseStack  port.o
    0x08006540   0x08006540   0x0000004c   Code   RO          563    i.start_task        main.o
    0x0800658c   0x0800658c   0x00000024   Code   RO         4595    i.uxListRemove      list.o
    0x080065b0   0x080065b0   0x00000016   Code   RO         4596    i.vListInitialise   list.o
    0x080065c6   0x080065c6   0x00000006   Code   RO         4597    i.vListInitialiseItem  list.o
    0x080065cc   0x080065cc   0x00000030   Code   RO         4598    i.vListInsert       list.o
    0x080065fc   0x080065fc   0x00000018   Code   RO         4599    i.vListInsertEnd    list.o
    0x08006614   0x08006614   0x00000040   Code   RO         4397    i.vPortEnterCritical  port.o
    0x08006654   0x08006654   0x00000028   Code   RO         4398    i.vPortExitCritical  port.o
    0x0800667c   0x0800667c   0x0000005c   Code   RO         4310    i.vPortFree         heap_4.o
    0x080066d8   0x080066d8   0x00000020   Code   RO         4399    i.vPortSetupTimerInterrupt  port.o
    0x080066f8   0x080066f8   0x00000054   Code   RO         4400    i.vPortValidateInterruptPriority  port.o
    0x0800674c   0x0800674c   0x0000004c   Code   RO         4810    i.vTaskDelay        tasks.o
    0x08006798   0x08006798   0x0000000c   Code   RO         4813    i.vTaskMissedYield  tasks.o
    0x080067a4   0x080067a4   0x00000030   Code   RO         4815    i.vTaskPlaceOnEventList  tasks.o
    0x080067d4   0x080067d4   0x00000084   Code   RO         4817    i.vTaskPriorityInherit  tasks.o
    0x08006858   0x08006858   0x00000024   Code   RO         4820    i.vTaskSetTimeOutState  tasks.o
    0x0800687c   0x0800687c   0x00000068   Code   RO         4821    i.vTaskStartScheduler  tasks.o
    0x080068e4   0x080068e4   0x00000010   Code   RO         4823    i.vTaskSuspendAll   tasks.o
    0x080068f4   0x080068f4   0x0000005c   Code   RO         4824    i.vTaskSwitchContext  tasks.o
    0x08006950   0x08006950   0x000000e0   Code   RO         4401    i.xPortStartScheduler  port.o
    0x08006a30   0x08006a30   0x0000002c   Code   RO         4402    i.xPortSysTickHandler  port.o
    0x08006a5c   0x08006a5c   0x00000048   Code   RO         4655    i.xQueueGenericCreate  queue.o
    0x08006aa4   0x08006aa4   0x0000016c   Code   RO         4656    i.xQueueGenericReceive  queue.o
    0x08006c10   0x08006c10   0x00000088   Code   RO         4657    i.xQueueGenericReset  queue.o
    0x08006c98   0x08006c98   0x00000160   Code   RO         4658    i.xQueueGenericSend  queue.o
    0x08006df8   0x08006df8   0x000000bc   Code   RO         4659    i.xQueueGenericSendFromISR  queue.o
    0x08006eb4   0x08006eb4   0x0000009a   Code   RO         4664    i.xQueueReceiveFromISR  queue.o
    0x08006f4e   0x08006f4e   0x00000002   PAD
    0x08006f50   0x08006f50   0x0000006c   Code   RO         4825    i.xTaskCheckForTimeOut  tasks.o
    0x08006fbc   0x08006fbc   0x00000056   Code   RO         4826    i.xTaskCreate       tasks.o
    0x08007012   0x08007012   0x00000002   PAD
    0x08007014   0x08007014   0x0000001c   Code   RO         4830    i.xTaskGetSchedulerState  tasks.o
    0x08007030   0x08007030   0x0000000c   Code   RO         4831    i.xTaskGetTickCount  tasks.o
    0x0800703c   0x0800703c   0x00000010   Code   RO         4832    i.xTaskGetTickCountFromISR  tasks.o
    0x0800704c   0x0800704c   0x000000c8   Code   RO         4833    i.xTaskIncrementTick  tasks.o
    0x08007114   0x08007114   0x00000098   Code   RO         4836    i.xTaskPriorityDisinherit  tasks.o
    0x080071ac   0x080071ac   0x00000078   Code   RO         4837    i.xTaskRemoveFromEventList  tasks.o
    0x08007224   0x08007224   0x000000c4   Code   RO         4839    i.xTaskResumeAll    tasks.o
    0x080072e8   0x080072e8   0x00004740   Data   RO          379    .constdata          lcd.o
    0x0800ba28   0x0800ba28   0x00000014   Data   RO          857    .constdata          sd_diskio.o
    0x0800ba3c   0x0800ba3c   0x00000008   Data   RO          858    .constdata          sd_diskio.o
    0x0800ba44   0x0800ba44   0x00000014   Data   RO          968    .constdata          freertos.o
    0x0800ba58   0x0800ba58   0x00000010   Data   RO         1285    .constdata          system_stm32f4xx.o
    0x0800ba68   0x0800ba68   0x00000008   Data   RO         1286    .constdata          system_stm32f4xx.o
    0x0800ba70   0x0800ba70   0x0000000c   Data   RO          969    .conststring        freertos.o
    0x0800ba7c   0x0800ba7c   0x00000020   Data   RO         6301    Region$$Table       anon$$obj.o


    Execution Region RW_IRAM1 (Exec base: 0x20000000, Load base: 0x0800ba9c, Size: 0x00005000, Max: 0x00020000, ABSOLUTE)

    Exec Addr    Load Addr    Size         Type   Attr      Idx    E Section Name        Object

    0x20000000   0x0800ba9c   0x00000004   Data   RW          196    .data               delay.o
    0x20000004   0x0800baa0   0x00000008   Data   RW          380    .data               lcd.o
    0x2000000c   0x0800baa8   0x00000004   Data   RW          564    .data               main.o
    0x20000010   0x0800baac   0x00000008   Data   RW          859    .data               sd_diskio.o
    0x20000018   0x0800bab4   0x00000005   Data   RW          932    .data               fatfs.o
    0x2000001d   0x0800bab9   0x00000003   PAD
    0x20000020   0x0800babc   0x00000004   Data   RW          970    .data               freertos.o
    0x20000024   0x0800bac0   0x00000008   Data   RW         1016    .data               fsmc.o
    0x2000002c   0x0800bac8   0x00000004   Data   RW         1287    .data               system_stm32f4xx.o
    0x20000030   0x0800bacc   0x0000000c   Data   RW         4161    .data               stm32f4xx_hal.o
    0x2000003c   0x0800bad8   0x00000018   Data   RW         4315    .data               heap_4.o
    0x20000054   0x0800baf0   0x0000000c   Data   RW         4403    .data               port.o
    0x20000060   0x0800bafc   0x0000003c   Data   RW         4842    .data               tasks.o
    0x2000009c   0x0800bb38   0x00000004   Data   RW         6279    .data               mc_w.l(stdout.o)
    0x200000a0        -       0x0000005e   Zero   RW          378    .bss                lcd.o
    0x200000fe   0x0800bb3c   0x00000002   PAD
    0x20000100        -       0x00000050   Zero   RW         1015    .bss                fsmc.o
    0x20000150        -       0x00000084   Zero   RW         1062    .bss                sdio.o
    0x200001d4        -       0x00000040   Zero   RW         1104    .bss                usart.o
    0x20000214        -       0x0000003c   Zero   RW         1246    .bss                stm32f4xx_hal_timebase_tim.o
    0x20000250        -       0x00003c00   Zero   RW         4314    .bss                heap_4.o
    0x20003e50        -       0x000001a4   Zero   RW         4841    .bss                tasks.o
    0x20003ff4        -       0x0000000c   Zero   RW         5946    .bss                ff_gen_drv.o
    0x20004000        -       0x00001000   Zero   RW            1    STACK               startup_stm32f407xx.o



  Load Region LR$$.ARM.__AT_0x10000000 (Base: 0x10000000, Size: 0x00000000, Max: 0x0000f000, ABSOLUTE)

    Execution Region ER$$.ARM.__AT_0x10000000 (Exec base: 0x10000000, Load base: 0x10000000, Size: 0x0000f000, Max: 0x0000f000, ABSOLUTE, UNINIT)

    Exec Addr    Load Addr    Size         Type   Attr      Idx    E Section Name        Object

    0x10000000        -       0x0000f000   Zero   RW          273    .ARM.__AT_0x10000000  malloc.o



  Load Region LR$$.ARM.__AT_0x1000F000 (Base: 0x1000f000, Size: 0x00000000, Max: 0x00000f00, ABSOLUTE)

    Execution Region ER$$.ARM.__AT_0x1000F000 (Exec base: 0x1000f000, Load base: 0x1000f000, Size: 0x00000f00, Max: 0x00000f00, ABSOLUTE, UNINIT)

    Exec Addr    Load Addr    Size         Type   Attr      Idx    E Section Name        Object

    0x1000f000        -       0x00000f00   Zero   RW          274    .ARM.__AT_0x1000F000  malloc.o



  Load Region LR$$.ARM.__AT_0x68000000 (Base: 0x68000000, Size: 0x00000000, Max: 0x000f0000, ABSOLUTE)

    Execution Region ER$$.ARM.__AT_0x68000000 (Exec base: 0x68000000, Load base: 0x68000000, Size: 0x000f0000, Max: 0x000f0000, ABSOLUTE, UNINIT)

    Exec Addr    Load Addr    Size         Type   Attr      Idx    E Section Name        Object

    0x68000000        -       0x000f0000   Zero   RW          275    .ARM.__AT_0x68000000  malloc.o



  Load Region LR$$.ARM.__AT_0x680F0000 (Base: 0x680f0000, Size: 0x00000000, Max: 0x0000f000, ABSOLUTE)

    Execution Region ER$$.ARM.__AT_0x680F0000 (Exec base: 0x680f0000, Load base: 0x680f0000, Size: 0x0000f000, Max: 0x0000f000, ABSOLUTE, UNINIT)

    Exec Addr    Load Addr    Size         Type   Attr      Idx    E Section Name        Object

    0x680f0000        -       0x0000f000   Zero   RW          276    .ARM.__AT_0x680F0000  malloc.o


==============================================================================

Image component sizes


      Code (inc. data)   RO Data    RW Data    ZI Data      Debug   Object Name

       152         20          0          0          0       3910   bsp_driver_sd.o
       408         12          0          0          0      21924   cmsis_os.o
       134          8          0          4          0      12074   delay.o
         0          0          0          0          0       8016   event_groups.o
        28         10          0          5          0        978   fatfs.o
        70          6          0          0         12       1599   ff_gen_drv.o
        52         10         32          4          0       1614   freertos.o
       284         52          0          8         80       2139   fsmc.o
       184          8          0          0          0       1059   gpio.o
       460         24          0         24      15360       8731   heap_4.o
     10780        112      18240          8         94      17255   lcd.o
       136          0          0          0          0       3474   list.o
       414         76          0          4          0      13062   main.o
         0          0          0          0    1109760       1969   malloc.o
       758         84          0         12          0      11761   port.o
      1546         14          0          0          0      13688   queue.o
       372         36         28          8          0      10738   sd_diskio.o
       132         26          0          0        132       1513   sdio.o
       120         26          0          0          0     716593   sram.o
        36          8        392          0       4096        824   startup_stm32f407xx.o
       116         18          0         12          0       3826   stm32f4xx_hal.o
       218         14          0          0          0      30961   stm32f4xx_hal_cortex.o
       196          0          0          0          0       2910   stm32f4xx_hal_dma.o
       450         44          0          0          0       2989   stm32f4xx_hal_gpio.o
       132          6          0          0          0        886   stm32f4xx_hal_msp.o
      1378        100          0          0          0       7808   stm32f4xx_hal_rcc.o
      2224         30          0          0          0      14291   stm32f4xx_hal_sd.o
        86          0          0          0          0       1188   stm32f4xx_hal_sram.o
       638         44          0          0          0       6934   stm32f4xx_hal_tim.o
         4          0          0          0          0       1574   stm32f4xx_hal_tim_ex.o
       116         16          0          0         60       1416   stm32f4xx_hal_timebase_tim.o
      1628         14          0          0          0       9383   stm32f4xx_hal_uart.o
        42         12          0          0          0       4001   stm32f4xx_it.o
       216         12          0          0          0       2659   stm32f4xx_ll_fsmc.o
      1620         42          0          0          0      21786   stm32f4xx_ll_sdmmc.o
        84         18         24          4          0       1123   system_stm32f4xx.o
      2092        192          0         60        420      23276   tasks.o
       168         36          0          0         64       1602   usart.o

    ----------------------------------------------------------------------
     27512       1130      18748        156    1130080     991534   Object Totals
         0          0         32          0          0          0   (incl. Generated)
        38          0          0          3          2          0   (incl. Padding)

    ----------------------------------------------------------------------

      Code (inc. data)   RO Data    RW Data    ZI Data      Debug   Library Member Name

         0          0          0          0          0          0   entry.o
         0          0          0          0          0          0   entry10a.o
         0          0          0          0          0          0   entry11a.o
         8          4          0          0          0          0   entry2.o
         4          0          0          0          0          0   entry5.o
         0          0          0          0          0          0   entry7b.o
         0          0          0          0          0          0   entry8b.o
         8          4          0          0          0          0   entry9a.o
        30          0          0          0          0          0   handlers.o
        36          8          0          0          0         68   init.o
         0          0          0          0          0          0   iusefp.o
        30          0          0          0          0         68   llshl.o
        32          0          0          0          0         68   llushr.o
        36          0          0          0          0         68   memcpya.o
       736         56          0          0          0        184   printf5.o
         0          0          0          4          0          0   stdout.o
        98          0          0          0          0         92   uldiv.o
       186          0          0          0          0        176   depilogue.o
        50          0          0          0          0         76   dfixui.o
        26          0          0          0          0         76   dfltui.o
       228          0          0          0          0         96   dmul.o

    ----------------------------------------------------------------------
      1512         72          0          4          0        972   Library Totals
         4          0          0          0          0          0   (incl. Padding)

    ----------------------------------------------------------------------

      Code (inc. data)   RO Data    RW Data    ZI Data      Debug   Library Name

      1018         72          0          4          0        548   mc_w.l
       490          0          0          0          0        424   mf_w.l

    ----------------------------------------------------------------------
      1512         72          0          4          0        972   Library Totals

    ----------------------------------------------------------------------

==============================================================================


      Code (inc. data)   RO Data    RW Data    ZI Data      Debug   

     29024       1202      18748        160    1130080     970742   Grand Totals
     29024       1202      18748        160    1130080     970742   ELF Image Totals
     29024       1202      18748        160          0          0   ROM Totals

==============================================================================

    Total RO  Size (Code + RO Data)                47772 (  46.65kB)
    Total RW  Size (RW Data + ZI Data)           1130240 (1103.75kB)
    Total ROM Size (Code + RO Data + RW Data)      47932 (  46.81kB)

==============================================================================

