Component: ARM Compiler 5.06 update 6 (build 750) Tool: armlink [4d35ed]

==============================================================================

Section Cross References

    startup_stm32f407xx.o(RESET) refers to startup_stm32f407xx.o(STACK) for __initial_sp
    startup_stm32f407xx.o(RESET) refers to startup_stm32f407xx.o(.text) for Reset_Handler
    startup_stm32f407xx.o(RESET) refers to stm32f4xx_it.o(i.NMI_Handler) for NMI_Handler
    startup_stm32f407xx.o(RESET) refers to stm32f4xx_it.o(i.HardFault_Handler) for HardFault_Handler
    startup_stm32f407xx.o(RESET) refers to stm32f4xx_it.o(i.MemManage_Handler) for MemManage_Handler
    startup_stm32f407xx.o(RESET) refers to stm32f4xx_it.o(i.BusFault_Handler) for BusFault_Handler
    startup_stm32f407xx.o(RESET) refers to stm32f4xx_it.o(i.UsageFault_Handler) for UsageFault_Handler
    startup_stm32f407xx.o(RESET) refers to port.o(.emb_text) for SVC_Handler
    startup_stm32f407xx.o(RESET) refers to stm32f4xx_it.o(i.DebugMon_Handler) for DebugMon_Handler
    startup_stm32f407xx.o(RESET) refers to stm32f4xx_it.o(i.SysTick_Handler) for SysTick_Handler
    startup_stm32f407xx.o(RESET) refers to stm32f4xx_it.o(i.USART1_IRQHandler) for USART1_IRQHandler
    startup_stm32f407xx.o(RESET) refers to stm32f4xx_it.o(i.TIM7_IRQHandler) for TIM7_IRQHandler
    startup_stm32f407xx.o(.text) refers to system_stm32f4xx.o(i.SystemInit) for SystemInit
    startup_stm32f407xx.o(.text) refers to entry.o(.ARM.Collect$$$$00000000) for __main
    sram.o(i.FSMC_SRAM_Init) refers to stm32f4xx_hal_sram.o(i.HAL_SRAM_Init) for HAL_SRAM_Init
    sram.o(i.FSMC_SRAM_Init) refers to main.o(i._Error_Handler) for _Error_Handler
    delay.o(i.delay_init) refers to delay.o(.data) for .data
    delay.o(i.delay_ms) refers to delay.o(i.delay_xms) for delay_xms
    delay.o(i.delay_us) refers to delay.o(.data) for .data
    delay.o(i.delay_xms) refers to delay.o(.data) for .data
    malloc.o(i.my_mem_free) refers to malloc.o(.data) for .data
    malloc.o(i.my_mem_free) refers to malloc.o(.constdata) for .constdata
    malloc.o(i.my_mem_init) refers to malloc.o(i.mymemset) for mymemset
    malloc.o(i.my_mem_init) refers to malloc.o(.constdata) for .constdata
    malloc.o(i.my_mem_init) refers to malloc.o(.data) for .data
    malloc.o(i.my_mem_malloc) refers to malloc.o(.data) for .data
    malloc.o(i.my_mem_malloc) refers to malloc.o(.constdata) for .constdata
    malloc.o(i.my_mem_perused) refers to malloc.o(.constdata) for .constdata
    malloc.o(i.my_mem_perused) refers to malloc.o(.data) for .data
    malloc.o(i.myfree) refers to malloc.o(i.my_mem_free) for my_mem_free
    malloc.o(i.myfree) refers to malloc.o(.data) for .data
    malloc.o(i.mymalloc) refers to malloc.o(i.my_mem_malloc) for my_mem_malloc
    malloc.o(i.mymalloc) refers to malloc.o(.data) for .data
    malloc.o(i.myrealloc) refers to malloc.o(i.my_mem_malloc) for my_mem_malloc
    malloc.o(i.myrealloc) refers to malloc.o(i.mymemcpy) for mymemcpy
    malloc.o(i.myrealloc) refers to malloc.o(i.myfree) for myfree
    malloc.o(i.myrealloc) refers to malloc.o(.data) for .data
    malloc.o(.data) refers to malloc.o(i.my_mem_init) for my_mem_init
    malloc.o(.data) refers to malloc.o(i.my_mem_perused) for my_mem_perused
    malloc.o(.data) refers to malloc.o(.bss) for mem1base
    malloc.o(.data) refers to malloc.o(.ARM.__AT_0x68000000) for mem2base
    malloc.o(.data) refers to malloc.o(.ARM.__AT_0x10000000) for mem3base
    malloc.o(.data) refers to malloc.o(.bss) for mem1mapbase
    malloc.o(.data) refers to malloc.o(.ARM.__AT_0x680F0000) for mem2mapbase
    malloc.o(.data) refers to malloc.o(.ARM.__AT_0x1000F000) for mem3mapbase
    main.o(i.HAL_TIM_PeriodElapsedCallback) refers to stm32f4xx_hal.o(i.HAL_IncTick) for HAL_IncTick
    main.o(i.SystemClock_Config) refers to stm32f4xx_hal_rcc.o(i.HAL_RCC_OscConfig) for HAL_RCC_OscConfig
    main.o(i.SystemClock_Config) refers to stm32f4xx_hal_rcc.o(i.HAL_RCC_ClockConfig) for HAL_RCC_ClockConfig
    main.o(i.SystemClock_Config) refers to stm32f4xx_hal_rcc.o(i.HAL_RCC_EnableCSS) for HAL_RCC_EnableCSS
    main.o(i.SystemClock_Config) refers to stm32f4xx_hal_rcc.o(i.HAL_RCC_GetHCLKFreq) for HAL_RCC_GetHCLKFreq
    main.o(i.SystemClock_Config) refers to stm32f4xx_hal_cortex.o(i.HAL_SYSTICK_Config) for HAL_SYSTICK_Config
    main.o(i.SystemClock_Config) refers to stm32f4xx_hal_cortex.o(i.HAL_SYSTICK_CLKSourceConfig) for HAL_SYSTICK_CLKSourceConfig
    main.o(i.SystemClock_Config) refers to stm32f4xx_hal_cortex.o(i.HAL_NVIC_SetPriority) for HAL_NVIC_SetPriority
    main.o(i.fputc) refers to stm32f4xx_hal_uart.o(i.HAL_UART_Transmit) for HAL_UART_Transmit
    main.o(i.fputc) refers to usart.o(.bss) for huart1
    main.o(i.main) refers to stm32f4xx_hal.o(i.HAL_Init) for HAL_Init
    main.o(i.main) refers to main.o(i.SystemClock_Config) for SystemClock_Config
    main.o(i.main) refers to gpio.o(i.MX_GPIO_Init) for MX_GPIO_Init
[...]
    ../clib/microlib/init/entry.s            0x00000000   Number         0  entry8a.o ABSOLUTE
    ../clib/microlib/init/entry.s            0x00000000   Number         0  entry8b.o ABSOLUTE
    ../clib/microlib/init/entry.s            0x00000000   Number         0  entry5.o ABSOLUTE
    ../clib/microlib/init/entry.s            0x00000000   Number         0  entry9a.o ABSOLUTE
    ../clib/microlib/init/entry.s            0x00000000   Number         0  entry9b.o ABSOLUTE
    ../clib/microlib/init/entry.s            0x00000000   Number         0  entry10a.o ABSOLUTE
    ../clib/microlib/init/entry.s            0x00000000   Number         0  entry10b.o ABSOLUTE
    ../clib/microlib/longlong.c              0x00000000   Number         0  llushr.o ABSOLUTE
    ../clib/microlib/longlong.c              0x00000000   Number         0  llshl.o ABSOLUTE
    ../clib/microlib/string/memcpy.c         0x00000000   Number         0  memcpya.o ABSOLUTE
    ../clib/microlib/string/memcpy.c         0x00000000   Number         0  memcpyb.o ABSOLUTE
    ..\Src\MALLOC\malloc.c                   0x00000000   Number         0  malloc.o ABSOLUTE
    ..\Src\SRAM\sram.c                       0x00000000   Number         0  sram.o ABSOLUTE
    ..\Src\delay\delay.c                     0x00000000   Number         0  delay.o ABSOLUTE
    ..\Src\freertos.c                        0x00000000   Number         0  freertos.o ABSOLUTE
    ..\Src\fsmc.c                            0x00000000   Number         0  fsmc.o ABSOLUTE
    ..\Src\gpio.c                            0x00000000   Number         0  gpio.o ABSOLUTE
    ..\Src\main.c                            0x00000000   Number         0  main.o ABSOLUTE
    ..\Src\sdio.c                            0x00000000   Number         0  sdio.o ABSOLUTE
    ..\Src\stm32f4xx_hal_msp.c               0x00000000   Number         0  stm32f4xx_hal_msp.o ABSOLUTE
    ..\Src\stm32f4xx_hal_timebase_TIM.c      0x00000000   Number         0  stm32f4xx_hal_timebase_tim.o ABSOLUTE
    ..\Src\stm32f4xx_it.c                    0x00000000   Number         0  stm32f4xx_it.o ABSOLUTE
    ..\Src\sys\sys.c                         0x00000000   Number         0  sys.o ABSOLUTE
    ..\Src\usart.c                           0x00000000   Number         0  usart.o ABSOLUTE
    ..\\Src\\MALLOC\\malloc.c                0x00000000   Number         0  malloc.o ABSOLUTE
    ..\\Src\\SRAM\\sram.c                    0x00000000   Number         0  sram.o ABSOLUTE
    ..\\Src\\delay\\delay.c                  0x00000000   Number         0  delay.o ABSOLUTE
    ..\\Src\\sys\\sys.c                      0x00000000   Number         0  sys.o ABSOLUTE
    ..\\Src\system_stm32f4xx.c               0x00000000   Number         0  system_stm32f4xx.o ABSOLUTE
    C:/Users/YANG/STM32Cube/Repository/STM32Cube_FW_F4_V1.21.0/Drivers/STM32F4xx_HAL_Driver/Src/stm32f4xx_hal.c 0x00000000   Number         0  stm32f4xx_hal.o ABSOLUTE
    C:/Users/YANG/STM32Cube/Repository/STM32Cube_FW_F4_V1.21.0/Drivers/STM32F4xx_HAL_Driver/Src/stm32f4xx_hal_cortex.c 0x00000000   Number         0  stm32f4xx_hal_cortex.o ABSOLUTE
    C:/Users/YANG/STM32Cube/Repository/STM32Cube_FW_F4_V1.21.0/Drivers/STM32F4xx_HAL_Driver/Src/stm32f4xx_hal_dma.c 0x00000000   Number         0  stm32f4xx_hal_dma.o ABSOLUTE
    C:/Users/YANG/STM32Cube/Repository/STM32Cube_FW_F4_V1.21.0/Drivers/STM32F4xx_HAL_Driver/Src/stm32f4xx_hal_dma_ex.c 0x00000000   Number         0  stm32f4xx_hal_dma_ex.o ABSOLUTE
    C:/Users/YANG/STM32Cube/Repository/STM32Cube_FW_F4_V1.21.0/Drivers/STM32F4xx_HAL_Driver/Src/stm32f4xx_hal_flash.c 0x00000000   Number         0  stm32f4xx_hal_flash.o ABSOLUTE
    C:/Users/YANG/STM32Cube/Repository/STM32Cube_FW_F4_V1.21.0/Drivers/STM32F4xx_HAL_Driver/Src/stm32f4xx_hal_flash_ex.c 0x00000000   Number         0  stm32f4xx_hal_flash_ex.o ABSOLUTE
    C:/Users/YANG/STM32Cube/Repository/STM32Cube_FW_F4_V1.21.0/Drivers/STM32F4xx_HAL_Driver/Src/stm32f4xx_hal_flash_ramfunc.c 0x00000000   Number         0  stm32f4xx_hal_flash_ramfunc.o ABSOLUTE
    C:/Users/YANG/STM32Cube/Repository/STM32Cube_FW_F4_V1.21.0/Drivers/STM32F4xx_HAL_Driver/Src/stm32f4xx_hal_gpio.c 0x00000000   Number         0  stm32f4xx_hal_gpio.o ABSOLUTE
    C:/Users/YANG/STM32Cube/Repository/STM32Cube_FW_F4_V1.21.0/Drivers/STM32F4xx_HAL_Driver/Src/stm32f4xx_hal_pwr.c 0x00000000   Number         0  stm32f4xx_hal_pwr.o ABSOLUTE
    C:/Users/YANG/STM32Cube/Repository/STM32Cube_FW_F4_V1.21.0/Drivers/STM32F4xx_HAL_Driver/Src/stm32f4xx_hal_pwr_ex.c 0x00000000   Number         0  stm32f4xx_hal_pwr_ex.o ABSOLUTE
    C:/Users/YANG/STM32Cube/Repository/STM32Cube_FW_F4_V1.21.0/Drivers/STM32F4xx_HAL_Driver/Src/stm32f4xx_hal_rcc.c 0x00000000   Number         0  stm32f4xx_hal_rcc.o ABSOLUTE
    C:/Users/YANG/STM32Cube/Repository/STM32Cube_FW_F4_V1.21.0/Drivers/STM32F4xx_HAL_Driver/Src/stm32f4xx_hal_rcc_ex.c 0x00000000   Number         0  stm32f4xx_hal_rcc_ex.o ABSOLUTE
    C:/Users/YANG/STM32Cube/Repository/STM32Cube_FW_F4_V1.21.0/Drivers/STM32F4xx_HAL_Driver/Src/stm32f4xx_hal_sd.c 0x00000000   Number         0  stm32f4xx_hal_sd.o ABSOLUTE
    C:/Users/YANG/STM32Cube/Repository/STM32Cube_FW_F4_V1.21.0/Drivers/STM32F4xx_HAL_Driver/Src/stm32f4xx_hal_sram.c 0x00000000   Number         0  stm32f4xx_hal_sram.o ABSOLUTE
    C:/Users/YANG/STM32Cube/Repository/STM32Cube_FW_F4_V1.21.0/Drivers/STM32F4xx_HAL_Driver/Src/stm32f4xx_hal_tim.c 0x00000000   Number         0  stm32f4xx_hal_tim.o ABSOLUTE
    C:/Users/YANG/STM32Cube/Repository/STM32Cube_FW_F4_V1.21.0/Drivers/STM32F4xx_HAL_Driver/Src/stm32f4xx_hal_tim_ex.c 0x00000000   Number         0  stm32f4xx_hal_tim_ex.o ABSOLUTE
    C:/Users/YANG/STM32Cube/Repository/STM32Cube_FW_F4_V1.21.0/Drivers/STM32F4xx_HAL_Driver/Src/stm32f4xx_hal_uart.c 0x00000000   Number         0  stm32f4xx_hal_uart.o ABSOLUTE
    C:/Users/YANG/STM32Cube/Repository/STM32Cube_FW_F4_V1.21.0/Drivers/STM32F4xx_HAL_Driver/Src/stm32f4xx_ll_fsmc.c 0x00000000   Number         0  stm32f4xx_ll_fsmc.o ABSOLUTE
    C:/Users/YANG/STM32Cube/Repository/STM32Cube_FW_F4_V1.21.0/Drivers/STM32F4xx_HAL_Driver/Src/stm32f4xx_ll_sdmmc.c 0x00000000   Number         0  stm32f4xx_ll_sdmmc.o ABSOLUTE
    C:/Users/YANG/STM32Cube/Repository/STM32Cube_FW_F4_V1.21.0/Middlewares/Third_Party/FreeRTOS/Source/CMSIS_RTOS/cmsis_os.c 0x00000000   Number         0  cmsis_os.o ABSOLUTE
    C:/Users/YANG/STM32Cube/Repository/STM32Cube_FW_F4_V1.21.0/Middlewares/Third_Party/FreeRTOS/Source/croutine.c 0x00000000   Number         0  croutine.o ABSOLUTE
    C:/Users/YANG/STM32Cube/Repository/STM32Cube_FW_F4_V1.21.0/Middlewares/Third_Party/FreeRTOS/Source/event_groups.c 0x00000000   Number         0  event_groups.o ABSOLUTE
    C:/Users/YANG/STM32Cube/Repository/STM32Cube_FW_F4_V1.21.0/Middlewares/Third_Party/FreeRTOS/Source/list.c 0x00000000   Number         0  list.o ABSOLUTE
    C:/Users/YANG/STM32Cube/Repository/STM32Cube_FW_F4_V1.21.0/Middlewares/Third_Party/FreeRTOS/Source/portable/MemMang/heap_4.c 0x00000000   Number         0  heap_4.o ABSOLUTE
    C:/Users/YANG/STM32Cube/Repository/STM32Cube_FW_F4_V1.21.0/Middlewares/Third_Party/FreeRTOS/Source/portable/RVDS/ARM_CM4F/port.c 0x00000000   Number         0  port.o ABSOLUTE
    C:/Users/YANG/STM32Cube/Repository/STM32Cube_FW_F4_V1.21.0/Middlewares/Third_Party/FreeRTOS/Source/queue.c 0x00000000   Number         0  queue.o ABSOLUTE
    C:/Users/YANG/STM32Cube/Repository/STM32Cube_FW_F4_V1.21.0/Middlewares/Third_Party/FreeRTOS/Source/tasks.c 0x00000000   Number         0  tasks.o ABSOLUTE
    C:/Users/YANG/STM32Cube/Repository/STM32Cube_FW_F4_V1.21.0/Middlewares/Third_Party/FreeRTOS/Source/timers.c 0x00000000   Number         0  timers.o ABSOLUTE
    C:\Users\YANG\STM32Cube\Repository\STM32Cube_FW_F4_V1.21.0\Drivers\STM32F4xx_HAL_Driver\Src\stm32f4xx_hal.c 0x00000000   Number         0  stm32f4xx_hal.o ABSOLUTE
    C:\Users\YANG\STM32Cube\Repository\STM32Cube_FW_F4_V1.21.0\Drivers\STM32F4xx_HAL_Driver\Src\stm32f4xx_hal_cortex.c 0x00000000   Number         0  stm32f4xx_hal_cortex.o ABSOLUTE
    C:\Users\YANG\STM32Cube\Repository\STM32Cube_FW_F4_V1.21.0\Drivers\STM32F4xx_HAL_Driver\Src\stm32f4xx_hal_dma.c 0x00000000   Number         0  stm32f4xx_hal_dma.o ABSOLUTE
    C:\Users\YANG\STM32Cube\Repository\STM32Cube_FW_F4_V1.21.0\Drivers\STM32F4xx_HAL_Driver\Src\stm32f4xx_hal_dma_ex.c 0x00000000   Number         0  stm32f4xx_hal_dma_ex.o ABSOLUTE
    C:\Users\YANG\STM32Cube\Repository\STM32Cube_FW_F4_V1.21.0\Drivers\STM32F4xx_HAL_Driver\Src\stm32f4xx_hal_flash.c 0x00000000   Number         0  stm32f4xx_hal_flash.o ABSOLUTE
    C:\Users\YANG\STM32Cube\Repository\STM32Cube_FW_F4_V1.21.0\Drivers\STM32F4xx_HAL_Driver\Src\stm32f4xx_hal_flash_ex.c 0x00000000   Number         0  stm32f4xx_hal_flash_ex.o ABSOLUTE
    C:\Users\YANG\STM32Cube\Repository\STM32Cube_FW_F4_V1.21.0\Drivers\STM32F4xx_HAL_Driver\Src\stm32f4xx_hal_flash_ramfunc.c 0x00000000   Number         0  stm32f4xx_hal_flash_ramfunc.o ABSOLUTE
    C:\Users\YANG\STM32Cube\Repository\STM32Cube_FW_F4_V1.21.0\Drivers\STM32F4xx_HAL_Driver\Src\stm32f4xx_hal_gpio.c 0x00000000   Number         0  stm32f4xx_hal_gpio.o ABSOLUTE
    C:\Users\YANG\STM32Cube\Repository\STM32Cube_FW_F4_V1.21.0\Drivers\STM32F4xx_HAL_Driver\Src\stm32f4xx_hal_pwr.c 0x00000000   Number         0  stm32f4xx_hal_pwr.o ABSOLUTE
    C:\Users\YANG\STM32Cube\Repository\STM32Cube_FW_F4_V1.21.0\Drivers\STM32F4xx_HAL_Driver\Src\stm32f4xx_hal_pwr_ex.c 0x00000000   Number         0  stm32f4xx_hal_pwr_ex.o ABSOLUTE
    C:\Users\YANG\STM32Cube\Repository\STM32Cube_FW_F4_V1.21.0\Drivers\STM32F4xx_HAL_Driver\Src\stm32f4xx_hal_rcc.c 0x00000000   Number         0  stm32f4xx_hal_rcc.o ABSOLUTE
    C:\Users\YANG\STM32Cube\Repository\STM32Cube_FW_F4_V1.21.0\Drivers\STM32F4xx_HAL_Driver\Src\stm32f4xx_hal_rcc_ex.c 0x00000000   Number         0  stm32f4xx_hal_rcc_ex.o ABSOLUTE
    C:\Users\YANG\STM32Cube\Repository\STM32Cube_FW_F4_V1.21.0\Drivers\STM32F4xx_HAL_Driver\Src\stm32f4xx_hal_sd.c 0x00000000   Number         0  stm32f4xx_hal_sd.o ABSOLUTE
    C:\Users\YANG\STM32Cube\Repository\STM32Cube_FW_F4_V1.21.0\Drivers\STM32F4xx_HAL_Driver\Src\stm32f4xx_hal_sram.c 0x00000000   Number         0  stm32f4xx_hal_sram.o ABSOLUTE
    C:\Users\YANG\STM32Cube\Repository\STM32Cube_FW_F4_V1.21.0\Drivers\STM32F4xx_HAL_Driver\Src\stm32f4xx_hal_tim.c 0x00000000   Number         0  stm32f4xx_hal_tim.o ABSOLUTE
    C:\Users\YANG\STM32Cube\Repository\STM32Cube_FW_F4_V1.21.0\Drivers\STM32F4xx_HAL_Driver\Src\stm32f4xx_hal_tim_ex.c 0x00000000   Number         0  stm32f4xx_hal_tim_ex.o ABSOLUTE
    C:\Users\YANG\STM32Cube\Repository\STM32Cube_FW_F4_V1.21.0\Drivers\STM32F4xx_HAL_Driver\Src\stm32f4xx_hal_uart.c 0x00000000   Number         0  stm32f4xx_hal_uart.o ABSOLUTE
    C:\Users\YANG\STM32Cube\Repository\STM32Cube_FW_F4_V1.21.0\Drivers\STM32F4xx_HAL_Driver\Src\stm32f4xx_ll_fsmc.c 0x00000000   Number         0  stm32f4xx_ll_fsmc.o ABSOLUTE
    C:\Users\YANG\STM32Cube\Repository\STM32Cube_FW_F4_V1.21.0\Drivers\STM32F4xx_HAL_Driver\Src\stm32f4xx_ll_sdmmc.c 0x00000000   Number         0  stm32f4xx_ll_sdmmc.o ABSOLUTE
    C:\Users\YANG\STM32Cube\Repository\STM32Cube_FW_F4_V1.21.0\Middlewares\Third_Party\FreeRTOS\Source\CMSIS_RTOS\cmsis_os.c 0x00000000   Number         0  cmsis_os.o ABSOLUTE
    C:\Users\YANG\STM32Cube\Repository\STM32Cube_FW_F4_V1.21.0\Middlewares\Third_Party\FreeRTOS\Source\croutine.c 0x00000000   Number         0  croutine.o ABSOLUTE
    C:\Users\YANG\STM32Cube\Repository\STM32Cube_FW_F4_V1.21.0\Middlewares\Third_Party\FreeRTOS\Source\event_groups.c 0x00000000   Number         0  event_groups.o ABSOLUTE
    C:\Users\YANG\STM32Cube\Repository\STM32Cube_FW_F4_V1.21.0\Middlewares\Third_Party\FreeRTOS\Source\list.c 0x00000000   Number         0  list.o ABSOLUTE
    C:\Users\YANG\STM32Cube\Repository\STM32Cube_FW_F4_V1.21.0\Middlewares\Third_Party\FreeRTOS\Source\portable\MemMang\heap_4.c 0x00000000   Number         0  heap_4.o ABSOLUTE
    C:\Users\YANG\STM32Cube\Repository\STM32Cube_FW_F4_V1.21.0\Middlewares\Third_Party\FreeRTOS\Source\portable\RVDS\ARM_CM4F\port.c 0x00000000   Number         0  port.o ABSOLUTE
    C:\Users\YANG\STM32Cube\Repository\STM32Cube_FW_F4_V1.21.0\Middlewares\Third_Party\FreeRTOS\Source\queue.c 0x00000000   Number         0  queue.o ABSOLUTE
    C:\Users\YANG\STM32Cube\Repository\STM32Cube_FW_F4_V1.21.0\Middlewares\Third_Party\FreeRTOS\Source\tasks.c 0x00000000   Number         0  tasks.o ABSOLUTE
    C:\Users\YANG\STM32Cube\Repository\STM32Cube_FW_F4_V1.21.0\Middlewares\Third_Party\FreeRTOS\Source\timers.c 0x00000000   Number         0  timers.o ABSOLUTE
    dc.s                                     0x00000000   Number         0  dc.o ABSOLUTE
    handlers.s                               0x00000000   Number         0  handlers.o ABSOLUTE
    init.s                                   0x00000000   Number         0  init.o ABSOLUTE
    startup_stm32f407xx.s                    0x00000000   Number         0  startup_stm32f407xx.o ABSOLUTE
    RESET                                    0x08000000   Section      392  startup_stm32f407xx.o(RESET)
    .ARM.Collect$$$$00000000                 0x08000188   Section        0  entry.o(.ARM.Collect$$$$00000000)
    .ARM.Collect$$$$00000001                 0x08000188   Section        4  entry2.o(.ARM.Collect$$$$00000001)
    .ARM.Collect$$$$00000004                 0x0800018c   Section        4  entry5.o(.ARM.Collect$$$$00000004)
    .ARM.Collect$$$$00000008                 0x08000190   Section        0  entry7b.o(.ARM.Collect$$$$00000008)
    .ARM.Collect$$$$0000000A                 0x08000190   Section        0  entry8b.o(.ARM.Collect$$$$0000000A)
    .ARM.Collect$$$$0000000B                 0x08000190   Section        8  entry9a.o(.ARM.Collect$$$$0000000B)
    .ARM.Collect$$$$0000000D                 0x08000198   Section        0  entry10a.o(.ARM.Collect$$$$0000000D)
    .ARM.Collect$$$$0000000F                 0x08000198   Section        0  entry11a.o(.ARM.Collect$$$$0000000F)
    .ARM.Collect$$$$00002712                 0x08000198   Section        4  entry2.o(.ARM.Collect$$$$00002712)
    __lit__00000000                          0x08000198   Data           4  entry2.o(.ARM.Collect$$$$00002712)
    .emb_text                                0x0800019c   Section      186  port.o(.emb_text)
    $v0                                      0x0800019c   Number         0  port.o(.emb_text)
    .text                                    0x08000258   Section       36  startup_stm32f407xx.o(.text)
    $v0                                      0x08000258   Number         0  startup_stm32f407xx.o(.text)
    .text                                    0x0800027c   Section        0  uldiv.o(.text)
    .text                                    0x080002de   Section        0  memcpya.o(.text)
    .text                                    0x08000302   Section        0  llshl.o(.text)
    .text                                    0x08000320   Section        0  llushr.o(.text)
    .text                                    0x08000340   Section       36  init.o(.text)
    i.BusFault_Handler                       0x08000364   Section        0  stm32f4xx_it.o(i.BusFault_Handler)
    i.DebugMon_Handler                       0x08000366   Section        0  stm32f4xx_it.o(i.DebugMon_Handler)
    i.FSMC_NORSRAM_Extended_Timing_Init      0x08000368   Section        0  stm32f4xx_ll_fsmc.o(i.FSMC_NORSRAM_Extended_Timing_Init)
    i.FSMC_NORSRAM_Init                      0x080003a8   Section        0  stm32f4xx_ll_fsmc.o(i.FSMC_NORSRAM_Init)
    i.FSMC_NORSRAM_Timing_Init               0x080003fc   Section        0  stm32f4xx_ll_fsmc.o(i.FSMC_NORSRAM_Timing_Init)
    i.FSMC_SRAM_Init                         0x08000440   Section        0  sram.o(i.FSMC_SRAM_Init)
    i.HAL_DMA_Abort_IT                       0x080004b8   Section        0  stm32f4xx_hal_dma.o(i.HAL_DMA_Abort_IT)
    i.HAL_Delay                              0x080004dc   Section        0  stm32f4xx_hal.o(i.HAL_Delay)
    i.HAL_FSMC_MspInit                       0x08000500   Section        0  fsmc.o(i.HAL_FSMC_MspInit)
    HAL_FSMC_MspInit                         0x08000501   Thumb Code   134  fsmc.o(i.HAL_FSMC_MspInit)
    i.HAL_GPIO_Init                          0x080005a0   Section        0  stm32f4xx_hal_gpio.o(i.HAL_GPIO_Init)
    i.HAL_GPIO_WritePin                      0x08000750   Section        0  stm32f4xx_hal_gpio.o(i.HAL_GPIO_WritePin)
    i.HAL_GetTick                            0x0800075c   Section        0  stm32f4xx_hal.o(i.HAL_GetTick)
    i.HAL_IncTick                            0x08000768   Section        0  stm32f4xx_hal.o(i.HAL_IncTick)
    i.HAL_Init                               0x08000778   Section        0  stm32f4xx_hal.o(i.HAL_Init)
    i.HAL_InitTick                           0x080007ac   Section        0  stm32f4xx_hal_timebase_tim.o(i.HAL_InitTick)
    i.HAL_MspInit                            0x08000820   Section        0  stm32f4xx_hal_msp.o(i.HAL_MspInit)
    i.HAL_NVIC_EnableIRQ                     0x080008a4   Section        0  stm32f4xx_hal_cortex.o(i.HAL_NVIC_EnableIRQ)
    i.HAL_NVIC_SetPriority                   0x080008bc   Section        0  stm32f4xx_hal_cortex.o(i.HAL_NVIC_SetPriority)
    i.HAL_NVIC_SetPriorityGrouping           0x080008fc   Section        0  stm32f4xx_hal_cortex.o(i.HAL_NVIC_SetPriorityGrouping)
    i.HAL_RCC_CSSCallback                    0x08000920   Section        0  stm32f4xx_hal_rcc.o(i.HAL_RCC_CSSCallback)
    i.HAL_RCC_ClockConfig                    0x08000924   Section        0  stm32f4xx_hal_rcc.o(i.HAL_RCC_ClockConfig)
    i.HAL_RCC_EnableCSS                      0x08000a54   Section        0  stm32f4xx_hal_rcc.o(i.HAL_RCC_EnableCSS)
    i.HAL_RCC_GetClockConfig                 0x08000a60   Section        0  stm32f4xx_hal_rcc.o(i.HAL_RCC_GetClockConfig)
    i.HAL_RCC_GetHCLKFreq                    0x08000aa0   Section        0  stm32f4xx_hal_rcc.o(i.HAL_RCC_GetHCLKFreq)
    i.HAL_RCC_GetPCLK1Freq                   0x08000aac   Section        0  stm32f4xx_hal_rcc.o(i.HAL_RCC_GetPCLK1Freq)
    i.HAL_RCC_GetPCLK2Freq                   0x08000acc   Section        0  stm32f4xx_hal_rcc.o(i.HAL_RCC_GetPCLK2Freq)
    i.HAL_RCC_GetSysClockFreq                0x08000aec   Section        0  stm32f4xx_hal_rcc.o(i.HAL_RCC_GetSysClockFreq)
    i.HAL_RCC_NMI_IRQHandler                 0x08000b4c   Section        0  stm32f4xx_hal_rcc.o(i.HAL_RCC_NMI_IRQHandler)
    i.HAL_RCC_OscConfig                      0x08000b68   Section        0  stm32f4xx_hal_rcc.o(i.HAL_RCC_OscConfig)
    i.HAL_SD_ConfigWideBusOperation          0x08000e84   Section        0  stm32f4xx_hal_sd.o(i.HAL_SD_ConfigWideBusOperation)
    i.HAL_SD_GetCardCSD                      0x08000efc   Section        0  stm32f4xx_hal_sd.o(i.HAL_SD_GetCardCSD)
    i.HAL_SD_Init                            0x080010d6   Section        0  stm32f4xx_hal_sd.o(i.HAL_SD_Init)
    i.HAL_SD_InitCard                        0x0800110c   Section        0  stm32f4xx_hal_sd.o(i.HAL_SD_InitCard)
    i.HAL_SD_MspInit                         0x08001160   Section        0  sdio.o(i.HAL_SD_MspInit)
    i.HAL_SRAM_Init                          0x080011c4   Section        0  stm32f4xx_hal_sram.o(i.HAL_SRAM_Init)
    i.HAL_SRAM_MspInit                       0x0800121a   Section        0  fsmc.o(i.HAL_SRAM_MspInit)
    i.HAL_SYSTICK_CLKSourceConfig            0x0800121e   Section        0  stm32f4xx_hal_cortex.o(i.HAL_SYSTICK_CLKSourceConfig)
    i.HAL_SYSTICK_Config                     0x08001236   Section        0  stm32f4xx_hal_cortex.o(i.HAL_SYSTICK_Config)
    i.HAL_TIMEx_BreakCallback                0x0800125e   Section        0  stm32f4xx_hal_tim_ex.o(i.HAL_TIMEx_BreakCallback)
    i.HAL_TIMEx_CommutationCallback          0x08001260   Section        0  stm32f4xx_hal_tim_ex.o(i.HAL_TIMEx_CommutationCallback)
    i.HAL_TIM_Base_Init                      0x08001262   Section        0  stm32f4xx_hal_tim.o(i.HAL_TIM_Base_Init)
    i.HAL_TIM_Base_MspInit                   0x08001298   Section        0  stm32f4xx_hal_tim.o(i.HAL_TIM_Base_MspInit)
    i.HAL_TIM_Base_Start_IT                  0x0800129a   Section        0  stm32f4xx_hal_tim.o(i.HAL_TIM_Base_Start_IT)
    i.HAL_TIM_IC_CaptureCallback             0x080012b2   Section        0  stm32f4xx_hal_tim.o(i.HAL_TIM_IC_CaptureCallback)
    i.HAL_TIM_IRQHandler                     0x080012b4   Section        0  stm32f4xx_hal_tim.o(i.HAL_TIM_IRQHandler)
    i.HAL_TIM_OC_DelayElapsedCallback        0x0800141a   Section        0  stm32f4xx_hal_tim.o(i.HAL_TIM_OC_DelayElapsedCallback)
    i.HAL_TIM_PWM_PulseFinishedCallback      0x0800141c   Section        0  stm32f4xx_hal_tim.o(i.HAL_TIM_PWM_PulseFinishedCallback)
    i.HAL_TIM_PeriodElapsedCallback          0x08001420   Section        0  main.o(i.HAL_TIM_PeriodElapsedCallback)
    i.HAL_TIM_TriggerCallback                0x08001434   Section        0  stm32f4xx_hal_tim.o(i.HAL_TIM_TriggerCallback)
    i.HAL_UART_ErrorCallback                 0x08001436   Section        0  stm32f4xx_hal_uart.o(i.HAL_UART_ErrorCallback)
    i.HAL_UART_IRQHandler                    0x08001438   Section        0  stm32f4xx_hal_uart.o(i.HAL_UART_IRQHandler)
    i.HAL_UART_Init                          0x08001548   Section        0  stm32f4xx_hal_uart.o(i.HAL_UART_Init)
    i.HAL_UART_MspInit                       0x080015ac   Section        0  usart.o(i.HAL_UART_MspInit)
    i.HAL_UART_RxCpltCallback                0x08001608   Section        0  stm32f4xx_hal_uart.o(i.HAL_UART_RxCpltCallback)
    i.HAL_UART_TxCpltCallback                0x0800160a   Section        0  stm32f4xx_hal_uart.o(i.HAL_UART_TxCpltCallback)
    i.HardFault_Handler                      0x0800160c   Section        0  stm32f4xx_it.o(i.HardFault_Handler)
    i.MX_FREERTOS_Init                       0x08001610   Section        0  freertos.o(i.MX_FREERTOS_Init)
    i.MX_FSMC_Init                           0x08001638   Section        0  fsmc.o(i.MX_FSMC_Init)
    i.MX_GPIO_Init                           0x080016b0   Section        0  gpio.o(i.MX_GPIO_Init)
    i.MX_SDIO_SD_Init                        0x08001768   Section        0  sdio.o(i.MX_SDIO_SD_Init)
    i.MX_USART1_UART_Init                    0x080017c0   Section        0  usart.o(i.MX_USART1_UART_Init)
    i.MemManage_Handler                      0x0800180c   Section        0  stm32f4xx_it.o(i.MemManage_Handler)
    i.NMI_Handler                            0x0800180e   Section        0  stm32f4xx_it.o(i.NMI_Handler)
    i.NVIC_SetPriority                       0x08001812   Section        0  stm32f4xx_hal_cortex.o(i.NVIC_SetPriority)
    NVIC_SetPriority                         0x08001813   Thumb Code    32  stm32f4xx_hal_cortex.o(i.NVIC_SetPriority)
    i.SDIO_ConfigData                        0x08001832   Section        0  stm32f4xx_ll_sdmmc.o(i.SDIO_ConfigData)
    i.SDIO_GetPowerState                     0x08001856   Section        0  stm32f4xx_ll_sdmmc.o(i.SDIO_GetPowerState)
    i.SDIO_GetResponse                       0x0800185e   Section        0  stm32f4xx_ll_sdmmc.o(i.SDIO_GetResponse)
    i.SDIO_Init                              0x0800186a   Section        0  stm32f4xx_ll_sdmmc.o(i.SDIO_Init)
    i.SDIO_PowerState_ON                     0x0800188e   Section        0  stm32f4xx_ll_sdmmc.o(i.SDIO_PowerState_ON)
    i.SDIO_ReadFIFO                          0x08001896   Section        0  stm32f4xx_ll_sdmmc.o(i.SDIO_ReadFIFO)
    i.SDIO_SendCommand                       0x0800189c   Section        0  stm32f4xx_ll_sdmmc.o(i.SDIO_SendCommand)
    i.SDMMC_CmdAppCommand                    0x080018bc   Section        0  stm32f4xx_ll_sdmmc.o(i.SDMMC_CmdAppCommand)
    i.SDMMC_CmdAppOperCommand                0x080018f0   Section        0  stm32f4xx_ll_sdmmc.o(i.SDMMC_CmdAppOperCommand)
    i.SDMMC_CmdBlockLength                   0x08001924   Section        0  stm32f4xx_ll_sdmmc.o(i.SDMMC_CmdBlockLength)
    i.SDMMC_CmdBusWidth                      0x08001956   Section        0  stm32f4xx_ll_sdmmc.o(i.SDMMC_CmdBusWidth)
    i.SDMMC_CmdGoIdleState                   0x08001988   Section        0  stm32f4xx_ll_sdmmc.o(i.SDMMC_CmdGoIdleState)
    i.SDMMC_CmdOperCond                      0x080019d8   Section        0  stm32f4xx_ll_sdmmc.o(i.SDMMC_CmdOperCond)
    i.SDMMC_CmdSelDesel                      0x08001a40   Section        0  stm32f4xx_ll_sdmmc.o(i.SDMMC_CmdSelDesel)
    i.SDMMC_CmdSendCID                       0x08001a72   Section        0  stm32f4xx_ll_sdmmc.o(i.SDMMC_CmdSendCID)
    i.SDMMC_CmdSendCSD                       0x08001a9e   Section        0  stm32f4xx_ll_sdmmc.o(i.SDMMC_CmdSendCSD)
    i.SDMMC_CmdSendSCR                       0x08001aca   Section        0  stm32f4xx_ll_sdmmc.o(i.SDMMC_CmdSendSCR)
    i.SDMMC_CmdSetRelAdd                     0x08001afa   Section        0  stm32f4xx_ll_sdmmc.o(i.SDMMC_CmdSetRelAdd)
    i.SDMMC_GetCmdResp1                      0x08001b2c   Section        0  stm32f4xx_ll_sdmmc.o(i.SDMMC_GetCmdResp1)
    SDMMC_GetCmdResp1                        0x08001b2d   Thumb Code   276  stm32f4xx_ll_sdmmc.o(i.SDMMC_GetCmdResp1)
    i.SDMMC_GetCmdResp2                      0x08001c48   Section        0  stm32f4xx_ll_sdmmc.o(i.SDMMC_GetCmdResp2)
    SDMMC_GetCmdResp2                        0x08001c49   Thumb Code    74  stm32f4xx_ll_sdmmc.o(i.SDMMC_GetCmdResp2)
    i.SDMMC_GetCmdResp3                      0x08001c98   Section        0  stm32f4xx_ll_sdmmc.o(i.SDMMC_GetCmdResp3)
    SDMMC_GetCmdResp3                        0x08001c99   Thumb Code    60  stm32f4xx_ll_sdmmc.o(i.SDMMC_GetCmdResp3)
    i.SDMMC_GetCmdResp6                      0x08001cd8   Section        0  stm32f4xx_ll_sdmmc.o(i.SDMMC_GetCmdResp6)
    SDMMC_GetCmdResp6                        0x08001cd9   Thumb Code   128  stm32f4xx_ll_sdmmc.o(i.SDMMC_GetCmdResp6)
    i.SD_FindSCR                             0x08001d5c   Section        0  stm32f4xx_hal_sd.o(i.SD_FindSCR)
    SD_FindSCR                               0x08001d5d   Thumb Code   212  stm32f4xx_hal_sd.o(i.SD_FindSCR)
    i.SD_InitCard                            0x08001e30   Section        0  stm32f4xx_hal_sd.o(i.SD_InitCard)
    SD_InitCard                              0x08001e31   Thumb Code   230  stm32f4xx_hal_sd.o(i.SD_InitCard)
    i.SD_PowerON                             0x08001f16   Section        0  stm32f4xx_hal_sd.o(i.SD_PowerON)
    SD_PowerON                               0x08001f17   Thumb Code   162  stm32f4xx_hal_sd.o(i.SD_PowerON)
    i.SD_WideBus_Disable                     0x08001fb8   Section        0  stm32f4xx_hal_sd.o(i.SD_WideBus_Disable)
    SD_WideBus_Disable                       0x08001fb9   Thumb Code    78  stm32f4xx_hal_sd.o(i.SD_WideBus_Disable)
    i.SD_WideBus_Enable                      0x08002006   Section        0  stm32f4xx_hal_sd.o(i.SD_WideBus_Enable)
    SD_WideBus_Enable                        0x08002007   Thumb Code    78  stm32f4xx_hal_sd.o(i.SD_WideBus_Enable)
    i.StartDefaultTask                       0x08002054   Section        0  freertos.o(i.StartDefaultTask)
    i.SysTick_Handler                        0x0800205c   Section        0  stm32f4xx_it.o(i.SysTick_Handler)
    i.SystemClock_Config                     0x08002060   Section        0  main.o(i.SystemClock_Config)
    i.SystemInit                             0x08002104   Section        0  system_stm32f4xx.o(i.SystemInit)
    i.TIM7_IRQHandler                        0x08002158   Section        0  stm32f4xx_it.o(i.TIM7_IRQHandler)
    i.TIM_Base_SetConfig                     0x08002164   Section        0  stm32f4xx_hal_tim.o(i.TIM_Base_SetConfig)
    i.UART_DMAAbortOnError                   0x08002224   Section        0  stm32f4xx_hal_uart.o(i.UART_DMAAbortOnError)
    UART_DMAAbortOnError                     0x08002225   Thumb Code    16  stm32f4xx_hal_uart.o(i.UART_DMAAbortOnError)
    i.UART_EndRxTransfer                     0x08002234   Section        0  stm32f4xx_hal_uart.o(i.UART_EndRxTransfer)
    UART_EndRxTransfer                       0x08002235   Thumb Code    28  stm32f4xx_hal_uart.o(i.UART_EndRxTransfer)
    i.UART_Receive_IT                        0x08002250   Section        0  stm32f4xx_hal_uart.o(i.UART_Receive_IT)
    UART_Receive_IT                          0x08002251   Thumb Code   140  stm32f4xx_hal_uart.o(i.UART_Receive_IT)
    i.UART_SetConfig                         0x080022dc   Section        0  stm32f4xx_hal_uart.o(i.UART_SetConfig)
    UART_SetConfig                           0x080022dd   Thumb Code   676  stm32f4xx_hal_uart.o(i.UART_SetConfig)
    i.UART_Transmit_IT                       0x08002588   Section        0  stm32f4xx_hal_uart.o(i.UART_Transmit_IT)
    UART_Transmit_IT                         0x08002589   Thumb Code    98  stm32f4xx_hal_uart.o(i.UART_Transmit_IT)
    i.USART1_IRQHandler                      0x080025ec   Section        0  stm32f4xx_it.o(i.USART1_IRQHandler)
    i.UsageFault_Handler                     0x080025f8   Section        0  stm32f4xx_it.o(i.UsageFault_Handler)
    i._Error_Handler                         0x080025fa   Section        0  main.o(i._Error_Handler)
    i.__scatterload_copy                     0x080025fc   Section       14  handlers.o(i.__scatterload_copy)
    i.__scatterload_null                     0x0800260a   Section        2  handlers.o(i.__scatterload_null)
    i.__scatterload_zeroinit                 0x0800260c   Section       14  handlers.o(i.__scatterload_zeroinit)
    i.main                                   0x0800261c   Section        0  main.o(i.main)
    i.makeFreeRtosPriority                   0x0800265c   Section        0  cmsis_os.o(i.makeFreeRtosPriority)
    makeFreeRtosPriority                     0x0800265d   Thumb Code    12  cmsis_os.o(i.makeFreeRtosPriority)
    i.osDelay                                0x08002668   Section        0  cmsis_os.o(i.osDelay)
    i.osKernelStart                          0x08002676   Section        0  cmsis_os.o(i.osKernelStart)
    i.osSystickHandler                       0x08002680   Section        0  cmsis_os.o(i.osSystickHandler)
    i.osThreadCreate                         0x08002694   Section        0  cmsis_os.o(i.osThreadCreate)
    i.prvAddCurrentTaskToDelayedList         0x080026c4   Section        0  tasks.o(i.prvAddCurrentTaskToDelayedList)
    prvAddCurrentTaskToDelayedList           0x080026c5   Thumb Code   102  tasks.o(i.prvAddCurrentTaskToDelayedList)
    i.prvAddNewTaskToReadyList               0x08002734   Section        0  tasks.o(i.prvAddNewTaskToReadyList)
    prvAddNewTaskToReadyList                 0x08002735   Thumb Code   190  tasks.o(i.prvAddNewTaskToReadyList)
    i.prvCheckTasksWaitingTermination        0x08002804   Section        0  tasks.o(i.prvCheckTasksWaitingTermination)
    prvCheckTasksWaitingTermination          0x08002805   Thumb Code    70  tasks.o(i.prvCheckTasksWaitingTermination)
    i.prvDeleteTCB                           0x08002854   Section        0  tasks.o(i.prvDeleteTCB)
    prvDeleteTCB                             0x08002855   Thumb Code    20  tasks.o(i.prvDeleteTCB)
    i.prvHeapInit                            0x08002868   Section        0  heap_4.o(i.prvHeapInit)
    prvHeapInit                              0x08002869   Thumb Code    66  heap_4.o(i.prvHeapInit)
    i.prvIdleTask                            0x080028b4   Section        0  tasks.o(i.prvIdleTask)
    prvIdleTask                              0x080028b5   Thumb Code    30  tasks.o(i.prvIdleTask)
    i.prvInitialiseNewTask                   0x080028dc   Section        0  tasks.o(i.prvInitialiseNewTask)
    prvInitialiseNewTask                     0x080028dd   Thumb Code   142  tasks.o(i.prvInitialiseNewTask)
    i.prvInsertBlockIntoFreeList             0x0800296c   Section        0  heap_4.o(i.prvInsertBlockIntoFreeList)
    prvInsertBlockIntoFreeList               0x0800296d   Thumb Code    72  heap_4.o(i.prvInsertBlockIntoFreeList)
    i.prvResetNextTaskUnblockTime            0x080029b8   Section        0  tasks.o(i.prvResetNextTaskUnblockTime)
    prvResetNextTaskUnblockTime              0x080029b9   Thumb Code    26  tasks.o(i.prvResetNextTaskUnblockTime)
    i.prvTaskExitError                       0x080029d8   Section        0  port.o(i.prvTaskExitError)
    prvTaskExitError                         0x080029d9   Thumb Code    36  port.o(i.prvTaskExitError)
    i.pvPortMalloc                           0x08002a00   Section        0  heap_4.o(i.pvPortMalloc)
    i.pxPortInitialiseStack                  0x08002ad8   Section        0  port.o(i.pxPortInitialiseStack)
    i.uxListRemove                           0x08002b04   Section        0  list.o(i.uxListRemove)
    i.vListInitialise                        0x08002b28   Section        0  list.o(i.vListInitialise)
    i.vListInitialiseItem                    0x08002b3e   Section        0  list.o(i.vListInitialiseItem)
    i.vListInsert                            0x08002b44   Section        0  list.o(i.vListInsert)
    i.vListInsertEnd                         0x08002b74   Section        0  list.o(i.vListInsertEnd)
    i.vPortEnterCritical                     0x08002b8c   Section        0  port.o(i.vPortEnterCritical)
    i.vPortExitCritical                      0x08002bcc   Section        0  port.o(i.vPortExitCritical)
    i.vPortFree                              0x08002bf4   Section        0  heap_4.o(i.vPortFree)
    i.vPortSetupTimerInterrupt               0x08002c50   Section        0  port.o(i.vPortSetupTimerInterrupt)
    i.vTaskDelay                             0x08002c70   Section        0  tasks.o(i.vTaskDelay)
    i.vTaskStartScheduler                    0x08002cbc   Section        0  tasks.o(i.vTaskStartScheduler)
    i.vTaskSuspendAll                        0x08002d24   Section        0  tasks.o(i.vTaskSuspendAll)
    i.vTaskSwitchContext                     0x08002d34   Section        0  tasks.o(i.vTaskSwitchContext)
    i.xPortStartScheduler                    0x08002d90   Section        0  port.o(i.xPortStartScheduler)
    i.xPortSysTickHandler                    0x08002e70   Section        0  port.o(i.xPortSysTickHandler)
    i.xTaskCreate                            0x08002e9c   Section        0  tasks.o(i.xTaskCreate)
    i.xTaskGetSchedulerState                 0x08002ef4   Section        0  tasks.o(i.xTaskGetSchedulerState)
    i.xTaskIncrementTick                     0x08002f10   Section        0  tasks.o(i.xTaskIncrementTick)
    i.xTaskResumeAll                         0x08002fd8   Section        0  tasks.o(i.xTaskResumeAll)
    .constdata                               0x0800309c   Section       20  freertos.o(.constdata)
    .constdata                               0x080030b0   Section       16  system_stm32f4xx.o(.constdata)
    .constdata                               0x080030c0   Section        8  system_stm32f4xx.o(.constdata)
    .conststring                             0x080030c8   Section       12  freertos.o(.conststring)
    .ARM.__AT_0x10000000                     0x10000000   Section    61440  malloc.o(.ARM.__AT_0x10000000)
    .ARM.__AT_0x1000F000                     0x1000f000   Section     3840  malloc.o(.ARM.__AT_0x1000F000)
    .data                                    0x20000000   Section        4  freertos.o(.data)
    .data                                    0x20000004   Section        8  fsmc.o(.data)
    FSMC_Initialized                         0x20000004   Data           4  fsmc.o(.data)
    FSMC_DeInitialized                       0x20000008   Data           4  fsmc.o(.data)
    .data                                    0x2000000c   Section        4  system_stm32f4xx.o(.data)
    .data                                    0x20000010   Section       12  stm32f4xx_hal.o(.data)
    .data                                    0x2000001c   Section       24  heap_4.o(.data)
    pxEnd                                    0x2000001c   Data           4  heap_4.o(.data)
    xFreeBytesRemaining                      0x20000020   Data           4  heap_4.o(.data)
    xMinimumEverFreeBytesRemaining           0x20000024   Data           4  heap_4.o(.data)
    xBlockAllocatedBit                       0x20000028   Data           4  heap_4.o(.data)
    xStart                                   0x2000002c   Data           8  heap_4.o(.data)
    .data                                    0x20000034   Section       12  port.o(.data)
    ucMaxSysCallPriority                     0x20000034   Data           1  port.o(.data)
    uxCriticalNesting                        0x20000038   Data           4  port.o(.data)
    ulMaxPRIGROUPValue                       0x2000003c   Data           4  port.o(.data)
    .data                                    0x20000040   Section       60  tasks.o(.data)
    uxDeletedTasksWaitingCleanUp             0x20000044   Data           4  tasks.o(.data)
    uxCurrentNumberOfTasks                   0x20000048   Data           4  tasks.o(.data)
    xTickCount                               0x2000004c   Data           4  tasks.o(.data)
    uxTopReadyPriority                       0x20000050   Data           4  tasks.o(.data)
    xSchedulerRunning                        0x20000054   Data           4  tasks.o(.data)
    uxPendedTicks                            0x20000058   Data           4  tasks.o(.data)
    xYieldPending                            0x2000005c   Data           4  tasks.o(.data)
    xNumOfOverflows                          0x20000060   Data           4  tasks.o(.data)
    uxTaskNumber                             0x20000064   Data           4  tasks.o(.data)
    xNextTaskUnblockTime                     0x20000068   Data           4  tasks.o(.data)
    xIdleTaskHandle                          0x2000006c   Data           4  tasks.o(.data)
    uxSchedulerSuspended                     0x20000070   Data           4  tasks.o(.data)
    pxDelayedTaskList                        0x20000074   Data           4  tasks.o(.data)
    pxOverflowDelayedTaskList                0x20000078   Data           4  tasks.o(.data)
    .bss                                     0x2000007c   Section       80  fsmc.o(.bss)
    .bss                                     0x200000cc   Section      132  sdio.o(.bss)
    .bss                                     0x20000150   Section       64  usart.o(.bss)
    .bss                                     0x20000190   Section       60  stm32f4xx_hal_timebase_tim.o(.bss)
    .bss                                     0x200001cc   Section    15360  heap_4.o(.bss)
    ucHeap                                   0x200001cc   Data       15360  heap_4.o(.bss)
    .bss                                     0x20003dcc   Section      420  tasks.o(.bss)
    pxReadyTasksLists                        0x20003dcc   Data         320  tasks.o(.bss)
    xDelayedTaskList1                        0x20003f0c   Data          20  tasks.o(.bss)
    xDelayedTaskList2                        0x20003f20   Data          20  tasks.o(.bss)
    xPendingReadyList                        0x20003f34   Data          20  tasks.o(.bss)
    xTasksWaitingTermination                 0x20003f48   Data          20  tasks.o(.bss)
    xSuspendedTaskList                       0x20003f5c   Data          20  tasks.o(.bss)
    STACK                                    0x20003f70   Section     4096  startup_stm32f407xx.o(STACK)
    .ARM.__AT_0x68000000                     0x68000000   Section    983040  malloc.o(.ARM.__AT_0x68000000)
    .ARM.__AT_0x680F0000                     0x680f0000   Section    61440  malloc.o(.ARM.__AT_0x680F0000)

    Global Symbols

    Symbol Name                              Value     Ov Type        Size  Object(Section)

    BuildAttributes$$THM_ISAv4$E$P$D$K$B$S$7EM$VFPi3$EXTD16$VFPS$VFMA$PE$A:L22UL41UL21$X:L11$S22US41US21$IEEE1$IW$USESV6$~STKCKD$USESV7$~SHL$OSPACE$EBA8$MICROLIB$REQ8$PRES8$EABIv2 0x00000000   Number         0  anon$$obj.o ABSOLUTE
    __ARM_use_no_argv                        0x00000000   Number         0  main.o ABSOLUTE
    __cpp_initialize__aeabi_                  - Undefined Weak Reference
    __cxa_finalize                            - Undefined Weak Reference
    __decompress                              - Undefined Weak Reference
    _clock_init                               - Undefined Weak Reference
    _microlib_exit                            - Undefined Weak Reference
    __Vectors_Size                           0x00000188   Number         0  startup_stm32f407xx.o ABSOLUTE
    __Vectors                                0x08000000   Data           4  startup_stm32f407xx.o(RESET)
    __Vectors_End                            0x08000188   Data           0  startup_stm32f407xx.o(RESET)
    __main                                   0x08000189   Thumb Code     0  entry.o(.ARM.Collect$$$$00000000)
    _main_stk                                0x08000189   Thumb Code     0  entry2.o(.ARM.Collect$$$$00000001)
    _main_scatterload                        0x0800018d   Thumb Code     0  entry5.o(.ARM.Collect$$$$00000004)
    __main_after_scatterload                 0x08000191   Thumb Code     0  entry5.o(.ARM.Collect$$$$00000004)
    _main_clock                              0x08000191   Thumb Code     0  entry7b.o(.ARM.Collect$$$$00000008)
    _main_cpp_init                           0x08000191   Thumb Code     0  entry8b.o(.ARM.Collect$$$$0000000A)
    _main_init                               0x08000191   Thumb Code     0  entry9a.o(.ARM.Collect$$$$0000000B)
    __rt_final_cpp                           0x08000199   Thumb Code     0  entry10a.o(.ARM.Collect$$$$0000000D)
    __rt_final_exit                          0x08000199   Thumb Code     0  entry11a.o(.ARM.Collect$$$$0000000F)
    SVC_Handler                              0x0800019d   Thumb Code    28  port.o(.emb_text)
    __asm___6_port_c_39a90d8d__prvStartFirstTask 0x080001bd   Thumb Code    28  port.o(.emb_text)
    __asm___6_port_c_39a90d8d__prvEnableVFP  0x080001dd   Thumb Code    16  port.o(.emb_text)
    PendSV_Handler                           0x080001f1   Thumb Code    92  port.o(.emb_text)
    vPortGetIPSR                             0x08000251   Thumb Code     6  port.o(.emb_text)
    Reset_Handler                            0x08000259   Thumb Code     8  startup_stm32f407xx.o(.text)
    ADC_IRQHandler                           0x08000273   Thumb Code     0  startup_stm32f407xx.o(.text)
    CAN1_RX0_IRQHandler                      0x08000273   Thumb Code     0  startup_stm32f407xx.o(.text)
    CAN1_RX1_IRQHandler                      0x08000273   Thumb Code     0  startup_stm32f407xx.o(.text)
    CAN1_SCE_IRQHandler                      0x08000273   Thumb Code     0  startup_stm32f407xx.o(.text)
    CAN1_TX_IRQHandler                       0x08000273   Thumb Code     0  startup_stm32f407xx.o(.text)
    CAN2_RX0_IRQHandler                      0x08000273   Thumb Code     0  startup_stm32f407xx.o(.text)
    CAN2_RX1_IRQHandler                      0x08000273   Thumb Code     0  startup_stm32f407xx.o(.text)
    CAN2_SCE_IRQHandler                      0x08000273   Thumb Code     0  startup_stm32f407xx.o(.text)
    CAN2_TX_IRQHandler                       0x08000273   Thumb Code     0  startup_stm32f407xx.o(.text)
    DCMI_IRQHandler                          0x08000273   Thumb Code     0  startup_stm32f407xx.o(.text)
    DMA1_Stream0_IRQHandler                  0x08000273   Thumb Code     0  startup_stm32f407xx.o(.text)
    DMA1_Stream1_IRQHandler                  0x08000273   Thumb Code     0  startup_stm32f407xx.o(.text)
    DMA1_Stream2_IRQHandler                  0x08000273   Thumb Code     0  startup_stm32f407xx.o(.text)
    DMA1_Stream3_IRQHandler                  0x08000273   Thumb Code     0  startup_stm32f407xx.o(.text)
    DMA1_Stream4_IRQHandler                  0x08000273   Thumb Code     0  startup_stm32f407xx.o(.text)
    DMA1_Stream5_IRQHandler                  0x08000273   Thumb Code     0  startup_stm32f407xx.o(.text)
    DMA1_Stream6_IRQHandler                  0x08000273   Thumb Code     0  startup_stm32f407xx.o(.text)
    DMA1_Stream7_IRQHandler                  0x08000273   Thumb Code     0  startup_stm32f407xx.o(.text)
    DMA2_Stream0_IRQHandler                  0x08000273   Thumb Code     0  startup_stm32f407xx.o(.text)
    DMA2_Stream1_IRQHandler                  0x08000273   Thumb Code     0  startup_stm32f407xx.o(.text)
    DMA2_Stream2_IRQHandler                  0x08000273   Thumb Code     0  startup_stm32f407xx.o(.text)
    DMA2_Stream3_IRQHandler                  0x08000273   Thumb Code     0  startup_stm32f407xx.o(.text)
    DMA2_Stream4_IRQHandler                  0x08000273   Thumb Code     0  startup_stm32f407xx.o(.text)
    DMA2_Stream5_IRQHandler                  0x08000273   Thumb Code     0  startup_stm32f407xx.o(.text)
    DMA2_Stream6_IRQHandler                  0x08000273   Thumb Code     0  startup_stm32f407xx.o(.text)
    DMA2_Stream7_IRQHandler                  0x08000273   Thumb Code     0  startup_stm32f407xx.o(.text)
    ETH_IRQHandler                           0x08000273   Thumb Code     0  startup_stm32f407xx.o(.text)
    ETH_WKUP_IRQHandler                      0x08000273   Thumb Code     0  startup_stm32f407xx.o(.text)
    EXTI0_IRQHandler                         0x08000273   Thumb Code     0  startup_stm32f407xx.o(.text)
    EXTI15_10_IRQHandler                     0x08000273   Thumb Code     0  startup_stm32f407xx.o(.text)
    EXTI1_IRQHandler                         0x08000273   Thumb Code     0  startup_stm32f407xx.o(.text)
    EXTI2_IRQHandler                         0x08000273   Thumb Code     0  startup_stm32f407xx.o(.text)
    EXTI3_IRQHandler                         0x08000273   Thumb Code     0  startup_stm32f407xx.o(.text)
    EXTI4_IRQHandler                         0x08000273   Thumb Code     0  startup_stm32f407xx.o(.text)
    EXTI9_5_IRQHandler                       0x08000273   Thumb Code     0  startup_stm32f407xx.o(.text)
    FLASH_IRQHandler                         0x08000273   Thumb Code     0  startup_stm32f407xx.o(.text)
    FMC_IRQHandler                           0x08000273   Thumb Code     0  startup_stm32f407xx.o(.text)
    FPU_IRQHandler                           0x08000273   Thumb Code     0  startup_stm32f407xx.o(.text)
    HASH_RNG_IRQHandler                      0x08000273   Thumb Code     0  startup_stm32f407xx.o(.text)
    I2C1_ER_IRQHandler                       0x08000273   Thumb Code     0  startup_stm32f407xx.o(.text)
    I2C1_EV_IRQHandler                       0x08000273   Thumb Code     0  startup_stm32f407xx.o(.text)
    I2C2_ER_IRQHandler                       0x08000273   Thumb Code     0  startup_stm32f407xx.o(.text)
    I2C2_EV_IRQHandler                       0x08000273   Thumb Code     0  startup_stm32f407xx.o(.text)
    I2C3_ER_IRQHandler                       0x08000273   Thumb Code     0  startup_stm32f407xx.o(.text)
    I2C3_EV_IRQHandler                       0x08000273   Thumb Code     0  startup_stm32f407xx.o(.text)
    OTG_FS_IRQHandler                        0x08000273   Thumb Code     0  startup_stm32f407xx.o(.text)
    OTG_FS_WKUP_IRQHandler                   0x08000273   Thumb Code     0  startup_stm32f407xx.o(.text)
    OTG_HS_EP1_IN_IRQHandler                 0x08000273   Thumb Code     0  startup_stm32f407xx.o(.text)
    OTG_HS_EP1_OUT_IRQHandler                0x08000273   Thumb Code     0  startup_stm32f407xx.o(.text)
    OTG_HS_IRQHandler                        0x08000273   Thumb Code     0  startup_stm32f407xx.o(.text)
    OTG_HS_WKUP_IRQHandler                   0x08000273   Thumb Code     0  startup_stm32f407xx.o(.text)
    PVD_IRQHandler                           0x08000273   Thumb Code     0  startup_stm32f407xx.o(.text)
    RCC_IRQHandler                           0x08000273   Thumb Code     0  startup_stm32f407xx.o(.text)
    RTC_Alarm_IRQHandler                     0x08000273   Thumb Code     0  startup_stm32f407xx.o(.text)
    RTC_WKUP_IRQHandler                      0x08000273   Thumb Code     0  startup_stm32f407xx.o(.text)
    SDIO_IRQHandler                          0x08000273   Thumb Code     0  startup_stm32f407xx.o(.text)
    SPI1_IRQHandler                          0x08000273   Thumb Code     0  startup_stm32f407xx.o(.text)
    SPI2_IRQHandler                          0x08000273   Thumb Code     0  startup_stm32f407xx.o(.text)
    SPI3_IRQHandler                          0x08000273   Thumb Code     0  startup_stm32f407xx.o(.text)
    TAMP_STAMP_IRQHandler                    0x08000273   Thumb Code     0  startup_stm32f407xx.o(.text)
    TIM1_BRK_TIM9_IRQHandler                 0x08000273   Thumb Code     0  startup_stm32f407xx.o(.text)
    TIM1_CC_IRQHandler                       0x08000273   Thumb Code     0  startup_stm32f407xx.o(.text)
    TIM1_TRG_COM_TIM11_IRQHandler            0x08000273   Thumb Code     0  startup_stm32f407xx.o(.text)
    TIM1_UP_TIM10_IRQHandler                 0x08000273   Thumb Code     0  startup_stm32f407xx.o(.text)
    TIM2_IRQHandler                          0x08000273   Thumb Code     0  startup_stm32f407xx.o(.text)
    TIM3_IRQHandler                          0x08000273   Thumb Code     0  startup_stm32f407xx.o(.text)
    TIM4_IRQHandler                          0x08000273   Thumb Code     0  startup_stm32f407xx.o(.text)
    TIM5_IRQHandler                          0x08000273   Thumb Code     0  startup_stm32f407xx.o(.text)
    TIM6_DAC_IRQHandler                      0x08000273   Thumb Code     0  startup_stm32f407xx.o(.text)
    TIM8_BRK_TIM12_IRQHandler                0x08000273   Thumb Code     0  startup_stm32f407xx.o(.text)
    TIM8_CC_IRQHandler                       0x08000273   Thumb Code     0  startup_stm32f407xx.o(.text)
    TIM8_TRG_COM_TIM14_IRQHandler            0x08000273   Thumb Code     0  startup_stm32f407xx.o(.text)
    TIM8_UP_TIM13_IRQHandler                 0x08000273   Thumb Code     0  startup_stm32f407xx.o(.text)
    UART4_IRQHandler                         0x08000273   Thumb Code     0  startup_stm32f407xx.o(.text)
    UART5_IRQHandler                         0x08000273   Thumb Code     0  startup_stm32f407xx.o(.text)
    USART2_IRQHandler                        0x08000273   Thumb Code     0  startup_stm32f407xx.o(.text)
    USART3_IRQHandler                        0x08000273   Thumb Code     0  startup_stm32f407xx.o(.text)
    USART6_IRQHandler                        0x08000273   Thumb Code     0  startup_stm32f407xx.o(.text)
    WWDG_IRQHandler                          0x08000273   Thumb Code     0  startup_stm32f407xx.o(.text)
    __aeabi_uldivmod                         0x0800027d   Thumb Code    98  uldiv.o(.text)
    __aeabi_memcpy                           0x080002df   Thumb Code    36  memcpya.o(.text)
    __aeabi_memcpy4                          0x080002df   Thumb Code     0  memcpya.o(.text)
    __aeabi_memcpy8                          0x080002df   Thumb Code     0  memcpya.o(.text)
    __aeabi_llsl                             0x08000303   Thumb Code    30  llshl.o(.text)
    _ll_shift_l                              0x08000303   Thumb Code     0  llshl.o(.text)
    __aeabi_llsr                             0x08000321   Thumb Code    32  llushr.o(.text)
    _ll_ushift_r                             0x08000321   Thumb Code     0  llushr.o(.text)
    __scatterload                            0x08000341   Thumb Code    28  init.o(.text)
    __scatterload_rt2                        0x08000341   Thumb Code     0  init.o(.text)
    BusFault_Handler                         0x08000365   Thumb Code     2  stm32f4xx_it.o(i.BusFault_Handler)
    DebugMon_Handler                         0x08000367   Thumb Code     2  stm32f4xx_it.o(i.DebugMon_Handler)
    FSMC_NORSRAM_Extended_Timing_Init        0x08000369   Thumb Code    60  stm32f4xx_ll_fsmc.o(i.FSMC_NORSRAM_Extended_Timing_Init)
    FSMC_NORSRAM_Init                        0x080003a9   Thumb Code    80  stm32f4xx_ll_fsmc.o(i.FSMC_NORSRAM_Init)
    FSMC_NORSRAM_Timing_Init                 0x080003fd   Thumb Code    64  stm32f4xx_ll_fsmc.o(i.FSMC_NORSRAM_Timing_Init)
    FSMC_SRAM_Init                           0x08000441   Thumb Code    94  sram.o(i.FSMC_SRAM_Init)
    HAL_DMA_Abort_IT                         0x080004b9   Thumb Code    36  stm32f4xx_hal_dma.o(i.HAL_DMA_Abort_IT)
    HAL_Delay                                0x080004dd   Thumb Code    32  stm32f4xx_hal.o(i.HAL_Delay)
    HAL_GPIO_Init                            0x080005a1   Thumb Code   388  stm32f4xx_hal_gpio.o(i.HAL_GPIO_Init)
    HAL_GPIO_WritePin                        0x08000751   Thumb Code    10  stm32f4xx_hal_gpio.o(i.HAL_GPIO_WritePin)
    HAL_GetTick                              0x0800075d   Thumb Code     6  stm32f4xx_hal.o(i.HAL_GetTick)
    HAL_IncTick                              0x08000769   Thumb Code    12  stm32f4xx_hal.o(i.HAL_IncTick)
    HAL_Init                                 0x08000779   Thumb Code    48  stm32f4xx_hal.o(i.HAL_Init)
    HAL_InitTick                             0x080007ad   Thumb Code   100  stm32f4xx_hal_timebase_tim.o(i.HAL_InitTick)
    HAL_MspInit                              0x08000821   Thumb Code   126  stm32f4xx_hal_msp.o(i.HAL_MspInit)
    HAL_NVIC_EnableIRQ                       0x080008a5   Thumb Code    22  stm32f4xx_hal_cortex.o(i.HAL_NVIC_EnableIRQ)
    HAL_NVIC_SetPriority                     0x080008bd   Thumb Code    60  stm32f4xx_hal_cortex.o(i.HAL_NVIC_SetPriority)
    HAL_NVIC_SetPriorityGrouping             0x080008fd   Thumb Code    26  stm32f4xx_hal_cortex.o(i.HAL_NVIC_SetPriorityGrouping)
    HAL_RCC_CSSCallback                      0x08000921   Thumb Code     2  stm32f4xx_hal_rcc.o(i.HAL_RCC_CSSCallback)
    HAL_RCC_ClockConfig                      0x08000925   Thumb Code   286  stm32f4xx_hal_rcc.o(i.HAL_RCC_ClockConfig)
    HAL_RCC_EnableCSS                        0x08000a55   Thumb Code     8  stm32f4xx_hal_rcc.o(i.HAL_RCC_EnableCSS)
    HAL_RCC_GetClockConfig                   0x08000a61   Thumb Code    54  stm32f4xx_hal_rcc.o(i.HAL_RCC_GetClockConfig)
    HAL_RCC_GetHCLKFreq                      0x08000aa1   Thumb Code     6  stm32f4xx_hal_rcc.o(i.HAL_RCC_GetHCLKFreq)
    HAL_RCC_GetPCLK1Freq                     0x08000aad   Thumb Code    20  stm32f4xx_hal_rcc.o(i.HAL_RCC_GetPCLK1Freq)
    HAL_RCC_GetPCLK2Freq                     0x08000acd   Thumb Code    20  stm32f4xx_hal_rcc.o(i.HAL_RCC_GetPCLK2Freq)
    HAL_RCC_GetSysClockFreq                  0x08000aed   Thumb Code    88  stm32f4xx_hal_rcc.o(i.HAL_RCC_GetSysClockFreq)
    HAL_RCC_NMI_IRQHandler                   0x08000b4d   Thumb Code    24  stm32f4xx_hal_rcc.o(i.HAL_RCC_NMI_IRQHandler)
    HAL_RCC_OscConfig                        0x08000b69   Thumb Code   770  stm32f4xx_hal_rcc.o(i.HAL_RCC_OscConfig)
    HAL_SD_ConfigWideBusOperation            0x08000e85   Thumb Code   120  stm32f4xx_hal_sd.o(i.HAL_SD_ConfigWideBusOperation)
    HAL_SD_GetCardCSD                        0x08000efd   Thumb Code   474  stm32f4xx_hal_sd.o(i.HAL_SD_GetCardCSD)
    HAL_SD_Init                              0x080010d7   Thumb Code    54  stm32f4xx_hal_sd.o(i.HAL_SD_Init)
    HAL_SD_InitCard                          0x0800110d   Thumb Code    80  stm32f4xx_hal_sd.o(i.HAL_SD_InitCard)
    HAL_SD_MspInit                           0x08001161   Thumb Code    84  sdio.o(i.HAL_SD_MspInit)
    HAL_SRAM_Init                            0x080011c5   Thumb Code    86  stm32f4xx_hal_sram.o(i.HAL_SRAM_Init)
    HAL_SRAM_MspInit                         0x0800121b   Thumb Code     4  fsmc.o(i.HAL_SRAM_MspInit)
    HAL_SYSTICK_CLKSourceConfig              0x0800121f   Thumb Code    24  stm32f4xx_hal_cortex.o(i.HAL_SYSTICK_CLKSourceConfig)
    HAL_SYSTICK_Config                       0x08001237   Thumb Code    40  stm32f4xx_hal_cortex.o(i.HAL_SYSTICK_Config)
    HAL_TIMEx_BreakCallback                  0x0800125f   Thumb Code     2  stm32f4xx_hal_tim_ex.o(i.HAL_TIMEx_BreakCallback)
    HAL_TIMEx_CommutationCallback            0x08001261   Thumb Code     2  stm32f4xx_hal_tim_ex.o(i.HAL_TIMEx_CommutationCallback)
    HAL_TIM_Base_Init                        0x08001263   Thumb Code    54  stm32f4xx_hal_tim.o(i.HAL_TIM_Base_Init)
    HAL_TIM_Base_MspInit                     0x08001299   Thumb Code     2  stm32f4xx_hal_tim.o(i.HAL_TIM_Base_MspInit)
    HAL_TIM_Base_Start_IT                    0x0800129b   Thumb Code    24  stm32f4xx_hal_tim.o(i.HAL_TIM_Base_Start_IT)
    HAL_TIM_IC_CaptureCallback               0x080012b3   Thumb Code     2  stm32f4xx_hal_tim.o(i.HAL_TIM_IC_CaptureCallback)
    HAL_TIM_IRQHandler                       0x080012b5   Thumb Code   358  stm32f4xx_hal_tim.o(i.HAL_TIM_IRQHandler)
    HAL_TIM_OC_DelayElapsedCallback          0x0800141b   Thumb Code     2  stm32f4xx_hal_tim.o(i.HAL_TIM_OC_DelayElapsedCallback)
    HAL_TIM_PWM_PulseFinishedCallback        0x0800141d   Thumb Code     2  stm32f4xx_hal_tim.o(i.HAL_TIM_PWM_PulseFinishedCallback)
    HAL_TIM_PeriodElapsedCallback            0x08001421   Thumb Code    14  main.o(i.HAL_TIM_PeriodElapsedCallback)
    HAL_TIM_TriggerCallback                  0x08001435   Thumb Code     2  stm32f4xx_hal_tim.o(i.HAL_TIM_TriggerCallback)
    HAL_UART_ErrorCallback                   0x08001437   Thumb Code     2  stm32f4xx_hal_uart.o(i.HAL_UART_ErrorCallback)
    HAL_UART_IRQHandler                      0x08001439   Thumb Code   266  stm32f4xx_hal_uart.o(i.HAL_UART_IRQHandler)
    HAL_UART_Init                            0x08001549   Thumb Code    98  stm32f4xx_hal_uart.o(i.HAL_UART_Init)
    HAL_UART_MspInit                         0x080015ad   Thumb Code    80  usart.o(i.HAL_UART_MspInit)
    HAL_UART_RxCpltCallback                  0x08001609   Thumb Code     2  stm32f4xx_hal_uart.o(i.HAL_UART_RxCpltCallback)
    HAL_UART_TxCpltCallback                  0x0800160b   Thumb Code     2  stm32f4xx_hal_uart.o(i.HAL_UART_TxCpltCallback)
    HardFault_Handler                        0x0800160d   Thumb Code     2  stm32f4xx_it.o(i.HardFault_Handler)
    MX_FREERTOS_Init                         0x08001611   Thumb Code    30  freertos.o(i.MX_FREERTOS_Init)
    MX_FSMC_Init                             0x08001639   Thumb Code    96  fsmc.o(i.MX_FSMC_Init)
    MX_GPIO_Init                             0x080016b1   Thumb Code   176  gpio.o(i.MX_GPIO_Init)
    MX_SDIO_SD_Init                          0x08001769   Thumb Code    64  sdio.o(i.MX_SDIO_SD_Init)
    MX_USART1_UART_Init                      0x080017c1   Thumb Code    52  usart.o(i.MX_USART1_UART_Init)
    MemManage_Handler                        0x0800180d   Thumb Code     2  stm32f4xx_it.o(i.MemManage_Handler)
    NMI_Handler                              0x0800180f   Thumb Code     4  stm32f4xx_it.o(i.NMI_Handler)
    SDIO_ConfigData                          0x08001833   Thumb Code    36  stm32f4xx_ll_sdmmc.o(i.SDIO_ConfigData)
    SDIO_GetPowerState                       0x08001857   Thumb Code     8  stm32f4xx_ll_sdmmc.o(i.SDIO_GetPowerState)
    SDIO_GetResponse                         0x0800185f   Thumb Code    12  stm32f4xx_ll_sdmmc.o(i.SDIO_GetResponse)
    SDIO_Init                                0x0800186b   Thumb Code    36  stm32f4xx_ll_sdmmc.o(i.SDIO_Init)
    SDIO_PowerState_ON                       0x0800188f   Thumb Code     8  stm32f4xx_ll_sdmmc.o(i.SDIO_PowerState_ON)
    SDIO_ReadFIFO                            0x08001897   Thumb Code     6  stm32f4xx_ll_sdmmc.o(i.SDIO_ReadFIFO)
    SDIO_SendCommand                         0x0800189d   Thumb Code    32  stm32f4xx_ll_sdmmc.o(i.SDIO_SendCommand)
    SDMMC_CmdAppCommand                      0x080018bd   Thumb Code    50  stm32f4xx_ll_sdmmc.o(i.SDMMC_CmdAppCommand)
    SDMMC_CmdAppOperCommand                  0x080018f1   Thumb Code    48  stm32f4xx_ll_sdmmc.o(i.SDMMC_CmdAppOperCommand)
    SDMMC_CmdBlockLength                     0x08001925   Thumb Code    50  stm32f4xx_ll_sdmmc.o(i.SDMMC_CmdBlockLength)
    SDMMC_CmdBusWidth                        0x08001957   Thumb Code    50  stm32f4xx_ll_sdmmc.o(i.SDMMC_CmdBusWidth)
    SDMMC_CmdGoIdleState                     0x08001989   Thumb Code    76  stm32f4xx_ll_sdmmc.o(i.SDMMC_CmdGoIdleState)
    SDMMC_CmdOperCond                        0x080019d9   Thumb Code    98  stm32f4xx_ll_sdmmc.o(i.SDMMC_CmdOperCond)
    SDMMC_CmdSelDesel                        0x08001a41   Thumb Code    50  stm32f4xx_ll_sdmmc.o(i.SDMMC_CmdSelDesel)
    SDMMC_CmdSendCID                         0x08001a73   Thumb Code    44  stm32f4xx_ll_sdmmc.o(i.SDMMC_CmdSendCID)
    SDMMC_CmdSendCSD                         0x08001a9f   Thumb Code    44  stm32f4xx_ll_sdmmc.o(i.SDMMC_CmdSendCSD)
    SDMMC_CmdSendSCR                         0x08001acb   Thumb Code    48  stm32f4xx_ll_sdmmc.o(i.SDMMC_CmdSendSCR)
    SDMMC_CmdSetRelAdd                       0x08001afb   Thumb Code    48  stm32f4xx_ll_sdmmc.o(i.SDMMC_CmdSetRelAdd)
    StartDefaultTask                         0x08002055   Thumb Code     8  freertos.o(i.StartDefaultTask)
    SysTick_Handler                          0x0800205d   Thumb Code     4  stm32f4xx_it.o(i.SysTick_Handler)
    SystemClock_Config                       0x08002061   Thumb Code   154  main.o(i.SystemClock_Config)
    SystemInit                               0x08002105   Thumb Code    66  system_stm32f4xx.o(i.SystemInit)
    TIM7_IRQHandler                          0x08002159   Thumb Code     6  stm32f4xx_it.o(i.TIM7_IRQHandler)
    TIM_Base_SetConfig                       0x08002165   Thumb Code   148  stm32f4xx_hal_tim.o(i.TIM_Base_SetConfig)
    USART1_IRQHandler                        0x080025ed   Thumb Code     6  stm32f4xx_it.o(i.USART1_IRQHandler)
    UsageFault_Handler                       0x080025f9   Thumb Code     2  stm32f4xx_it.o(i.UsageFault_Handler)
    _Error_Handler                           0x080025fb   Thumb Code     2  main.o(i._Error_Handler)
    __scatterload_copy                       0x080025fd   Thumb Code    14  handlers.o(i.__scatterload_copy)
    __scatterload_null                       0x0800260b   Thumb Code     2  handlers.o(i.__scatterload_null)
    __scatterload_zeroinit                   0x0800260d   Thumb Code    14  handlers.o(i.__scatterload_zeroinit)
    main                                     0x0800261d   Thumb Code    58  main.o(i.main)
    osDelay                                  0x08002669   Thumb Code    14  cmsis_os.o(i.osDelay)
    osKernelStart                            0x08002677   Thumb Code    10  cmsis_os.o(i.osKernelStart)
    osSystickHandler                         0x08002681   Thumb Code    20  cmsis_os.o(i.osSystickHandler)
    osThreadCreate                           0x08002695   Thumb Code    46  cmsis_os.o(i.osThreadCreate)
    pvPortMalloc                             0x08002a01   Thumb Code   210  heap_4.o(i.pvPortMalloc)
    pxPortInitialiseStack                    0x08002ad9   Thumb Code    40  port.o(i.pxPortInitialiseStack)
    uxListRemove                             0x08002b05   Thumb Code    36  list.o(i.uxListRemove)
    vListInitialise                          0x08002b29   Thumb Code    22  list.o(i.vListInitialise)
    vListInitialiseItem                      0x08002b3f   Thumb Code     6  list.o(i.vListInitialiseItem)
    vListInsert                              0x08002b45   Thumb Code    48  list.o(i.vListInsert)
    vListInsertEnd                           0x08002b75   Thumb Code    24  list.o(i.vListInsertEnd)
    vPortEnterCritical                       0x08002b8d   Thumb Code    54  port.o(i.vPortEnterCritical)
    vPortExitCritical                        0x08002bcd   Thumb Code    34  port.o(i.vPortExitCritical)
    vPortFree                                0x08002bf5   Thumb Code    88  heap_4.o(i.vPortFree)
    vPortSetupTimerInterrupt                 0x08002c51   Thumb Code    26  port.o(i.vPortSetupTimerInterrupt)
    vTaskDelay                               0x08002c71   Thumb Code    66  tasks.o(i.vTaskDelay)
    vTaskStartScheduler                      0x08002cbd   Thumb Code    86  tasks.o(i.vTaskStartScheduler)
    vTaskSuspendAll                          0x08002d25   Thumb Code    10  tasks.o(i.vTaskSuspendAll)
    vTaskSwitchContext                       0x08002d35   Thumb Code    82  tasks.o(i.vTaskSwitchContext)
    xPortStartScheduler                      0x08002d91   Thumb Code   202  port.o(i.xPortStartScheduler)
    xPortSysTickHandler                      0x08002e71   Thumb Code    38  port.o(i.xPortSysTickHandler)
    xTaskCreate                              0x08002e9d   Thumb Code    86  tasks.o(i.xTaskCreate)
    xTaskGetSchedulerState                   0x08002ef5   Thumb Code    22  tasks.o(i.xTaskGetSchedulerState)
    xTaskIncrementTick                       0x08002f11   Thumb Code   192  tasks.o(i.xTaskIncrementTick)
    xTaskResumeAll                           0x08002fd9   Thumb Code   182  tasks.o(i.xTaskResumeAll)
    AHBPrescTable                            0x080030b0   Data          16  system_stm32f4xx.o(.constdata)
    APBPrescTable                            0x080030c0   Data           8  system_stm32f4xx.o(.constdata)
    Region$$Table$$Base                      0x080030d4   Number         0  anon$$obj.o(Region$$Table)
    Region$$Table$$Limit                     0x080030f4   Number         0  anon$$obj.o(Region$$Table)
    mem3base                                 0x10000000   Data       61440  malloc.o(.ARM.__AT_0x10000000)
    mem3mapbase                              0x1000f000   Data        3840  malloc.o(.ARM.__AT_0x1000F000)
    defaultTaskHandle                        0x20000000   Data           4  freertos.o(.data)
    SystemCoreClock                          0x2000000c   Data           4  system_stm32f4xx.o(.data)
    uwTickFreq                               0x20000010   Data           1  stm32f4xx_hal.o(.data)
    uwTickPrio                               0x20000014   Data           4  stm32f4xx_hal.o(.data)
    uwTick                                   0x20000018   Data           4  stm32f4xx_hal.o(.data)
    pxCurrentTCB                             0x20000040   Data           4  tasks.o(.data)
    hsram1                                   0x2000007c   Data          80  fsmc.o(.bss)
    hsd                                      0x200000cc   Data         132  sdio.o(.bss)
    huart1                                   0x20000150   Data          64  usart.o(.bss)
    htim7                                    0x20000190   Data          60  stm32f4xx_hal_timebase_tim.o(.bss)
    __initial_sp                             0x20004f70   Data           0  startup_stm32f407xx.o(STACK)
    mem2base                                 0x68000000   Data       983040  malloc.o(.ARM.__AT_0x68000000)
    mem2mapbase                              0x680f0000   Data       61440  malloc.o(.ARM.__AT_0x680F0000)



==============================================================================

Memory Map of the image

  Image Entry point : 0x08000189

  Load Region LR_IROM1 (Base: 0x08000000, Size: 0x00003170, Max: 0x00100000, ABSOLUTE)

    Execution Region ER_IROM1 (Exec base: 0x08000000, Load base: 0x08000000, Size: 0x000030f4, Max: 0x00100000, ABSOLUTE)

    Exec Addr    Load Addr    Size         Type   Attr      Idx    E Section Name        Object

    0x08000000   0x08000000   0x00000188   Data   RO            3    RESET               startup_stm32f407xx.o
    0x08000188   0x08000188   0x00000000   Code   RO         4966  * .ARM.Collect$$$$00000000  mc_w.l(entry.o)
    0x08000188   0x08000188   0x00000004   Code   RO         4975    .ARM.Collect$$$$00000001  mc_w.l(entry2.o)
    0x0800018c   0x0800018c   0x00000004   Code   RO         4978    .ARM.Collect$$$$00000004  mc_w.l(entry5.o)
    0x08000190   0x08000190   0x00000000   Code   RO         4980    .ARM.Collect$$$$00000008  mc_w.l(entry7b.o)
    0x08000190   0x08000190   0x00000000   Code   RO         4982    .ARM.Collect$$$$0000000A  mc_w.l(entry8b.o)
    0x08000190   0x08000190   0x00000008   Code   RO         4983    .ARM.Collect$$$$0000000B  mc_w.l(entry9a.o)
    0x08000198   0x08000198   0x00000000   Code   RO         4985    .ARM.Collect$$$$0000000D  mc_w.l(entry10a.o)
    0x08000198   0x08000198   0x00000000   Code   RO         4987    .ARM.Collect$$$$0000000F  mc_w.l(entry11a.o)
    0x08000198   0x08000198   0x00000004   Code   RO         4976    .ARM.Collect$$$$00002712  mc_w.l(entry2.o)
    0x0800019c   0x0800019c   0x000000ba   Code   RO         3872    .emb_text           port.o
    0x08000256   0x08000256   0x00000002   PAD
    0x08000258   0x08000258   0x00000024   Code   RO            4    .text               startup_stm32f407xx.o
    0x0800027c   0x0800027c   0x00000062   Code   RO         4969    .text               mc_w.l(uldiv.o)
    0x080002de   0x080002de   0x00000024   Code   RO         4971    .text               mc_w.l(memcpya.o)
    0x08000302   0x08000302   0x0000001e   Code   RO         4989    .text               mc_w.l(llshl.o)
    0x08000320   0x08000320   0x00000020   Code   RO         4991    .text               mc_w.l(llushr.o)
    0x08000340   0x08000340   0x00000024   Code   RO         4993    .text               mc_w.l(init.o)
    0x08000364   0x08000364   0x00000002   Code   RO          622    i.BusFault_Handler  stm32f4xx_it.o
    0x08000366   0x08000366   0x00000002   Code   RO          623    i.DebugMon_Handler  stm32f4xx_it.o
    0x08000368   0x08000368   0x00000040   Code   RO          808    i.FSMC_NORSRAM_Extended_Timing_Init  stm32f4xx_ll_fsmc.o
    0x080003a8   0x080003a8   0x00000054   Code   RO          809    i.FSMC_NORSRAM_Init  stm32f4xx_ll_fsmc.o
    0x080003fc   0x080003fc   0x00000044   Code   RO          810    i.FSMC_NORSRAM_Timing_Init  stm32f4xx_ll_fsmc.o
    0x08000440   0x08000440   0x00000078   Code   RO           13    i.FSMC_SRAM_Init    sram.o
    0x080004b8   0x080004b8   0x00000024   Code   RO         3204    i.HAL_DMA_Abort_IT  stm32f4xx_hal_dma.o
    0x080004dc   0x080004dc   0x00000024   Code   RO         3622    i.HAL_Delay         stm32f4xx_hal.o
    0x08000500   0x08000500   0x000000a0   Code   RO          490    i.HAL_FSMC_MspInit  fsmc.o
    0x080005a0   0x080005a0   0x000001b0   Code   RO         3096    i.HAL_GPIO_Init     stm32f4xx_hal_gpio.o
    0x08000750   0x08000750   0x0000000a   Code   RO         3100    i.HAL_GPIO_WritePin  stm32f4xx_hal_gpio.o
    0x0800075a   0x0800075a   0x00000002   PAD
    0x0800075c   0x0800075c   0x0000000c   Code   RO         3628    i.HAL_GetTick       stm32f4xx_hal.o
    0x08000768   0x08000768   0x00000010   Code   RO         3632    i.HAL_IncTick       stm32f4xx_hal.o
    0x08000778   0x08000778   0x00000034   Code   RO         3633    i.HAL_Init          stm32f4xx_hal.o
    0x080007ac   0x080007ac   0x00000074   Code   RO          722    i.HAL_InitTick      stm32f4xx_hal_timebase_tim.o
    0x08000820   0x08000820   0x00000084   Code   RO          698    i.HAL_MspInit       stm32f4xx_hal_msp.o
    0x080008a4   0x080008a4   0x00000016   Code   RO         3485    i.HAL_NVIC_EnableIRQ  stm32f4xx_hal_cortex.o
    0x080008ba   0x080008ba   0x00000002   PAD
    0x080008bc   0x080008bc   0x00000040   Code   RO         3491    i.HAL_NVIC_SetPriority  stm32f4xx_hal_cortex.o
    0x080008fc   0x080008fc   0x00000024   Code   RO         3492    i.HAL_NVIC_SetPriorityGrouping  stm32f4xx_hal_cortex.o
    0x08000920   0x08000920   0x00000002   Code   RO         2741    i.HAL_RCC_CSSCallback  stm32f4xx_hal_rcc.o
    0x08000922   0x08000922   0x00000002   PAD
    0x08000924   0x08000924   0x00000130   Code   RO         2742    i.HAL_RCC_ClockConfig  stm32f4xx_hal_rcc.o
    0x08000a54   0x08000a54   0x0000000c   Code   RO         2745    i.HAL_RCC_EnableCSS  stm32f4xx_hal_rcc.o
    0x08000a60   0x08000a60   0x00000040   Code   RO         2746    i.HAL_RCC_GetClockConfig  stm32f4xx_hal_rcc.o
    0x08000aa0   0x08000aa0   0x0000000c   Code   RO         2747    i.HAL_RCC_GetHCLKFreq  stm32f4xx_hal_rcc.o
    0x08000aac   0x08000aac   0x00000020   Code   RO         2749    i.HAL_RCC_GetPCLK1Freq  stm32f4xx_hal_rcc.o
    0x08000acc   0x08000acc   0x00000020   Code   RO         2750    i.HAL_RCC_GetPCLK2Freq  stm32f4xx_hal_rcc.o
    0x08000aec   0x08000aec   0x00000060   Code   RO         2751    i.HAL_RCC_GetSysClockFreq  stm32f4xx_hal_rcc.o
    0x08000b4c   0x08000b4c   0x0000001c   Code   RO         2753    i.HAL_RCC_NMI_IRQHandler  stm32f4xx_hal_rcc.o
    0x08000b68   0x08000b68   0x0000031c   Code   RO         2754    i.HAL_RCC_OscConfig  stm32f4xx_hal_rcc.o
    0x08000e84   0x08000e84   0x00000078   Code   RO         1313    i.HAL_SD_ConfigWideBusOperation  stm32f4xx_hal_sd.o
    0x08000efc   0x08000efc   0x000001da   Code   RO         1318    i.HAL_SD_GetCardCSD  stm32f4xx_hal_sd.o
    0x080010d6   0x080010d6   0x00000036   Code   RO         1325    i.HAL_SD_Init       stm32f4xx_hal_sd.o
    0x0800110c   0x0800110c   0x00000054   Code   RO         1326    i.HAL_SD_InitCard   stm32f4xx_hal_sd.o
    0x08001160   0x08001160   0x00000064   Code   RO          539    i.HAL_SD_MspInit    sdio.o
    0x080011c4   0x080011c4   0x00000056   Code   RO          930    i.HAL_SRAM_Init     stm32f4xx_hal_sram.o
    0x0800121a   0x0800121a   0x00000004   Code   RO          492    i.HAL_SRAM_MspInit  fsmc.o
    0x0800121e   0x0800121e   0x00000018   Code   RO         3494    i.HAL_SYSTICK_CLKSourceConfig  stm32f4xx_hal_cortex.o
    0x08001236   0x08001236   0x00000028   Code   RO         3496    i.HAL_SYSTICK_Config  stm32f4xx_hal_cortex.o
    0x0800125e   0x0800125e   0x00000002   Code   RO         2176    i.HAL_TIMEx_BreakCallback  stm32f4xx_hal_tim_ex.o
    0x08001260   0x08001260   0x00000002   Code   RO         2177    i.HAL_TIMEx_CommutationCallback  stm32f4xx_hal_tim_ex.o
    0x08001262   0x08001262   0x00000036   Code   RO         1547    i.HAL_TIM_Base_Init  stm32f4xx_hal_tim.o
    0x08001298   0x08001298   0x00000002   Code   RO         1549    i.HAL_TIM_Base_MspInit  stm32f4xx_hal_tim.o
    0x0800129a   0x0800129a   0x00000018   Code   RO         1552    i.HAL_TIM_Base_Start_IT  stm32f4xx_hal_tim.o
    0x080012b2   0x080012b2   0x00000002   Code   RO         1576    i.HAL_TIM_IC_CaptureCallback  stm32f4xx_hal_tim.o
    0x080012b4   0x080012b4   0x00000166   Code   RO         1589    i.HAL_TIM_IRQHandler  stm32f4xx_hal_tim.o
    0x0800141a   0x0800141a   0x00000002   Code   RO         1592    i.HAL_TIM_OC_DelayElapsedCallback  stm32f4xx_hal_tim.o
    0x0800141c   0x0800141c   0x00000002   Code   RO         1619    i.HAL_TIM_PWM_PulseFinishedCallback  stm32f4xx_hal_tim.o
    0x0800141e   0x0800141e   0x00000002   PAD
    0x08001420   0x08001420   0x00000014   Code   RO          317    i.HAL_TIM_PeriodElapsedCallback  main.o
    0x08001434   0x08001434   0x00000002   Code   RO         1630    i.HAL_TIM_TriggerCallback  stm32f4xx_hal_tim.o
    0x08001436   0x08001436   0x00000002   Code   RO         2436    i.HAL_UART_ErrorCallback  stm32f4xx_hal_uart.o
    0x08001438   0x08001438   0x00000110   Code   RO         2439    i.HAL_UART_IRQHandler  stm32f4xx_hal_uart.o
    0x08001548   0x08001548   0x00000062   Code   RO         2440    i.HAL_UART_Init     stm32f4xx_hal_uart.o
    0x080015aa   0x080015aa   0x00000002   PAD
    0x080015ac   0x080015ac   0x0000005c   Code   RO          581    i.HAL_UART_MspInit  usart.o
    0x08001608   0x08001608   0x00000002   Code   RO         2446    i.HAL_UART_RxCpltCallback  stm32f4xx_hal_uart.o
    0x0800160a   0x0800160a   0x00000002   Code   RO         2451    i.HAL_UART_TxCpltCallback  stm32f4xx_hal_uart.o
    0x0800160c   0x0800160c   0x00000002   Code   RO          624    i.HardFault_Handler  stm32f4xx_it.o
    0x0800160e   0x0800160e   0x00000002   PAD
    0x08001610   0x08001610   0x00000028   Code   RO          445    i.MX_FREERTOS_Init  freertos.o
    0x08001638   0x08001638   0x00000078   Code   RO          493    i.MX_FSMC_Init      fsmc.o
    0x080016b0   0x080016b0   0x000000b8   Code   RO          421    i.MX_GPIO_Init      gpio.o
    0x08001768   0x08001768   0x00000058   Code   RO          540    i.MX_SDIO_SD_Init   sdio.o
    0x080017c0   0x080017c0   0x0000004c   Code   RO          582    i.MX_USART1_UART_Init  usart.o
    0x0800180c   0x0800180c   0x00000002   Code   RO          625    i.MemManage_Handler  stm32f4xx_it.o
    0x0800180e   0x0800180e   0x00000004   Code   RO          626    i.NMI_Handler       stm32f4xx_it.o
    0x08001812   0x08001812   0x00000020   Code   RO         3498    i.NVIC_SetPriority  stm32f4xx_hal_cortex.o
    0x08001832   0x08001832   0x00000024   Code   RO         1046    i.SDIO_ConfigData   stm32f4xx_ll_sdmmc.o
    0x08001856   0x08001856   0x00000008   Code   RO         1050    i.SDIO_GetPowerState  stm32f4xx_ll_sdmmc.o
    0x0800185e   0x0800185e   0x0000000c   Code   RO         1051    i.SDIO_GetResponse  stm32f4xx_ll_sdmmc.o
    0x0800186a   0x0800186a   0x00000024   Code   RO         1052    i.SDIO_Init         stm32f4xx_ll_sdmmc.o
    0x0800188e   0x0800188e   0x00000008   Code   RO         1054    i.SDIO_PowerState_ON  stm32f4xx_ll_sdmmc.o
    0x08001896   0x08001896   0x00000006   Code   RO         1055    i.SDIO_ReadFIFO     stm32f4xx_ll_sdmmc.o
    0x0800189c   0x0800189c   0x00000020   Code   RO         1056    i.SDIO_SendCommand  stm32f4xx_ll_sdmmc.o
    0x080018bc   0x080018bc   0x00000032   Code   RO         1059    i.SDMMC_CmdAppCommand  stm32f4xx_ll_sdmmc.o
    0x080018ee   0x080018ee   0x00000002   PAD
    0x080018f0   0x080018f0   0x00000034   Code   RO         1060    i.SDMMC_CmdAppOperCommand  stm32f4xx_ll_sdmmc.o
    0x08001924   0x08001924   0x00000032   Code   RO         1061    i.SDMMC_CmdBlockLength  stm32f4xx_ll_sdmmc.o
    0x08001956   0x08001956   0x00000032   Code   RO         1062    i.SDMMC_CmdBusWidth  stm32f4xx_ll_sdmmc.o
    0x08001988   0x08001988   0x00000050   Code   RO         1066    i.SDMMC_CmdGoIdleState  stm32f4xx_ll_sdmmc.o
    0x080019d8   0x080019d8   0x00000068   Code   RO         1068    i.SDMMC_CmdOperCond  stm32f4xx_ll_sdmmc.o
    0x08001a40   0x08001a40   0x00000032   Code   RO         1073    i.SDMMC_CmdSelDesel  stm32f4xx_ll_sdmmc.o
    0x08001a72   0x08001a72   0x0000002c   Code   RO         1074    i.SDMMC_CmdSendCID  stm32f4xx_ll_sdmmc.o
    0x08001a9e   0x08001a9e   0x0000002c   Code   RO         1075    i.SDMMC_CmdSendCSD  stm32f4xx_ll_sdmmc.o
    0x08001aca   0x08001aca   0x00000030   Code   RO         1076    i.SDMMC_CmdSendSCR  stm32f4xx_ll_sdmmc.o
    0x08001afa   0x08001afa   0x00000030   Code   RO         1078    i.SDMMC_CmdSetRelAdd  stm32f4xx_ll_sdmmc.o
    0x08001b2a   0x08001b2a   0x00000002   PAD
    0x08001b2c   0x08001b2c   0x0000011c   Code   RO         1084    i.SDMMC_GetCmdResp1  stm32f4xx_ll_sdmmc.o
    0x08001c48   0x08001c48   0x00000050   Code   RO         1085    i.SDMMC_GetCmdResp2  stm32f4xx_ll_sdmmc.o
    0x08001c98   0x08001c98   0x00000040   Code   RO         1086    i.SDMMC_GetCmdResp3  stm32f4xx_ll_sdmmc.o
    0x08001cd8   0x08001cd8   0x00000084   Code   RO         1087    i.SDMMC_GetCmdResp6  stm32f4xx_ll_sdmmc.o
    0x08001d5c   0x08001d5c   0x000000d4   Code   RO         1342    i.SD_FindSCR        stm32f4xx_hal_sd.o
    0x08001e30   0x08001e30   0x000000e6   Code   RO         1343    i.SD_InitCard       stm32f4xx_hal_sd.o
    0x08001f16   0x08001f16   0x000000a2   Code   RO         1344    i.SD_PowerON        stm32f4xx_hal_sd.o
    0x08001fb8   0x08001fb8   0x0000004e   Code   RO         1346    i.SD_WideBus_Disable  stm32f4xx_hal_sd.o
    0x08002006   0x08002006   0x0000004e   Code   RO         1347    i.SD_WideBus_Enable  stm32f4xx_hal_sd.o
    0x08002054   0x08002054   0x00000008   Code   RO          446    i.StartDefaultTask  freertos.o
    0x0800205c   0x0800205c   0x00000004   Code   RO          627    i.SysTick_Handler   stm32f4xx_it.o
    0x08002060   0x08002060   0x000000a4   Code   RO          318    i.SystemClock_Config  main.o
    0x08002104   0x08002104   0x00000054   Code   RO          763    i.SystemInit        system_stm32f4xx.o
    0x08002158   0x08002158   0x0000000c   Code   RO          628    i.TIM7_IRQHandler   stm32f4xx_it.o
    0x08002164   0x08002164   0x000000c0   Code   RO         1631    i.TIM_Base_SetConfig  stm32f4xx_hal_tim.o
    0x08002224   0x08002224   0x00000010   Code   RO         2453    i.UART_DMAAbortOnError  stm32f4xx_hal_uart.o
    0x08002234   0x08002234   0x0000001c   Code   RO         2463    i.UART_EndRxTransfer  stm32f4xx_hal_uart.o
    0x08002250   0x08002250   0x0000008c   Code   RO         2465    i.UART_Receive_IT   stm32f4xx_hal_uart.o
    0x080022dc   0x080022dc   0x000002ac   Code   RO         2466    i.UART_SetConfig    stm32f4xx_hal_uart.o
    0x08002588   0x08002588   0x00000062   Code   RO         2467    i.UART_Transmit_IT  stm32f4xx_hal_uart.o
    0x080025ea   0x080025ea   0x00000002   PAD
    0x080025ec   0x080025ec   0x0000000c   Code   RO          629    i.USART1_IRQHandler  stm32f4xx_it.o
    0x080025f8   0x080025f8   0x00000002   Code   RO          630    i.UsageFault_Handler  stm32f4xx_it.o
    0x080025fa   0x080025fa   0x00000002   Code   RO          319    i._Error_Handler    main.o
    0x080025fc   0x080025fc   0x0000000e   Code   RO         4997    i.__scatterload_copy  mc_w.l(handlers.o)
    0x0800260a   0x0800260a   0x00000002   Code   RO         4998    i.__scatterload_null  mc_w.l(handlers.o)
    0x0800260c   0x0800260c   0x0000000e   Code   RO         4999    i.__scatterload_zeroinit  mc_w.l(handlers.o)
    0x0800261a   0x0800261a   0x00000002   PAD
    0x0800261c   0x0800261c   0x00000040   Code   RO          321    i.main              main.o
    0x0800265c   0x0800265c   0x0000000c   Code   RO         4586    i.makeFreeRtosPriority  cmsis_os.o
    0x08002668   0x08002668   0x0000000e   Code   RO         4588    i.osDelay           cmsis_os.o
    0x08002676   0x08002676   0x0000000a   Code   RO         4591    i.osKernelStart     cmsis_os.o
    0x08002680   0x08002680   0x00000014   Code   RO         4624    i.osSystickHandler  cmsis_os.o
    0x08002694   0x08002694   0x0000002e   Code   RO         4625    i.osThreadCreate    cmsis_os.o
    0x080026c2   0x080026c2   0x00000002   PAD
    0x080026c4   0x080026c4   0x00000070   Code   RO         4275    i.prvAddCurrentTaskToDelayedList  tasks.o
    0x08002734   0x08002734   0x000000d0   Code   RO         4276    i.prvAddNewTaskToReadyList  tasks.o
    0x08002804   0x08002804   0x00000050   Code   RO         4277    i.prvCheckTasksWaitingTermination  tasks.o
    0x08002854   0x08002854   0x00000014   Code   RO         4278    i.prvDeleteTCB      tasks.o
    0x08002868   0x08002868   0x0000004c   Code   RO         3786    i.prvHeapInit       heap_4.o
    0x080028b4   0x080028b4   0x00000028   Code   RO         4279    i.prvIdleTask       tasks.o
    0x080028dc   0x080028dc   0x0000008e   Code   RO         4280    i.prvInitialiseNewTask  tasks.o
    0x0800296a   0x0800296a   0x00000002   PAD
    0x0800296c   0x0800296c   0x0000004c   Code   RO         3787    i.prvInsertBlockIntoFreeList  heap_4.o
    0x080029b8   0x080029b8   0x00000020   Code   RO         4281    i.prvResetNextTaskUnblockTime  tasks.o
    0x080029d8   0x080029d8   0x00000028   Code   RO         3873    i.prvTaskExitError  port.o
    0x08002a00   0x08002a00   0x000000d8   Code   RO         3788    i.pvPortMalloc      heap_4.o
    0x08002ad8   0x08002ad8   0x0000002c   Code   RO         3874    i.pxPortInitialiseStack  port.o
    0x08002b04   0x08002b04   0x00000024   Code   RO         4074    i.uxListRemove      list.o
    0x08002b28   0x08002b28   0x00000016   Code   RO         4075    i.vListInitialise   list.o
    0x08002b3e   0x08002b3e   0x00000006   Code   RO         4076    i.vListInitialiseItem  list.o
    0x08002b44   0x08002b44   0x00000030   Code   RO         4077    i.vListInsert       list.o
    0x08002b74   0x08002b74   0x00000018   Code   RO         4078    i.vListInsertEnd    list.o
    0x08002b8c   0x08002b8c   0x00000040   Code   RO         3876    i.vPortEnterCritical  port.o
    0x08002bcc   0x08002bcc   0x00000028   Code   RO         3877    i.vPortExitCritical  port.o
    0x08002bf4   0x08002bf4   0x0000005c   Code   RO         3789    i.vPortFree         heap_4.o
    0x08002c50   0x08002c50   0x00000020   Code   RO         3878    i.vPortSetupTimerInterrupt  port.o
    0x08002c70   0x08002c70   0x0000004c   Code   RO         4289    i.vTaskDelay        tasks.o
    0x08002cbc   0x08002cbc   0x00000068   Code   RO         4300    i.vTaskStartScheduler  tasks.o
    0x08002d24   0x08002d24   0x00000010   Code   RO         4302    i.vTaskSuspendAll   tasks.o
    0x08002d34   0x08002d34   0x0000005c   Code   RO         4303    i.vTaskSwitchContext  tasks.o
    0x08002d90   0x08002d90   0x000000e0   Code   RO         3880    i.xPortStartScheduler  port.o
    0x08002e70   0x08002e70   0x0000002c   Code   RO         3881    i.xPortSysTickHandler  port.o
    0x08002e9c   0x08002e9c   0x00000056   Code   RO         4305    i.xTaskCreate       tasks.o
    0x08002ef2   0x08002ef2   0x00000002   PAD
    0x08002ef4   0x08002ef4   0x0000001c   Code   RO         4309    i.xTaskGetSchedulerState  tasks.o
    0x08002f10   0x08002f10   0x000000c8   Code   RO         4312    i.xTaskIncrementTick  tasks.o
    0x08002fd8   0x08002fd8   0x000000c4   Code   RO         4318    i.xTaskResumeAll    tasks.o
    0x0800309c   0x0800309c   0x00000014   Data   RO          447    .constdata          freertos.o
    0x080030b0   0x080030b0   0x00000010   Data   RO          764    .constdata          system_stm32f4xx.o
    0x080030c0   0x080030c0   0x00000008   Data   RO          765    .constdata          system_stm32f4xx.o
    0x080030c8   0x080030c8   0x0000000c   Data   RO          448    .conststring        freertos.o
    0x080030d4   0x080030d4   0x00000020   Data   RO         4995    Region$$Table       anon$$obj.o


    Execution Region RW_IRAM1 (Exec base: 0x20000000, Load base: 0x080030f4, Size: 0x00004f70, Max: 0x00020000, ABSOLUTE)

    Exec Addr    Load Addr    Size         Type   Attr      Idx    E Section Name        Object

    0x20000000   0x080030f4   0x00000004   Data   RW          449    .data               freertos.o
    0x20000004   0x080030f8   0x00000008   Data   RW          495    .data               fsmc.o
    0x2000000c   0x08003100   0x00000004   Data   RW          766    .data               system_stm32f4xx.o
    0x20000010   0x08003104   0x0000000c   Data   RW         3640    .data               stm32f4xx_hal.o
    0x2000001c   0x08003110   0x00000018   Data   RW         3794    .data               heap_4.o
    0x20000034   0x08003128   0x0000000c   Data   RW         3882    .data               port.o
    0x20000040   0x08003134   0x0000003c   Data   RW         4321    .data               tasks.o
    0x2000007c        -       0x00000050   Zero   RW          494    .bss                fsmc.o
    0x200000cc        -       0x00000084   Zero   RW          541    .bss                sdio.o
    0x20000150        -       0x00000040   Zero   RW          583    .bss                usart.o
    0x20000190        -       0x0000003c   Zero   RW          725    .bss                stm32f4xx_hal_timebase_tim.o
    0x200001cc        -       0x00003c00   Zero   RW         3793    .bss                heap_4.o
    0x20003dcc        -       0x000001a4   Zero   RW         4320    .bss                tasks.o
    0x20003f70        -       0x00001000   Zero   RW            1    STACK               startup_stm32f407xx.o



  Load Region LR$$.ARM.__AT_0x10000000 (Base: 0x10000000, Size: 0x00000000, Max: 0x0000f000, ABSOLUTE)

    Execution Region ER$$.ARM.__AT_0x10000000 (Exec base: 0x10000000, Load base: 0x10000000, Size: 0x0000f000, Max: 0x0000f000, ABSOLUTE, UNINIT)

    Exec Addr    Load Addr    Size         Type   Attr      Idx    E Section Name        Object

    0x10000000        -       0x0000f000   Zero   RW          243    .ARM.__AT_0x10000000  malloc.o



  Load Region LR$$.ARM.__AT_0x1000F000 (Base: 0x1000f000, Size: 0x00000000, Max: 0x00000f00, ABSOLUTE)

    Execution Region ER$$.ARM.__AT_0x1000F000 (Exec base: 0x1000f000, Load base: 0x1000f000, Size: 0x00000f00, Max: 0x00000f00, ABSOLUTE, UNINIT)

    Exec Addr    Load Addr    Size         Type   Attr      Idx    E Section Name        Object

    0x1000f000        -       0x00000f00   Zero   RW          244    .ARM.__AT_0x1000F000  malloc.o



  Load Region LR$$.ARM.__AT_0x68000000 (Base: 0x68000000, Size: 0x00000000, Max: 0x000f0000, ABSOLUTE)

    Execution Region ER$$.ARM.__AT_0x68000000 (Exec base: 0x68000000, Load base: 0x68000000, Size: 0x000f0000, Max: 0x000f0000, ABSOLUTE, UNINIT)

    Exec Addr    Load Addr    Size         Type   Attr      Idx    E Section Name        Object

    0x68000000        -       0x000f0000   Zero   RW          245    .ARM.__AT_0x68000000  malloc.o



  Load Region LR$$.ARM.__AT_0x680F0000 (Base: 0x680f0000, Size: 0x00000000, Max: 0x0000f000, ABSOLUTE)

    Execution Region ER$$.ARM.__AT_0x680F0000 (Exec base: 0x680f0000, Load base: 0x680f0000, Size: 0x0000f000, Max: 0x0000f000, ABSOLUTE, UNINIT)

    Exec Addr    Load Addr    Size         Type   Attr      Idx    E Section Name        Object

    0x680f0000        -       0x0000f000   Zero   RW          246    .ARM.__AT_0x680F0000  malloc.o


==============================================================================

Image component sizes


      Code (inc. data)   RO Data    RW Data    ZI Data      Debug   Object Name

       102          0          0          0          0      14076   cmsis_os.o
         0          0          0          0          0       8252   event_groups.o
        48         10         32          4          0       1718   freertos.o
       284         50          0          8         80       2139   fsmc.o
       184          8          0          0          0       1059   gpio.o
       460         24          0         24      15360       9383   heap_4.o
       136          0          0          0          0       4002   list.o
       250         22          0          0          0      24037   main.o
         0          0          0          0    1109760       2025   malloc.o
       674         74          0         12          0      11856   port.o
       188         40          0          0        132       1589   sdio.o
       120         26          0          0          0     716693   sram.o
        36          8        392          0       4096        824   startup_stm32f407xx.o
       116         18          0         12          0       4286   stm32f4xx_hal.o
       218         14          0          0          0      31729   stm32f4xx_hal_cortex.o
        36          0          0          0          0       1407   stm32f4xx_hal_dma.o
       442         44          0          0          0       2684   stm32f4xx_hal_gpio.o
       132          6          0          0          0        942   stm32f4xx_hal_msp.o
      1378        100          0          0          0       8720   stm32f4xx_hal_rcc.o
      1492          4          0          0          0       9056   stm32f4xx_hal_sd.o
        86          0          0          0          0       1400   stm32f4xx_hal_sram.o
       638         44          0          0          0       7774   stm32f4xx_hal_tim.o
         4          0          0          0          0       1866   stm32f4xx_hal_tim_ex.o
       116         16          0          0         60       1472   stm32f4xx_hal_timebase_tim.o
      1342         14          0          0          0       8251   stm32f4xx_hal_uart.o
        42         12          0          0          0       4001   stm32f4xx_it.o
       216         12          0          0          0       3031   stm32f4xx_ll_fsmc.o
      1318         36          0          0          0      19140   stm32f4xx_ll_sdmmc.o
        84         18         24          4          0       1179   system_stm32f4xx.o
      1432        126          0         60        420      17531   tasks.o
       168         36          0          0         64       1602   usart.o

    ----------------------------------------------------------------------
     11768        762        480        124    1129972     923724   Object Totals
         0          0         32          0          0          0   (incl. Generated)
        26          0          0          0          0          0   (incl. Padding)

    ----------------------------------------------------------------------

      Code (inc. data)   RO Data    RW Data    ZI Data      Debug   Library Member Name

         0          0          0          0          0          0   entry.o
         0          0          0          0          0          0   entry10a.o
         0          0          0          0          0          0   entry11a.o
         8          4          0          0          0          0   entry2.o
         4          0          0          0          0          0   entry5.o
         0          0          0          0          0          0   entry7b.o
         0          0          0          0          0          0   entry8b.o
         8          4          0          0          0          0   entry9a.o
        30          0          0          0          0          0   handlers.o
        36          8          0          0          0         68   init.o
        30          0          0          0          0         68   llshl.o
        32          0          0          0          0         68   llushr.o
        36          0          0          0          0         68   memcpya.o
        98          0          0          0          0         92   uldiv.o

    ----------------------------------------------------------------------
       284         16          0          0          0        364   Library Totals
         2          0          0          0          0          0   (incl. Padding)

    ----------------------------------------------------------------------

      Code (inc. data)   RO Data    RW Data    ZI Data      Debug   Library Name

       282         16          0          0          0        364   mc_w.l

    ----------------------------------------------------------------------
       284         16          0          0          0        364   Library Totals

    ----------------------------------------------------------------------

==============================================================================


      Code (inc. data)   RO Data    RW Data    ZI Data      Debug   

     12052        778        480        124    1129972     910688   Grand Totals
     12052        778        480        124    1129972     910688   ELF Image Totals
     12052        778        480        124          0          0   ROM Totals

==============================================================================

    Total RO  Size (Code + RO Data)                12532 (  12.24kB)
    Total RW  Size (RW Data + ZI Data)           1130096 (1103.61kB)
    Total ROM Size (Code + RO Data + RW Data)      12656 (  12.36kB)

==============================================================================

